Component: ARM Compiler 5.05 update 1 (build 106) Tool: armlink [4d0efa]

==============================================================================

Section Cross References

    main.o(.text) refers to _printf_percent.o(.ARM.Collect$$_printf_percent$$00000000) for _printf_percent
    main.o(.text) refers to _printf_s.o(.ARM.Collect$$_printf_percent$$00000014) for _printf_s
    main.o(.text) refers to _printf_str.o(.text) for _printf_str
    main.o(.text) refers to queue.o(.text) for xQueueGenericReceive
    main.o(.text) refers to my_control.o(.text) for my_set_label_text
    main.o(.text) refers to rt_memclr.o(.text) for __aeabi_memclr
    main.o(.text) refers to port.o(.text) for vPortEnterCritical
    main.o(.text) refers to tasks.o(.text) for vTaskDelete
    main.o(.text) refers to noretval__2printf.o(.text) for __2printf
    main.o(.text) refers to lv_task.o(.text) for lv_task_handler
    main.o(.text) refers to misc.o(.text) for NVIC_PriorityGroupConfig
    main.o(.text) refers to delay.o(.text) for delay_init
    main.o(.text) refers to usart.o(.text) for uart_init
    main.o(.text) refers to tim3.o(.text) for TIM3_Init
    main.o(.text) refers to led.o(.text) for LED_Init
    main.o(.text) refers to my_lcd.o(.text) for LCD_Init
    main.o(.text) refers to key.o(.text) for KEY_Init
    main.o(.text) refers to extend_sram.o(.text) for FSMC_SRAM_Init
    main.o(.text) refers to sdio_sdcard.o(.text) for SD_Init
    main.o(.text) refers to lv_obj.o(.text) for lv_init
    main.o(.text) refers to lv_port_disp.o(.text) for lv_port_disp_init
    main.o(.text) refers to lv_port_indev.o(.text) for lv_port_indev_init
    main.o(.text) refers to lv_port_fs.o(.text) for lv_port_fs_init
    main.o(.text) refers to lv_fs.o(.text) for lv_fs_open
    main.o(.text) refers to main.o(.data) for USART_Semaphore
    main.o(.text) refers to usart.o(.bss) for USART_RX_BUF
    main.o(.text) refers to usart.o(.data) for USART_RX_STA
    main.o(.text) refers to main.o(.bss) for taskListBuf
    main.o(.text) refers to touch.o(.data) for tp_dev
    main.o(.text) refers to malloc.o(.data) for mallco_dev
    main.o(.text) refers to my_lcd.o(.data) for BACK_COLOR
    system_stm32f4xx.o(.text) refers to system_stm32f4xx.o(.data) for SystemCoreClock
    startup_stm32f40_41xxx.o(STACK) refers (Special) to heapauxi.o(.text) for __use_two_region_memory
    startup_stm32f40_41xxx.o(HEAP) refers (Special) to heapauxi.o(.text) for __use_two_region_memory
    startup_stm32f40_41xxx.o(RESET) refers (Special) to heapauxi.o(.text) for __use_two_region_memory
    startup_stm32f40_41xxx.o(RESET) refers to startup_stm32f40_41xxx.o(STACK) for __initial_sp
    startup_stm32f40_41xxx.o(RESET) refers to startup_stm32f40_41xxx.o(.text) for Reset_Handler
    startup_stm32f40_41xxx.o(RESET) refers to stm32f4xx_it.o(.text) for NMI_Handler
    startup_stm32f40_41xxx.o(RESET) refers to port.o(.emb_text) for SVC_Handler
    startup_stm32f40_41xxx.o(RESET) refers to delay.o(.text) for SysTick_Handler
    startup_stm32f40_41xxx.o(RESET) refers to tim3.o(.text) for TIM3_IRQHandler
    startup_stm32f40_41xxx.o(RESET) refers to usart.o(.text) for USART1_IRQHandler
    startup_stm32f40_41xxx.o(RESET) refers to sdio_sdcard.o(.text) for SDIO_IRQHandler
    startup_stm32f40_41xxx.o(.text) refers (Special) to heapauxi.o(.text) for __use_two_region_memory
    startup_stm32f40_41xxx.o(.text) refers to system_stm32f4xx.o(.text) for SystemInit
    startup_stm32f40_41xxx.o(.text) refers to __main.o(!!!main) for __main
    startup_stm32f40_41xxx.o(.text) refers to startup_stm32f40_41xxx.o(HEAP) for Heap_Mem
    startup_stm32f40_41xxx.o(.text) refers to startup_stm32f40_41xxx.o(STACK) for Stack_Mem
    stm32f4xx_gpio.o(.text) refers to stm32f4xx_rcc.o(.text) for RCC_AHB1PeriphResetCmd
    stm32f4xx_fsmc.o(.text) refers to stm32f4xx_fsmc.o(.constdata) for FSMC_DefaultTimingStruct
    stm32f4xx_rcc.o(.text) refers to stm32f4xx_rcc.o(.data) for APBAHBPrescTable
    stm32f4xx_syscfg.o(.text) refers to stm32f4xx_rcc.o(.text) for RCC_APB2PeriphResetCmd
    stm32f4xx_usart.o(.text) refers to stm32f4xx_rcc.o(.text) for RCC_APB2PeriphResetCmd
    stm32f4xx_tim.o(.text) refers to stm32f4xx_rcc.o(.text) for RCC_APB2PeriphResetCmd
    stm32f4xx_sdio.o(.text) refers to stm32f4xx_rcc.o(.text) for RCC_APB2PeriphResetCmd
    delay.o(.text) refers to tasks.o(.text) for xTaskGetSchedulerState
    delay.o(.text) refers to port.o(.text) for xPortSysTickHandler
    delay.o(.text) refers to misc.o(.text) for SysTick_CLKSourceConfig
    delay.o(.text) refers to delay.o(.data) for fac_us
    usart.o(.rev16_text) refers (Special) to use_no_semi_2.o(.text) for __use_no_semihosting
    usart.o(.revsh_text) refers (Special) to use_no_semi_2.o(.text) for __use_no_semihosting
    usart.o(.text) refers (Special) to use_no_semi_2.o(.text) for __use_no_semihosting
    usart.o(.text) refers to stm32f4xx_rcc.o(.text) for RCC_AHB1PeriphClockCmd
[...]
    _lv_ll_get_len                           0x0801d34f   Thumb Code    36  lv_ll.o(.text)
    _lv_ll_move_before                       0x0801d373   Thumb Code   106  lv_ll.o(.text)
    _lv_ll_is_empty                          0x0801d3dd   Thumb Code    24  lv_ll.o(.text)
    _lv_trigo_sin                            0x0801d3f5   Thumb Code   106  lv_math.o(.text)
    _lv_bezier3                              0x0801d45f   Thumb Code    94  lv_math.o(.text)
    _lv_sqrt                                 0x0801d4bd   Thumb Code    40  lv_math.o(.text)
    _lv_atan2                                0x0801d4e5   Thumb Code   190  lv_math.o(.text)
    _lv_pow                                  0x0801d5a3   Thumb Code    58  lv_math.o(.text)
    _lv_map                                  0x0801d5dd   Thumb Code    38  lv_math.o(.text)
    _lv_mem_init                             0x0801d609   Thumb Code    32  lv_mem.o(.text)
    _lv_mem_deinit                           0x0801d629   Thumb Code    26  lv_mem.o(.text)
    lv_mem_alloc                             0x0801d6e3   Thumb Code    90  lv_mem.o(.text)
    lv_mem_defrag                            0x0801d73d   Thumb Code   110  lv_mem.o(.text)
    lv_mem_free                              0x0801d7ab   Thumb Code   118  lv_mem.o(.text)
    _lv_memcpy                               0x0801d821   Thumb Code   654  lv_mem.o(.text)
    _lv_mem_get_size                         0x0801daaf   Thumb Code    26  lv_mem.o(.text)
    lv_mem_realloc                           0x0801dac9   Thumb Code   120  lv_mem.o(.text)
    lv_mem_test                              0x0801db41   Thumb Code    70  lv_mem.o(.text)
    _lv_memset                               0x0801db87   Thumb Code   116  lv_mem.o(.text)
    lv_mem_monitor                           0x0801dbfb   Thumb Code   148  lv_mem.o(.text)
    _lv_mem_buf_get                          0x0801dc8f   Thumb Code   290  lv_mem.o(.text)
    _lv_mem_buf_release                      0x0801ddb1   Thumb Code    74  lv_mem.o(.text)
    _lv_mem_buf_free_all                     0x0801ddfb   Thumb Code    78  lv_mem.o(.text)
    _lv_memset_00                            0x0801de49   Thumb Code   182  lv_mem.o(.text)
    _lv_memset_ff                            0x0801deff   Thumb Code   114  lv_mem.o(.text)
    lv_snprintf                              0x0801e837   Thumb Code    42  lv_printf.o(.text)
    lv_vsnprintf                             0x0801e861   Thumb Code    30  lv_printf.o(.text)
    lv_task_enable                           0x0801e8a1   Thumb Code     6  lv_task.o(.text)
    _lv_task_core_init                       0x0801e8a7   Thumb Code    18  lv_task.o(.text)
    lv_task_del                              0x0801e8d5   Thumb Code    40  lv_task.o(.text)
    lv_task_handler                          0x0801e93d   Thumb Code   426  lv_task.o(.text)
    lv_task_create                           0x0801eae7   Thumb Code   220  lv_task.o(.text)
    lv_task_create_basic                     0x0801ebc3   Thumb Code    18  lv_task.o(.text)
    lv_task_set_cb                           0x0801ebd5   Thumb Code     4  lv_task.o(.text)
    lv_task_set_prio                         0x0801ebd9   Thumb Code    94  lv_task.o(.text)
    lv_task_set_period                       0x0801ec37   Thumb Code     4  lv_task.o(.text)
    lv_task_ready                            0x0801ec3b   Thumb Code    18  lv_task.o(.text)
    lv_task_set_repeat_count                 0x0801ec4d   Thumb Code     4  lv_task.o(.text)
    lv_task_reset                            0x0801ec51   Thumb Code    12  lv_task.o(.text)
    lv_task_get_idle                         0x0801ec5d   Thumb Code     6  lv_task.o(.text)
    lv_task_get_next                         0x0801ec63   Thumb Code    24  lv_task.o(.text)
    _lv_txt_is_cmd                           0x0801eccd   Thumb Code    66  lv_txt.o(.text)
    _lv_txt_get_width                        0x0801ed0f   Thumb Code   148  lv_txt.o(.text)
    _lv_txt_get_next_line                    0x0801eee9   Thumb Code   240  lv_txt.o(.text)
    _lv_txt_get_size                         0x0801efd9   Thumb Code   240  lv_txt.o(.text)
    _lv_txt_ins                              0x0801f0c9   Thumb Code    80  lv_txt.o(.text)
    _lv_txt_cut                              0x0801f119   Thumb Code    66  lv_txt.o(.text)
    _lv_txt_set_text_vfmt                    0x0801f15b   Thumb Code    92  lv_txt.o(.text)
    _lv_utils_num_to_str                     0x0801f51d   Thumb Code   128  lv_utils.o(.text)
    _lv_utils_bsearch                        0x0801f59d   Thumb Code    84  lv_utils.o(.text)
    lv_theme_set_act                         0x0801f5f1   Thumb Code     6  lv_theme.o(.text)
    lv_theme_get_act                         0x0801f5f7   Thumb Code     6  lv_theme.o(.text)
    lv_theme_apply                           0x0801f98d   Thumb Code    28  lv_theme.o(.text)
    lv_theme_copy                            0x0801f9a9   Thumb Code    64  lv_theme.o(.text)
    lv_theme_set_base                        0x0801f9e9   Thumb Code     4  lv_theme.o(.text)
    lv_theme_set_apply_cb                    0x0801f9ed   Thumb Code     4  lv_theme.o(.text)
    lv_theme_get_font_small                  0x0801f9f1   Thumb Code     8  lv_theme.o(.text)
    lv_theme_get_font_normal                 0x0801f9f9   Thumb Code     8  lv_theme.o(.text)
    lv_theme_get_font_subtitle               0x0801fa01   Thumb Code     8  lv_theme.o(.text)
    lv_theme_get_font_title                  0x0801fa09   Thumb Code     8  lv_theme.o(.text)
    lv_theme_get_color_primary               0x0801fa11   Thumb Code    18  lv_theme.o(.text)
    lv_theme_get_color_secondary             0x0801fa23   Thumb Code    18  lv_theme.o(.text)
    lv_theme_get_flags                       0x0801fa35   Thumb Code     8  lv_theme.o(.text)
    lv_theme_material_init                   0x08024b7f   Thumb Code   236  lv_theme_material.o(.text)
    lv_bar_set_value                         0x0802511f   Thumb Code   144  lv_bar.o(.text)
    lv_bar_create                            0x08025969   Thumb Code   318  lv_bar.o(.text)
    lv_bar_set_start_value                   0x08025aa7   Thumb Code   186  lv_bar.o(.text)
    lv_bar_get_type                          0x08025b61   Thumb Code    50  lv_bar.o(.text)
    lv_bar_set_range                         0x08025b93   Thumb Code   136  lv_bar.o(.text)
    lv_bar_set_type                          0x08025c1b   Thumb Code    70  lv_bar.o(.text)
    lv_bar_set_anim_time                     0x08025c61   Thumb Code    48  lv_bar.o(.text)
    lv_bar_get_value                         0x08025c91   Thumb Code    60  lv_bar.o(.text)
    lv_bar_get_start_value                   0x08025ccd   Thumb Code    78  lv_bar.o(.text)
    lv_bar_get_min_value                     0x08025d1b   Thumb Code    46  lv_bar.o(.text)
    lv_bar_get_max_value                     0x08025d49   Thumb Code    46  lv_bar.o(.text)
    lv_bar_get_anim_time                     0x08025d77   Thumb Code    46  lv_bar.o(.text)
    lv_btn_set_state                         0x08025e63   Thumb Code   150  lv_btn.o(.text)
    lv_btn_get_checkable                     0x08025ef9   Thumb Code    46  lv_btn.o(.text)
    lv_btn_create                            0x08026023   Thumb Code   234  lv_btn.o(.text)
    lv_btn_set_checkable                     0x0802610d   Thumb Code    44  lv_btn.o(.text)
    lv_btn_toggle                            0x08026139   Thumb Code    64  lv_btn.o(.text)
    lv_btn_get_state                         0x08026179   Thumb Code    94  lv_btn.o(.text)
    lv_btnmatrix_set_map                     0x080262ff   Thumb Code   748  lv_btnmatrix.o(.text)
    lv_btnmatrix_set_ctrl_map                0x080265eb   Thumb Code    62  lv_btnmatrix.o(.text)
    lv_btnmatrix_get_align                   0x08026665   Thumb Code    56  lv_btnmatrix.o(.text)
    lv_btnmatrix_clear_btn_ctrl              0x08026b4b   Thumb Code    82  lv_btnmatrix.o(.text)
    lv_btnmatrix_clear_btn_ctrl_all          0x08026b9d   Thumb Code    72  lv_btnmatrix.o(.text)
    lv_btnmatrix_set_btn_ctrl                0x08026be5   Thumb Code   106  lv_btnmatrix.o(.text)
    lv_btnmatrix_get_btn_ctrl                0x08026c4f   Thumb Code    76  lv_btnmatrix.o(.text)
    lv_btnmatrix_create                      0x080274f1   Thumb Code   282  lv_btnmatrix.o(.text)
    lv_btnmatrix_set_focused_btn             0x0802760b   Thumb Code    90  lv_btnmatrix.o(.text)
    lv_btnmatrix_set_recolor                 0x08027665   Thumb Code    56  lv_btnmatrix.o(.text)
    lv_btnmatrix_set_btn_ctrl_all            0x0802769d   Thumb Code    70  lv_btnmatrix.o(.text)
    lv_btnmatrix_set_btn_width               0x080276e3   Thumb Code   100  lv_btnmatrix.o(.text)
    lv_btnmatrix_set_one_check               0x08027747   Thumb Code    58  lv_btnmatrix.o(.text)
    lv_btnmatrix_set_align                   0x08027781   Thumb Code    70  lv_btnmatrix.o(.text)
    lv_btnmatrix_get_map_array               0x080277c7   Thumb Code    42  lv_btnmatrix.o(.text)
    lv_btnmatrix_get_recolor                 0x080277f1   Thumb Code    46  lv_btnmatrix.o(.text)
    lv_btnmatrix_get_active_btn              0x0802781f   Thumb Code    42  lv_btnmatrix.o(.text)
    lv_btnmatrix_get_btn_text                0x08027849   Thumb Code   108  lv_btnmatrix.o(.text)
    lv_btnmatrix_get_active_btn_text         0x080278b5   Thumb Code    62  lv_btnmatrix.o(.text)
    lv_btnmatrix_get_focused_btn             0x080278f3   Thumb Code    72  lv_btnmatrix.o(.text)
    lv_btnmatrix_get_one_check               0x0802793b   Thumb Code    46  lv_btnmatrix.o(.text)
    lv_cont_get_layout                       0x08027ee9   Thumb Code    46  lv_cont.o(.text)
    lv_cont_create                           0x08028671   Thumb Code   284  lv_cont.o(.text)
    lv_cont_set_layout                       0x0802878d   Thumb Code    76  lv_cont.o(.text)
    lv_cont_set_fit4                         0x080287d9   Thumb Code   146  lv_cont.o(.text)
    lv_cont_get_fit_left                     0x0802886b   Thumb Code    48  lv_cont.o(.text)
    lv_cont_get_fit_right                    0x0802889b   Thumb Code    46  lv_cont.o(.text)
    lv_cont_get_fit_top                      0x080288c9   Thumb Code    48  lv_cont.o(.text)
    lv_cont_get_fit_bottom                   0x080288f9   Thumb Code    48  lv_cont.o(.text)
    lv_img_get_auto_size                     0x080289f1   Thumb Code    46  lv_img.o(.text)
    lv_img_set_src                           0x08028a1f   Thumb Code   468  lv_img.o(.text)
    lv_img_create                            0x08029579   Thumb Code   362  lv_img.o(.text)
    lv_img_set_auto_size                     0x080296e3   Thumb Code    52  lv_img.o(.text)
    lv_img_set_offset_x                      0x08029717   Thumb Code    64  lv_img.o(.text)
    lv_img_set_offset_y                      0x08029757   Thumb Code    64  lv_img.o(.text)
    lv_img_set_pivot                         0x08029797   Thumb Code   284  lv_img.o(.text)
    lv_img_set_angle                         0x080298b3   Thumb Code   284  lv_img.o(.text)
    lv_img_set_zoom                          0x080299cf   Thumb Code   286  lv_img.o(.text)
    lv_img_set_antialias                     0x08029aed   Thumb Code    38  lv_img.o(.text)
    lv_img_get_src                           0x08029b13   Thumb Code    44  lv_img.o(.text)
    lv_img_get_file_name                     0x08029b3f   Thumb Code    60  lv_img.o(.text)
    lv_img_get_offset_x                      0x08029b7b   Thumb Code    46  lv_img.o(.text)
    lv_img_get_offset_y                      0x08029ba9   Thumb Code    46  lv_img.o(.text)
    lv_img_get_pivot                         0x08029bd7   Thumb Code    50  lv_img.o(.text)
    lv_img_get_angle                         0x08029c09   Thumb Code    44  lv_img.o(.text)
    lv_img_get_zoom                          0x08029c35   Thumb Code    44  lv_img.o(.text)
    lv_img_get_antialias                     0x08029c61   Thumb Code    48  lv_img.o(.text)
    lv_label_get_text                        0x08029dad   Thumb Code    42  lv_label.o(.text)
    lv_label_get_align                       0x08029dd7   Thumb Code    54  lv_label.o(.text)
    lv_label_get_letter_on                   0x08029e6b   Thumb Code   616  lv_label.o(.text)
    lv_label_refr_text                       0x0802a103   Thumb Code  1494  lv_label.o(.text)
    lv_label_set_text_static                 0x0802a6d9   Thumb Code    86  lv_label.o(.text)
    lv_label_set_text                        0x0802a72f   Thumb Code   252  lv_label.o(.text)
    lv_label_set_align                       0x0802a82b   Thumb Code    72  lv_label.o(.text)
    lv_label_get_recolor                     0x0802a873   Thumb Code    48  lv_label.o(.text)
    lv_label_set_recolor                     0x0802a8a3   Thumb Code    72  lv_label.o(.text)
    lv_label_get_long_mode                   0x0802a8eb   Thumb Code    48  lv_label.o(.text)
    lv_label_set_long_mode                   0x0802a9ab   Thumb Code   156  lv_label.o(.text)
    lv_label_get_style                       0x0802aa47   Thumb Code    18  lv_label.o(.text)
    lv_label_get_text_sel_end                0x0802ab53   Thumb Code    38  lv_label.o(.text)
    lv_label_get_text_sel_start              0x0802ab79   Thumb Code    92  lv_label.o(.text)
    lv_label_create                          0x0802ae4f   Thumb Code   490  lv_label.o(.text)
    lv_label_set_text_fmt                    0x0802b039   Thumb Code   150  lv_label.o(.text)
    lv_label_set_anim_speed                  0x0802b0cf   Thumb Code    82  lv_label.o(.text)
    lv_label_set_text_sel_start              0x0802b121   Thumb Code    36  lv_label.o(.text)
    lv_label_set_text_sel_end                0x0802b145   Thumb Code    36  lv_label.o(.text)
    lv_label_get_anim_speed                  0x0802b169   Thumb Code    44  lv_label.o(.text)
    lv_label_get_letter_pos                  0x0802b195   Thumb Code   572  lv_label.o(.text)
    lv_label_is_char_under_pos               0x0802b3d1   Thumb Code   550  lv_label.o(.text)
    lv_label_ins_text                        0x0802b5f7   Thumb Code   214  lv_label.o(.text)
    lv_label_cut_text                        0x0802b6cd   Thumb Code    90  lv_label.o(.text)
    lv_led_create                            0x0802b9bd   Thumb Code   204  lv_led.o(.text)
    lv_led_set_bright                        0x0802ba89   Thumb Code    72  lv_led.o(.text)
    lv_led_on                                0x0802bad1   Thumb Code    40  lv_led.o(.text)
    lv_led_off                               0x0802baf9   Thumb Code    40  lv_led.o(.text)
    lv_led_get_bright                        0x0802bb21   Thumb Code    42  lv_led.o(.text)
    lv_led_toggle                            0x0802bb4b   Thumb Code    58  lv_led.o(.text)
    lv_msgbox_get_anim_time                  0x0802bbbd   Thumb Code    42  lv_msgbox.o(.text)
    lv_msgbox_start_auto_close               0x0802bbf3   Thumb Code   250  lv_msgbox.o(.text)
    lv_msgbox_get_active_btn                 0x0802bced   Thumb Code    76  lv_msgbox.o(.text)
    lv_msgbox_create                         0x0802c0a3   Thumb Code   456  lv_msgbox.o(.text)
    lv_msgbox_add_btns                       0x0802c2b1   Thumb Code   182  lv_msgbox.o(.text)
    lv_msgbox_set_text                       0x0802c367   Thumb Code    86  lv_msgbox.o(.text)
    lv_msgbox_set_text_fmt                   0x0802c3bd   Thumb Code   142  lv_msgbox.o(.text)
    lv_msgbox_set_anim_time                  0x0802c44b   Thumb Code    46  lv_msgbox.o(.text)
    lv_msgbox_stop_auto_close                0x0802c479   Thumb Code    84  lv_msgbox.o(.text)
    lv_msgbox_set_recolor                    0x0802c4cd   Thumb Code    56  lv_msgbox.o(.text)
    lv_msgbox_get_text                       0x0802c505   Thumb Code    48  lv_msgbox.o(.text)
    lv_msgbox_get_active_btn_text            0x0802c535   Thumb Code    56  lv_msgbox.o(.text)
    lv_msgbox_get_recolor                    0x0802c56d   Thumb Code    56  lv_msgbox.o(.text)
    lv_msgbox_get_btnmatrix                  0x0802c5a5   Thumb Code    44  lv_msgbox.o(.text)
    lv_page_get_scrollable                   0x0802c637   Thumb Code    42  lv_page.o(.text)
    lv_page_set_scrollbar_mode               0x0802cb59   Thumb Code   178  lv_page.o(.text)
    lv_page_get_anim_time                    0x0802cee1   Thumb Code    44  lv_page.o(.text)
    lv_page_scroll_hor                       0x0802cf0d   Thumb Code    96  lv_page.o(.text)
    lv_page_scroll_ver                       0x0802cf6d   Thumb Code    96  lv_page.o(.text)
    lv_page_start_edge_flash                 0x0802d4ab   Thumb Code   238  lv_page.o(.text)
    lv_page_on_edge                          0x0802d709   Thumb Code   178  lv_page.o(.text)
    lv_page_create                           0x0802dbf9   Thumb Code   472  lv_page.o(.text)
    lv_page_clean                            0x0802ddd1   Thumb Code    46  lv_page.o(.text)
    lv_page_set_anim_time                    0x0802ddff   Thumb Code    44  lv_page.o(.text)
    lv_page_set_scroll_propagation           0x0802de2b   Thumb Code    66  lv_page.o(.text)
    lv_page_set_edge_flash                   0x0802de6d   Thumb Code    54  lv_page.o(.text)
    lv_page_get_scrollbar_mode               0x0802dea3   Thumb Code    48  lv_page.o(.text)
    lv_page_get_scroll_propagation           0x0802ded3   Thumb Code    48  lv_page.o(.text)
    lv_page_get_edge_flash                   0x0802df03   Thumb Code    48  lv_page.o(.text)
    lv_page_get_width_fit                    0x0802df33   Thumb Code   104  lv_page.o(.text)
    lv_page_get_height_fit                   0x0802df9b   Thumb Code   150  lv_page.o(.text)
    lv_page_get_width_grid                   0x0802e031   Thumb Code    58  lv_page.o(.text)
    lv_page_get_height_grid                  0x0802e06b   Thumb Code    58  lv_page.o(.text)
    lv_page_glue_obj                         0x0802e0a5   Thumb Code    24  lv_page.o(.text)
    lv_page_focus                            0x0802e0bd   Thumb Code   588  lv_page.o(.text)
    lv_switch_off                            0x0802e51d   Thumb Code    64  lv_switch.o(.text)
    lv_switch_on                             0x0802e55d   Thumb Code    66  lv_switch.o(.text)
    lv_switch_create                         0x0802e799   Thumb Code   408  lv_switch.o(.text)
    lv_switch_toggle                         0x0802e931   Thumb Code    68  lv_switch.o(.text)
    lv_win_create                            0x0802ef79   Thumb Code   572  lv_win.o(.text)
    lv_win_clean                             0x0802f1b5   Thumb Code    56  lv_win.o(.text)
    lv_win_add_btn_right                     0x0802f2af   Thumb Code   102  lv_win.o(.text)
    lv_win_add_btn_left                      0x0802f315   Thumb Code   144  lv_win.o(.text)
    lv_win_get_from_btn                      0x0802f3a5   Thumb Code    52  lv_win.o(.text)
    lv_win_close_event_cb                    0x0802f3d9   Thumb Code    56  lv_win.o(.text)
    lv_win_set_title                         0x0802f411   Thumb Code   146  lv_win.o(.text)
    lv_win_set_header_height                 0x0802f4a3   Thumb Code    58  lv_win.o(.text)
    lv_win_set_btn_width                     0x0802f4dd   Thumb Code    52  lv_win.o(.text)
    lv_win_set_content_size                  0x0802f511   Thumb Code    70  lv_win.o(.text)
    lv_win_set_layout                        0x0802f557   Thumb Code    66  lv_win.o(.text)
    lv_win_set_scrollbar_mode                0x0802f599   Thumb Code    52  lv_win.o(.text)
    lv_win_get_content                       0x0802f5cd   Thumb Code    44  lv_win.o(.text)
    lv_win_set_anim_time                     0x0802f5f9   Thumb Code    50  lv_win.o(.text)
    lv_win_set_drag                          0x0802f62b   Thumb Code    66  lv_win.o(.text)
    lv_win_title_set_alignment               0x0802f66d   Thumb Code    18  lv_win.o(.text)
    lv_win_get_title                         0x0802f67f   Thumb Code    44  lv_win.o(.text)
    lv_win_get_header_height                 0x0802f6ab   Thumb Code    48  lv_win.o(.text)
    lv_win_get_btn_width                     0x0802f6db   Thumb Code    46  lv_win.o(.text)
    lv_win_get_layout                        0x0802f709   Thumb Code    60  lv_win.o(.text)
    lv_win_get_sb_mode                       0x0802f745   Thumb Code    48  lv_win.o(.text)
    lv_win_get_anim_time                     0x0802f775   Thumb Code    46  lv_win.o(.text)
    lv_win_get_width                         0x0802f7a3   Thumb Code    86  lv_win.o(.text)
    lv_win_title_get_alignment               0x0802f7f9   Thumb Code    16  lv_win.o(.text)
    lv_win_focus                             0x0802f809   Thumb Code    88  lv_win.o(.text)
    lv_port_disp_init                        0x0802f8c1   Thumb Code    66  lv_port_disp.o(.text)
    lv_port_indev_init                       0x0802fa55   Thumb Code   202  lv_port_indev.o(.text)
    lv_port_fs_init                          0x0802fde1   Thumb Code   100  lv_port_fs.o(.text)
    my_control_test                          0x08030409   Thumb Code    50  my_control.o(.text)
    my_set_label_text                        0x0803043b   Thumb Code    16  my_control.o(.text)
    vListInitialise                          0x080304b9   Thumb Code    26  list.o(.text)
    vListInitialiseItem                      0x080304d3   Thumb Code     6  list.o(.text)
    vListInsertEnd                           0x080304d9   Thumb Code    24  list.o(.text)
    vListInsert                              0x080304f1   Thumb Code    52  list.o(.text)
    uxListRemove                             0x08030525   Thumb Code    40  list.o(.text)
    configTimerForRunTimeStats               0x0803054d   Thumb Code    20  myextend.o(.text)
    xQueueGenericReset                       0x08030565   Thumb Code   136  queue.o(.text)
    xQueueGenericCreate                      0x0803061b   Thumb Code    78  queue.o(.text)
    xQueueGenericSend                        0x08030811   Thumb Code   456  queue.o(.text)
    xQueueCreateMutex                        0x080309f5   Thumb Code    34  queue.o(.text)
    xQueueGiveMutexRecursive                 0x08030a17   Thumb Code    66  queue.o(.text)
    xQueueGenericReceive                     0x08030a9d   Thumb Code   428  queue.o(.text)
    xQueueTakeMutexRecursive                 0x08030c49   Thumb Code    76  queue.o(.text)
    xQueueCreateCountingSemaphore            0x08030c95   Thumb Code    80  queue.o(.text)
    xQueueGenericSendFromISR                 0x08030ce5   Thumb Code   252  queue.o(.text)
    xQueueGiveFromISR                        0x08030de1   Thumb Code   228  queue.o(.text)
    xQueueReceiveFromISR                     0x08030ec5   Thumb Code   190  queue.o(.text)
    xQueuePeekFromISR                        0x08030f83   Thumb Code   158  queue.o(.text)
    uxQueueMessagesWaiting                   0x08031021   Thumb Code    36  queue.o(.text)
    uxQueueSpacesAvailable                   0x08031045   Thumb Code    42  queue.o(.text)
    uxQueueMessagesWaitingFromISR            0x0803106f   Thumb Code    28  queue.o(.text)
    vQueueUnregisterQueue                    0x0803108b   Thumb Code    44  queue.o(.text)
    vQueueDelete                             0x080310b7   Thumb Code    38  queue.o(.text)
    uxQueueGetQueueNumber                    0x080310dd   Thumb Code     6  queue.o(.text)
    vQueueSetQueueNumber                     0x080310e3   Thumb Code     4  queue.o(.text)
    ucQueueGetQueueType                      0x080310e7   Thumb Code     8  queue.o(.text)
    xQueueIsQueueEmptyFromISR                0x080310ef   Thumb Code    36  queue.o(.text)
    xQueueIsQueueFullFromISR                 0x08031113   Thumb Code    40  queue.o(.text)
    vQueueAddToRegistry                      0x0803113b   Thumb Code    38  queue.o(.text)
    pcQueueGetName                           0x08031161   Thumb Code    38  queue.o(.text)
    vQueueWaitForMessageRestricted           0x08031187   Thumb Code    74  queue.o(.text)
    xQueueCreateSet                          0x080311d1   Thumb Code    20  queue.o(.text)
    xQueueAddToSet                           0x080311e5   Thumb Code    38  queue.o(.text)
    xQueueRemoveFromSet                      0x0803120b   Thumb Code    48  queue.o(.text)
    xQueueSelectFromSet                      0x0803123b   Thumb Code    26  queue.o(.text)
    xQueueSelectFromSetFromISR               0x08031255   Thumb Code    22  queue.o(.text)
    xTaskCreate                              0x080313ff   Thumb Code    96  tasks.o(.text)
    vTaskDelete                              0x0803149b   Thumb Code   192  tasks.o(.text)
    xTaskIncrementTick                       0x0803155b   Thumb Code   384  tasks.o(.text)
    xTaskResumeAll                           0x080316db   Thumb Code   218  tasks.o(.text)
    vTaskSuspendAll                          0x08031831   Thumb Code    12  tasks.o(.text)
    vTaskDelayUntil                          0x0803183d   Thumb Code   182  tasks.o(.text)
    vTaskDelay                               0x080318f3   Thumb Code    76  tasks.o(.text)
    eTaskGetState                            0x0803193f   Thumb Code   106  tasks.o(.text)
    uxTaskPriorityGet                        0x080319a9   Thumb Code    30  tasks.o(.text)
    uxTaskPriorityGetFromISR                 0x080319c7   Thumb Code    62  tasks.o(.text)
    vTaskPrioritySet                         0x08031a05   Thumb Code   314  tasks.o(.text)
    vTaskSwitchContext                       0x08031b3f   Thumb Code   168  tasks.o(.text)
    vTaskSuspend                             0x08031be7   Thumb Code   190  tasks.o(.text)
    vTaskResume                              0x08031cf1   Thumb Code   122  tasks.o(.text)
    xTaskResumeFromISR                       0x08031d6b   Thumb Code   152  tasks.o(.text)
    vTaskStartScheduler                      0x08031e79   Thumb Code   202  tasks.o(.text)
    vTaskEndScheduler                        0x08031f43   Thumb Code    32  tasks.o(.text)
    xTaskGetTickCount                        0x08031f63   Thumb Code     6  tasks.o(.text)
    xTaskGetTickCountFromISR                 0x08031f69   Thumb Code    16  tasks.o(.text)
    uxTaskGetNumberOfTasks                   0x08031f79   Thumb Code     6  tasks.o(.text)
    pcTaskGetName                            0x08031f7f   Thumb Code    40  tasks.o(.text)
    vTaskGetInfo                             0x08031fbd   Thumb Code   114  tasks.o(.text)
    uxTaskGetSystemState                     0x08032099   Thumb Code   156  tasks.o(.text)
    vTaskPlaceOnEventList                    0x08032135   Thumb Code    46  tasks.o(.text)
    vTaskPlaceOnUnorderedEventList           0x08032163   Thumb Code    88  tasks.o(.text)
    vTaskPlaceOnEventListRestricted          0x080321bb   Thumb Code    54  tasks.o(.text)
    xTaskRemoveFromEventList                 0x080321f1   Thumb Code   122  tasks.o(.text)
    xTaskRemoveFromUnorderedEventList        0x0803226b   Thumb Code   142  tasks.o(.text)
    vTaskSetTimeOutState                     0x080322f9   Thumb Code    36  tasks.o(.text)
    xTaskCheckForTimeOut                     0x0803231d   Thumb Code   186  tasks.o(.text)
    vTaskMissedYield                         0x080323d7   Thumb Code     8  tasks.o(.text)
    uxTaskGetTaskNumber                      0x080323df   Thumb Code    14  tasks.o(.text)
    vTaskSetTaskNumber                       0x080323ed   Thumb Code     8  tasks.o(.text)
    xTaskGetCurrentTaskHandle                0x080323f5   Thumb Code     6  tasks.o(.text)
    xTaskGetSchedulerState                   0x080323fb   Thumb Code    24  tasks.o(.text)
    vTaskPriorityInherit                     0x08032413   Thumb Code   164  tasks.o(.text)
    xTaskPriorityDisinherit                  0x080324b7   Thumb Code   176  tasks.o(.text)
    vTaskList                                0x08032591   Thumb Code   204  tasks.o(.text)
    vTaskGetRunTimeStats                     0x0803265d   Thumb Code   182  tasks.o(.text)
    uxTaskResetEventItemValue                0x08032713   Thumb Code    24  tasks.o(.text)
    pvTaskIncrementMutexHeldCount            0x0803272b   Thumb Code    26  tasks.o(.text)
    ulTaskNotifyTake                         0x08032745   Thumb Code   190  tasks.o(.text)
    xTaskNotifyWait                          0x08032803   Thumb Code   150  tasks.o(.text)
    xTaskGenericNotify                       0x08032899   Thumb Code   226  tasks.o(.text)
    xTaskGenericNotifyFromISR                0x0803297b   Thumb Code   282  tasks.o(.text)
    vTaskNotifyGiveFromISR                   0x08032a95   Thumb Code   200  tasks.o(.text)
    xTaskNotifyStateClear                    0x08032b5d   Thumb Code    48  tasks.o(.text)
    xTimerGenericCommand                     0x08032bfd   Thumb Code   118  timers.o(.text)
    xTimerCreateTimerTask                    0x08032f65   Thumb Code    56  timers.o(.text)
    xTimerCreate                             0x08033043   Thumb Code    48  timers.o(.text)
    xTimerGetTimerDaemonTaskHandle           0x08033073   Thumb Code    38  timers.o(.text)
    xTimerGetPeriod                          0x08033099   Thumb Code    28  timers.o(.text)
    xTimerGetExpiryTime                      0x080330b5   Thumb Code    30  timers.o(.text)
    pcTimerGetName                           0x080330d3   Thumb Code    28  timers.o(.text)
    xTimerIsTimerActive                      0x080330ef   Thumb Code    50  timers.o(.text)
    pvTimerGetTimerID                        0x08033121   Thumb Code    38  timers.o(.text)
    vTimerSetTimerID                         0x08033147   Thumb Code    38  timers.o(.text)
    xTimerPendFunctionCallFromISR            0x0803316d   Thumb Code    48  timers.o(.text)
    xTimerPendFunctionCall                   0x0803319d   Thumb Code    70  timers.o(.text)
    pvPortMalloc                             0x080332af   Thumb Code   262  heap_4.o(.text)
    vPortFree                                0x080333b5   Thumb Code   120  heap_4.o(.text)
    xPortGetFreeHeapSize                     0x0803342d   Thumb Code     6  heap_4.o(.text)
    xPortGetMinimumEverFreeHeapSize          0x08033433   Thumb Code     6  heap_4.o(.text)
    vPortInitialiseBlocks                    0x08033439   Thumb Code     2  heap_4.o(.text)
    pxPortInitialiseStack                    0x080334bf   Thumb Code    38  port.o(.text)
    vPortSetupTimerInterrupt                 0x080334e5   Thumb Code    26  port.o(.text)
    xPortStartScheduler                      0x080334ff   Thumb Code   258  port.o(.text)
    vPortEndScheduler                        0x08033601   Thumb Code    34  port.o(.text)
    vPortEnterCritical                       0x08033623   Thumb Code    70  port.o(.text)
    vPortExitCritical                        0x08033669   Thumb Code    48  port.o(.text)
    xPortSysTickHandler                      0x08033699   Thumb Code    48  port.o(.text)
    vPortValidateInterruptPriority           0x080336c9   Thumb Code    88  port.o(.text)
    disk_status                              0x08033781   Thumb Code     6  diskio.o(.text)
    disk_initialize                          0x08033787   Thumb Code    32  diskio.o(.text)
    disk_read                                0x080337a7   Thumb Code    86  diskio.o(.text)
    disk_write                               0x080337fd   Thumb Code    86  diskio.o(.text)
    disk_ioctl                               0x08033853   Thumb Code   102  diskio.o(.text)
    get_fattime                              0x080338b9   Thumb Code     4  diskio.o(.text)
    f_mount                                  0x08035141   Thumb Code    80  ff.o(.text)
    f_open                                   0x08035191   Thumb Code   546  ff.o(.text)
    f_read                                   0x080353b3   Thumb Code   428  ff.o(.text)
    f_write                                  0x0803555f   Thumb Code   494  ff.o(.text)
    f_sync                                   0x0803574d   Thumb Code   160  ff.o(.text)
    f_close                                  0x080357ed   Thumb Code    34  ff.o(.text)
    f_lseek                                  0x0803580f   Thumb Code   688  ff.o(.text)
    f_opendir                                0x08035abf   Thumb Code   138  ff.o(.text)
    f_closedir                               0x08035b49   Thumb Code    24  ff.o(.text)
    f_readdir                                0x08035b61   Thumb Code   104  ff.o(.text)
    f_stat                                   0x08035bc9   Thumb Code    88  ff.o(.text)
    f_getfree                                0x08035c21   Thumb Code   246  ff.o(.text)
    f_truncate                               0x08035d17   Thumb Code   178  ff.o(.text)
    f_unlink                                 0x08035dc9   Thumb Code   196  ff.o(.text)
    f_mkdir                                  0x08035e8d   Thumb Code   292  ff.o(.text)
    f_rename                                 0x08035fb1   Thumb Code   316  ff.o(.text)
    f_getlabel                               0x080360ed   Thumb Code   188  ff.o(.text)
    f_setlabel                               0x080361a9   Thumb Code   304  ff.o(.text)
    f_mkfs                                   0x08036435   Thumb Code  1878  ff.o(.text)
    f_gets                                   0x08036b8b   Thumb Code    80  ff.o(.text)
    f_putc                                   0x08036c5f   Thumb Code    34  ff.o(.text)
    f_puts                                   0x08036c81   Thumb Code    44  ff.o(.text)
    f_printf                                 0x08036cad   Thumb Code   624  ff.o(.text)
    ff_memalloc                              0x08036f1d   Thumb Code    14  ffsystem.o(.text)
    ff_memfree                               0x08036f2b   Thumb Code    14  ffsystem.o(.text)
    ff_uni2oem                               0x08036f39   Thumb Code   112  ffunicode.o(.text)
    ff_oem2uni                               0x08036fa9   Thumb Code   100  ffunicode.o(.text)
    ff_wtoupper                              0x0803700d   Thumb Code   166  ffunicode.o(.text)
    __use_no_semihosting                     0x080370c5   Thumb Code     2  use_no_semi_2.o(.text)
    __aeabi_uldivmod                         0x080370c7   Thumb Code     0  lludivv7m.o(.text)
    _ll_udiv                                 0x080370c7   Thumb Code   238  lludivv7m.o(.text)
    __aeabi_ldivmod                          0x080371b5   Thumb Code     0  llsdiv.o(.text)
    _ll_sdiv                                 0x080371b5   Thumb Code    72  llsdiv.o(.text)
    __2printf                                0x080371fd   Thumb Code    20  noretval__2printf.o(.text)
    __2sprintf                               0x08037215   Thumb Code    34  noretval__2sprintf.o(.text)
    __printf                                 0x0803723d   Thumb Code   104  __printf.o(.text)
    _printf_str                              0x080372a5   Thumb Code    82  _printf_str.o(.text)
    _printf_int_dec                          0x080372f9   Thumb Code   104  _printf_dec.o(.text)
    _printf_int_hex                          0x08037371   Thumb Code    84  _printf_hex_int.o(.text)
    _printf_longlong_hex                     0x08037371   Thumb Code     0  _printf_hex_int.o(.text)
    memcmp                                   0x080373c9   Thumb Code    88  memcmp.o(.text)
    strcpy                                   0x08037421   Thumb Code    72  strcpy.o(.text)
    strlen                                   0x08037469   Thumb Code    62  strlen.o(.text)
    __aeabi_memcpy                           0x080374a7   Thumb Code     0  rt_memcpy_v6.o(.text)
    __rt_memcpy                              0x080374a7   Thumb Code   138  rt_memcpy_v6.o(.text)
    _memcpy_lastbytes                        0x0803750d   Thumb Code     0  rt_memcpy_v6.o(.text)
    __aeabi_memcpy4                          0x08037531   Thumb Code     0  rt_memcpy_w.o(.text)
    __aeabi_memcpy8                          0x08037531   Thumb Code     0  rt_memcpy_w.o(.text)
    __rt_memcpy_w                            0x08037531   Thumb Code   100  rt_memcpy_w.o(.text)
    _memcpy_lastbytes_aligned                0x08037579   Thumb Code     0  rt_memcpy_w.o(.text)
    __aeabi_memset                           0x08037595   Thumb Code    16  aeabi_memset.o(.text)
    __aeabi_memclr                           0x080375a5   Thumb Code     0  rt_memclr.o(.text)
    __rt_memclr                              0x080375a5   Thumb Code    68  rt_memclr.o(.text)
    _memset                                  0x080375a9   Thumb Code     0  rt_memclr.o(.text)
    __aeabi_memclr4                          0x080375e9   Thumb Code     0  rt_memclr_w.o(.text)
    __aeabi_memclr8                          0x080375e9   Thumb Code     0  rt_memclr_w.o(.text)
    __rt_memclr_w                            0x080375e9   Thumb Code    78  rt_memclr_w.o(.text)
    _memset_w                                0x080375ed   Thumb Code     0  rt_memclr_w.o(.text)
    strcmp                                   0x08037639   Thumb Code   128  strcmpv7m.o(.text)
    __use_two_region_memory                  0x080376b9   Thumb Code     2  heapauxi.o(.text)
    __rt_heap_escrow$2region                 0x080376bb   Thumb Code     2  heapauxi.o(.text)
    __rt_heap_expand$2region                 0x080376bd   Thumb Code     2  heapauxi.o(.text)
    __I$use$semihosting                      0x080376bf   Thumb Code     0  use_no_semi.o(.text)
    __use_no_semihosting_swi                 0x080376bf   Thumb Code     2  use_no_semi.o(.text)
    __read_errno                             0x080376c1   Thumb Code    10  _rserrno.o(.text)
    __set_errno                              0x080376cb   Thumb Code    12  _rserrno.o(.text)
    _printf_int_common                       0x080376d7   Thumb Code   178  _printf_intcommon.o(.text)
    _printf_char_common                      0x08037793   Thumb Code    32  _printf_char_common.o(.text)
    _sputc                                   0x080377b9   Thumb Code    10  _sputc.o(.text)
    _printf_cs_common                        0x080377c3   Thumb Code    20  _printf_char.o(.text)
    _printf_char                             0x080377d7   Thumb Code    16  _printf_char.o(.text)
    _printf_string                           0x080377e7   Thumb Code     8  _printf_char.o(.text)
    _printf_char_file                        0x080377f1   Thumb Code    32  _printf_char_file.o(.text)
    __aeabi_errno_addr                       0x08037815   Thumb Code     8  rt_errno_addr_intlibspace.o(.text)
    __errno$intlibspace                      0x08037815   Thumb Code     0  rt_errno_addr_intlibspace.o(.text)
    __rt_errno_addr$intlibspace              0x08037815   Thumb Code     0  rt_errno_addr_intlibspace.o(.text)
    ferror                                   0x0803781d   Thumb Code     8  ferror.o(.text)
    __user_libspace                          0x08037825   Thumb Code     8  libspace.o(.text)
    __user_perproc_libspace                  0x08037825   Thumb Code     0  libspace.o(.text)
    __user_perthread_libspace                0x08037825   Thumb Code     0  libspace.o(.text)
    __user_setup_stackheap                   0x0803782d   Thumb Code    74  sys_stackheap_outer.o(.text)
    exit                                     0x08037877   Thumb Code    12  exit.o(.text)
    __hardfp_sqrt                            0x08037883   Thumb Code   122  sqrt.o(i.__hardfp_sqrt)
    __fpl_dcmp_Inf                           0x080378fd   Thumb Code    24  dcmpi.o(x$fpl$dcmpinf)
    __aeabi_d2uiz                            0x08037915   Thumb Code     0  dfixu.o(x$fpl$dfixu)
    _dfixu                                   0x08037915   Thumb Code    90  dfixu.o(x$fpl$dfixu)
    __aeabi_ui2d                             0x0803796f   Thumb Code     0  dflt_clz.o(x$fpl$dfltu)
    _dfltu                                   0x0803796f   Thumb Code    38  dflt_clz.o(x$fpl$dfltu)
    __aeabi_cdcmple                          0x08037995   Thumb Code     0  dleqf.o(x$fpl$dleqf)
    _dcmple                                  0x08037995   Thumb Code   120  dleqf.o(x$fpl$dleqf)
    __fpl_dcmple_InfNaN                      0x080379f7   Thumb Code     0  dleqf.o(x$fpl$dleqf)
    __aeabi_dmul                             0x08037a0d   Thumb Code     0  dmul.o(x$fpl$dmul)
    _dmul                                    0x08037a0d   Thumb Code   332  dmul.o(x$fpl$dmul)
    __fpl_dnaninf                            0x08037b61   Thumb Code   156  dnaninf.o(x$fpl$dnaninf)
    __fpl_dretinf                            0x08037bfd   Thumb Code    12  dretinf.o(x$fpl$dretinf)
    __aeabi_cdrcmple                         0x08037c09   Thumb Code     0  drleqf.o(x$fpl$drleqf)
    _drcmple                                 0x08037c09   Thumb Code   108  drleqf.o(x$fpl$drleqf)
    _dsqrt                                   0x08037c75   Thumb Code   404  dsqrt_umaal.o(x$fpl$dsqrt)
    __aeabi_f2d                              0x08037e0d   Thumb Code     0  f2d.o(x$fpl$f2d)
    _f2d                                     0x08037e0d   Thumb Code    86  f2d.o(x$fpl$f2d)
    __fpl_fnaninf                            0x08037e63   Thumb Code   140  fnaninf.o(x$fpl$fnaninf)
    _fp_init                                 0x08037eef   Thumb Code    10  fpinit.o(x$fpl$fpinit)
    __fplib_config_fpu_vfp                   0x08037ef7   Thumb Code     0  fpinit.o(x$fpl$fpinit)
    __fplib_config_pureend_doubles           0x08037ef7   Thumb Code     0  fpinit.o(x$fpl$fpinit)
    FSMC_DefaultTimingStruct                 0x08037ef8   Data          28  stm32f4xx_fsmc.o(.constdata)
    __I$use$fp                               0x08037ef8   Number         0  usenofp.o(x$fpl$usenofp)
    TP_REMIND_MSG_TBL                        0x08037f14   Data           4  touch.o(.constdata)
    asc2_1206                                0x08037f18   Data        1140  my_lcd.o(.constdata)
    asc2_1608                                0x0803838c   Data        1520  my_lcd.o(.constdata)
    asc2_2412                                0x0803897c   Data        3420  my_lcd.o(.constdata)
    LinXingYu                                0x080396d8   Data         224  my_lcd.o(.constdata)
    memtblsize                               0x080397b8   Data          12  malloc.o(.constdata)
    memblksize                               0x080397c4   Data          12  malloc.o(.constdata)
    memsize                                  0x080397d0   Data          12  malloc.o(.constdata)
    _lv_bpp1_opa_table                       0x080397ec   Data           2  lv_draw_label.o(.constdata)
    _lv_bpp2_opa_table                       0x080397ee   Data           4  lv_draw_label.o(.constdata)
    _lv_bpp3_opa_table                       0x080397f2   Data           8  lv_draw_label.o(.constdata)
    _lv_bpp4_opa_table                       0x080397fa   Data          16  lv_draw_label.o(.constdata)
    _lv_bpp8_opa_table                       0x0803980a   Data         256  lv_draw_label.o(.constdata)
    lv_anim_path_def                         0x0803cd44   Data           8  lv_anim.o(.constdata)
    LED_ICON_map                             0x0803ce7c   Data        7200  led_icon.o(.constdata)
    LED_ICON                                 0x0803ea9c   Data          12  led_icon.o(.constdata)
    Region$$Table$$Base                      0x080697f0   Number         0  anon$$obj.o(Region$$Table)
    Region$$Table$$Limit                     0x08069810   Number         0  anon$$obj.o(Region$$Table)
    mem3base                                 0x10000000   Data          32  malloc.o(.ARM.__AT_0x10000000)
    mem3mapbase                              0x10000020   Data           2  malloc.o(.ARM.__AT_0x10000020)
    USART_Semaphore                          0x20000010   Data           4  main.o(.data)
    StartTaskHandler                         0x20000014   Data           4  main.o(.data)
    LvglPeriodicTaskHandler                  0x20000018   Data           4  main.o(.data)
    statisticTaskHandler                     0x2000001c   Data           4  main.o(.data)
    myControlTaskHandler                     0x20000020   Data           4  main.o(.data)
    myLvglUsartTaskHandler                   0x20000024   Data           4  main.o(.data)
    SystemCoreClock                          0x20000028   Data           4  system_stm32f4xx.o(.data)
    AHBPrescTable                            0x2000002c   Data          16  system_stm32f4xx.o(.data)
    __stdout                                 0x20000050   Data           4  usart.o(.data)
    USART_RX_STA                             0x20000054   Data           2  usart.o(.data)
    tp_dev                                   0x20000060   Data          52  touch.o(.data)
    CMD_RDX                                  0x20000094   Data           1  touch.o(.data)
    CMD_RDY                                  0x20000095   Data           1  touch.o(.data)
    POINT_COLOR                              0x20000096   Data           2  my_lcd.o(.data)
    BACK_COLOR                               0x20000098   Data           2  my_lcd.o(.data)
    TransferError                            0x200000a6   Data           1  sdio_sdcard.o(.data)
    TransferEnd                              0x200000a7   Data           1  sdio_sdcard.o(.data)
    tempbuff                                 0x200000a8   Data           4  sdio_sdcard.o(.data)
    mem1mapbase                              0x200000ac   Data           2  malloc.o(.data)
    mallco_dev                               0x200000b0   Data          36  malloc.o(.data)
    lv_font_montserrat_14                    0x20000124   Data          20  lv_font_montserrat_14.o(.data)
    _lv_img_cache_array                      0x20000150   Data           4  lv_gc.o(.data)
    _lv_task_act                             0x20000154   Data           4  lv_gc.o(.data)
    _lv_theme_material_styles                0x20000158   Data           4  lv_gc.o(.data)
    _lv_theme_template_styles                0x2000015c   Data           4  lv_gc.o(.data)
    _lv_theme_mono_styles                    0x20000160   Data           4  lv_gc.o(.data)
    _lv_theme_empty_styles                   0x20000164   Data           4  lv_gc.o(.data)
    _lv_font_decompr_buf                     0x20000168   Data           4  lv_gc.o(.data)
    _lv_txt_encoded_size                     0x2000019c   Data           4  lv_txt.o(.data)
    _lv_txt_unicode_to_encoded               0x200001a0   Data           4  lv_txt.o(.data)
    _lv_txt_encoded_conv_wc                  0x200001a4   Data           4  lv_txt.o(.data)
    _lv_txt_encoded_next                     0x200001a8   Data           4  lv_txt.o(.data)
    _lv_txt_encoded_prev                     0x200001ac   Data           4  lv_txt.o(.data)
    _lv_txt_encoded_get_byte_id              0x200001b0   Data           4  lv_txt.o(.data)
    _lv_txt_encoded_get_char_id              0x200001b4   Data           4  lv_txt.o(.data)
    _lv_txt_get_encoded_length               0x200001b8   Data           4  lv_txt.o(.data)
    indev_touchpad                           0x20000230   Data           4  lv_port_indev.o(.data)
    indev_mouse                              0x20000234   Data           4  lv_port_indev.o(.data)
    indev_keypad                             0x20000238   Data           4  lv_port_indev.o(.data)
    indev_encoder                            0x2000023c   Data           4  lv_port_indev.o(.data)
    indev_button                             0x20000240   Data           4  lv_port_indev.o(.data)
    FreeRTOSRunTimeTicks                     0x20000288   Data           8  myextend.o(.data)
    pxCurrentTCB                             0x20000290   Data           4  tasks.o(.data)
    USART_RX_BUF                             0x200004a8   Data         200  usart.o(.bss)
    lcddev                                   0x20000570   Data          14  my_lcd.o(.bss)
    SDIO_InitStructure                       0x20000580   Data          24  sdio_sdcard.o(.bss)
    SDIO_CmdInitStructure                    0x20000598   Data          20  sdio_sdcard.o(.bss)
    SDIO_DataInitStructure                   0x200005ac   Data          24  sdio_sdcard.o(.bss)
    SDCardInfo                               0x200005e8   Data          88  sdio_sdcard.o(.bss)
    SDIO_DATA_BUFFER                         0x20000640   Data         512  sdio_sdcard.o(.bss)
    mem1base                                 0x20000840   Data          32  malloc.o(.bss)
    _lv_task_ll                              0x20000960   Data          12  lv_gc.o(.bss)
    _lv_disp_ll                              0x2000096c   Data          12  lv_gc.o(.bss)
    _lv_indev_ll                             0x20000978   Data          12  lv_gc.o(.bss)
    _lv_drv_ll                               0x20000984   Data          12  lv_gc.o(.bss)
    _lv_file_ll                              0x20000990   Data          12  lv_gc.o(.bss)
    _lv_anim_ll                              0x2000099c   Data          12  lv_gc.o(.bss)
    _lv_group_ll                             0x200009a8   Data          12  lv_gc.o(.bss)
    _lv_img_defoder_ll                       0x200009b4   Data          12  lv_gc.o(.bss)
    _lv_obj_style_trans_ll                   0x200009c0   Data          12  lv_gc.o(.bss)
    _lv_mem_buf                              0x200009cc   Data         128  lv_gc.o(.bss)
    _lv_draw_mask_list                       0x20000a4c   Data         128  lv_gc.o(.bss)
    xQueueRegistry                           0x2000656c   Data          64  queue.o(.bss)
    __libspace_start                         0x200158b8   Data          96  libspace.o(.bss)
    __temporary_stack_top$libspace           0x20015918   Data           0  libspace.o(.bss)
    mem2base                                 0x6804b000   Data       409600  malloc.o(.ARM.__AT_0x6804B000)
    mem2mapbase                              0x680af000   Data       25600  malloc.o(.ARM.__AT_0x680AF000)



==============================================================================

Memory Map of the image

  Image Entry point : 0x08000189

  Load Region LR_IROM1 (Base: 0x08000000, Size: 0x00069b28, Max: 0x00100000, ABSOLUTE, COMPRESSED[0x000698cc])

    Execution Region ER_IROM1 (Base: 0x08000000, Size: 0x00069810, Max: 0x00100000, ABSOLUTE)

    Base Addr    Size         Type   Attr      Idx    E Section Name        Object

    0x08000000   0x00000188   Data   RO          581    RESET               startup_stm32f40_41xxx.o
    0x08000188   0x00000008   Code   RO         7136  * !!!main             c_w.l(__main.o)
    0x08000190   0x00000034   Code   RO         7367    !!!scatter          c_w.l(__scatter.o)
    0x080001c4   0x0000005a   Code   RO         7365    !!dczerorl2         c_w.l(__dczerorl2.o)
    0x0800021e   0x00000002   PAD
    0x08000220   0x0000001c   Code   RO         7369    !!handler_zi        c_w.l(__scatter_zi.o)
    0x0800023c   0x00000000   Code   RO         7111    .ARM.Collect$$_printf_percent$$00000000  c_w.l(_printf_percent.o)
    0x0800023c   0x00000006   Code   RO         7109    .ARM.Collect$$_printf_percent$$00000009  c_w.l(_printf_d.o)
    0x08000242   0x00000006   Code   RO         7110    .ARM.Collect$$_printf_percent$$0000000A  c_w.l(_printf_u.o)
    0x08000248   0x00000006   Code   RO         7108    .ARM.Collect$$_printf_percent$$0000000C  c_w.l(_printf_x.o)
    0x0800024e   0x00000006   Code   RO         7106    .ARM.Collect$$_printf_percent$$00000013  c_w.l(_printf_c.o)
    0x08000254   0x00000006   Code   RO         7107    .ARM.Collect$$_printf_percent$$00000014  c_w.l(_printf_s.o)
    0x0800025a   0x00000004   Code   RO         7187    .ARM.Collect$$_printf_percent$$00000017  c_w.l(_printf_percent_end.o)
    0x0800025e   0x00000002   Code   RO         7243    .ARM.Collect$$libinit$$00000000  c_w.l(libinit.o)
    0x08000260   0x00000004   Code   RO         7252    .ARM.Collect$$libinit$$00000001  c_w.l(libinit2.o)
    0x08000264   0x00000000   Code   RO         7255    .ARM.Collect$$libinit$$00000004  c_w.l(libinit2.o)
    0x08000264   0x00000000   Code   RO         7258    .ARM.Collect$$libinit$$0000000A  c_w.l(libinit2.o)
    0x08000264   0x00000000   Code   RO         7260    .ARM.Collect$$libinit$$0000000C  c_w.l(libinit2.o)
    0x08000264   0x00000000   Code   RO         7262    .ARM.Collect$$libinit$$0000000E  c_w.l(libinit2.o)
    0x08000264   0x00000000   Code   RO         7265    .ARM.Collect$$libinit$$00000011  c_w.l(libinit2.o)
    0x08000264   0x00000000   Code   RO         7267    .ARM.Collect$$libinit$$00000013  c_w.l(libinit2.o)
    0x08000264   0x00000000   Code   RO         7269    .ARM.Collect$$libinit$$00000015  c_w.l(libinit2.o)
    0x08000264   0x00000000   Code   RO         7271    .ARM.Collect$$libinit$$00000017  c_w.l(libinit2.o)
    0x08000264   0x00000000   Code   RO         7273    .ARM.Collect$$libinit$$00000019  c_w.l(libinit2.o)
    0x08000264   0x00000000   Code   RO         7275    .ARM.Collect$$libinit$$0000001B  c_w.l(libinit2.o)
    0x08000264   0x00000000   Code   RO         7277    .ARM.Collect$$libinit$$0000001D  c_w.l(libinit2.o)
    0x08000264   0x00000000   Code   RO         7279    .ARM.Collect$$libinit$$0000001F  c_w.l(libinit2.o)
    0x08000264   0x00000000   Code   RO         7281    .ARM.Collect$$libinit$$00000021  c_w.l(libinit2.o)
    0x08000264   0x00000000   Code   RO         7283    .ARM.Collect$$libinit$$00000023  c_w.l(libinit2.o)
    0x08000264   0x00000000   Code   RO         7285    .ARM.Collect$$libinit$$00000025  c_w.l(libinit2.o)
    0x08000264   0x00000000   Code   RO         7289    .ARM.Collect$$libinit$$0000002C  c_w.l(libinit2.o)
    0x08000264   0x00000000   Code   RO         7291    .ARM.Collect$$libinit$$0000002E  c_w.l(libinit2.o)
    0x08000264   0x00000000   Code   RO         7293    .ARM.Collect$$libinit$$00000030  c_w.l(libinit2.o)
    0x08000264   0x00000000   Code   RO         7295    .ARM.Collect$$libinit$$00000032  c_w.l(libinit2.o)
    0x08000264   0x00000002   Code   RO         7296    .ARM.Collect$$libinit$$00000033  c_w.l(libinit2.o)
    0x08000266   0x00000002   Code   RO         7322    .ARM.Collect$$libshutdown$$00000000  c_w.l(libshutdown.o)
    0x08000268   0x00000000   Code   RO         7350    .ARM.Collect$$libshutdown$$00000003  c_w.l(libshutdown2.o)
    0x08000268   0x00000000   Code   RO         7353    .ARM.Collect$$libshutdown$$00000006  c_w.l(libshutdown2.o)
    0x08000268   0x00000000   Code   RO         7356    .ARM.Collect$$libshutdown$$00000009  c_w.l(libshutdown2.o)
    0x08000268   0x00000000   Code   RO         7358    .ARM.Collect$$libshutdown$$0000000B  c_w.l(libshutdown2.o)
    0x08000268   0x00000000   Code   RO         7361    .ARM.Collect$$libshutdown$$0000000E  c_w.l(libshutdown2.o)
    0x08000268   0x00000002   Code   RO         7362    .ARM.Collect$$libshutdown$$0000000F  c_w.l(libshutdown2.o)
    0x0800026a   0x00000000   Code   RO         7170    .ARM.Collect$$rtentry$$00000000  c_w.l(__rtentry.o)
    0x0800026a   0x00000000   Code   RO         7200    .ARM.Collect$$rtentry$$00000002  c_w.l(__rtentry2.o)
    0x0800026a   0x00000006   Code   RO         7212    .ARM.Collect$$rtentry$$00000004  c_w.l(__rtentry4.o)
    0x08000270   0x00000000   Code   RO         7202    .ARM.Collect$$rtentry$$00000009  c_w.l(__rtentry2.o)
    0x08000270   0x00000004   Code   RO         7203    .ARM.Collect$$rtentry$$0000000A  c_w.l(__rtentry2.o)
    0x08000274   0x00000000   Code   RO         7205    .ARM.Collect$$rtentry$$0000000C  c_w.l(__rtentry2.o)
    0x08000274   0x00000008   Code   RO         7206    .ARM.Collect$$rtentry$$0000000D  c_w.l(__rtentry2.o)
    0x0800027c   0x00000002   Code   RO         7244    .ARM.Collect$$rtexit$$00000000  c_w.l(rtexit.o)
    0x0800027e   0x00000000   Code   RO         7298    .ARM.Collect$$rtexit$$00000002  c_w.l(rtexit2.o)
    0x0800027e   0x00000004   Code   RO         7299    .ARM.Collect$$rtexit$$00000003  c_w.l(rtexit2.o)
    0x08000282   0x00000006   Code   RO         7300    .ARM.Collect$$rtexit$$00000004  c_w.l(rtexit2.o)
    0x08000288   0x00000010   Code   RO          805    .emb_text           sys.o
    0x08000298   0x000000b6   Code   RO         6927    .emb_text           port.o
    0x0800034e   0x00000002   PAD
    0x08000350   0x000002f0   Code   RO            3    .text               main.o
    0x08000640   0x00000014   Code   RO          506    .text               stm32f4xx_it.o
    0x08000654   0x00000210   Code   RO          555    .text               system_stm32f4xx.o
    0x08000864   0x00000040   Code   RO          582    .text               startup_stm32f40_41xxx.o
    0x080008a4   0x000000e0   Code   RO          588    .text               misc.o
    0x08000984   0x00000294   Code   RO          608    .text               stm32f4xx_gpio.o
    0x08000c18   0x000005c8   Code   RO          628    .text               stm32f4xx_fsmc.o
    0x080011e0   0x0000065c   Code   RO          651    .text               stm32f4xx_rcc.o
    0x0800183c   0x00000454   Code   RO          693    .text               stm32f4xx_usart.o
    0x08001c90   0x00000ca2   Code   RO          713    .text               stm32f4xx_tim.o
    0x08002932   0x00000002   PAD
    0x08002934   0x000003a8   Code   RO          733    .text               stm32f4xx_dma.o
    0x08002cdc   0x000001dc   Code   RO          753    .text               stm32f4xx_sdio.o
    0x08002eb8   0x000000ec   Code   RO          773    .text               delay.o
    0x08002fa4   0x00000180   Code   RO          823    .text               usart.o
    0x08003124   0x00000040   Code   RO          855    .text               led.o
    0x08003164   0x00000104   Code   RO          875    .text               key.o
    0x08003268   0x0000025c   Code   RO          896    .text               myiic.o
    0x080034c4   0x0000017a   Code   RO          919    .text               24cxx.o
    0x0800363e   0x00000002   PAD
    0x08003640   0x00001098   Code   RO          942    .text               touch.o
    0x080046d8   0x000019ec   Code   RO         1001    .text               my_lcd.o
    0x080060c4   0x00000078   Code   RO         1035    .text               tim3.o
    0x0800613c   0x000002e4   Code   RO         1267    .text               extend_sram.o
    0x08006420   0x00001d60   Code   RO         1287    .text               sdio_sdcard.o
    0x08008180   0x0000023c   Code   RO         1321    .text               malloc.o
    0x080083bc   0x00000598   Code   RO         1351    .text               lv_disp.o
    0x08008954   0x000005bc   Code   RO         1479    .text               lv_group.o
    0x08008f10   0x00001b0c   Code   RO         1598    .text               lv_indev.o
    0x0800aa1c   0x00005312   Code   RO         1636    .text               lv_obj.o
    0x0800fd2e   0x00000002   PAD
    0x0800fd30   0x00000e60   Code   RO         1733    .text               lv_refr.o
    0x08010b90   0x00000d0e   Code   RO         1788    .text               lv_style.o
    0x0801189e   0x00000002   PAD
    0x080118a0   0x0000109c   Code   RO         1901    .text               lv_draw_blend.o
    0x0801293c   0x00000bb4   Code   RO         2017    .text               lv_draw_img.o
    0x080134f0   0x00000f6c   Code   RO         2100    .text               lv_draw_label.o
    0x0801445c   0x00000b92   Code   RO         2184    .text               lv_draw_line.o
    0x08014fee   0x00000002   PAD
    0x08014ff0   0x00001614   Code   RO         2256    .text               lv_draw_mask.o
    0x08016604   0x00002656   Code   RO         2299    .text               lv_draw_rect.o
    0x08018c5a   0x00000002   PAD
    0x08018c5c   0x00000fa8   Code   RO         2387    .text               lv_img_buf.o
    0x08019c04   0x00000240   Code   RO         2417    .text               lv_img_cache.o
    0x08019e44   0x00000a6c   Code   RO         2456    .text               lv_img_decoder.o
    0x0801a8b0   0x00000050   Code   RO         2510    .text               lv_font.o
    0x0801a900   0x000007ec   Code   RO         2820    .text               lv_font_fmt_txt.o
    0x0801b0ec   0x00000454   Code   RO         3214    .text               lv_hal_disp.o
    0x0801b540   0x00000130   Code   RO         3361    .text               lv_hal_indev.o
    0x0801b670   0x0000004c   Code   RO         3461    .text               lv_hal_tick.o
    0x0801b6bc   0x00000606   Code   RO         3484    .text               lv_anim.o
    0x0801bcc2   0x000007b8   Code   RO         3562    .text               lv_area.o
    0x0801c47a   0x00000002   PAD
    0x0801c47c   0x0000005c   Code   RO         3581    .text               lv_async.o
    0x0801c4d8   0x000003e4   Code   RO         3626    .text               lv_color.o
    0x0801c8bc   0x000000e8   Code   RO         3642    .text               lv_debug.o
    0x0801c9a4   0x00000630   Code   RO         3658    .text               lv_fs.o
    0x0801cfd4   0x000000dc   Code   RO         3683    .text               lv_gc.o
    0x0801d0b0   0x00000344   Code   RO         3705    .text               lv_ll.o
    0x0801d3f4   0x00000214   Code   RO         3723    .text               lv_math.o
    0x0801d608   0x00000968   Code   RO         3740    .text               lv_mem.o
    0x0801df70   0x00000930   Code   RO         3756    .text               lv_printf.o
    0x0801e8a0   0x00000414   Code   RO         3768    .text               lv_task.o
    0x0801ecb4   0x00000868   Code   RO         3787    .text               lv_txt.o
    0x0801f51c   0x000000d4   Code   RO         3885    .text               lv_utils.o
    0x0801f5f0   0x00000450   Code   RO         3900    .text               lv_theme.o
    0x0801fa40   0x000055ee   Code   RO         4196    .text               lv_theme_material.o
    0x0802502e   0x00000002   PAD
    0x08025030   0x00000df2   Code   RO         4659    .text               lv_bar.o
    0x08025e22   0x00000002   PAD
    0x08025e24   0x000003ec   Code   RO         4746    .text               lv_btn.o
    0x08026210   0x000017d4   Code   RO         4787    .text               lv_btnmatrix.o
    0x080279e4   0x0000100a   Code   RO         5017    .text               lv_cont.o
    0x080289ee   0x00000002   PAD
    0x080289f0   0x00001340   Code   RO         5287    .text               lv_img.o
    0x08029d30   0x00001ac0   Code   RO         5510    .text               lv_label.o
    0x0802b7f0   0x000003cc   Code   RO         5561    .text               lv_led.o
    0x0802bbbc   0x00000a56   Code   RO         5743    .text               lv_msgbox.o
    0x0802c612   0x00000002   PAD
    0x0802c614   0x00001dac   Code   RO         5838    .text               lv_page.o
    0x0802e3c0   0x00000620   Code   RO         6051    .text               lv_switch.o
    0x0802e9e0   0x00000eb6   Code   RO         6288    .text               lv_win.o
    0x0802f896   0x00000002   PAD
    0x0802f898   0x0000007c   Code   RO         6325    .text               lv_port_disp.o
    0x0802f914   0x00000274   Code   RO         6608    .text               lv_port_indev.o
    0x0802fb88   0x000003cc   Code   RO         6635    .text               lv_port_fs.o
    0x0802ff54   0x00000564   Code   RO         6662    .text               my_control.o
    0x080304b8   0x00000094   Code   RO         6773    .text               list.o
    0x0803054c   0x00000018   Code   RO         6793    .text               myextend.o
    0x08030564   0x00000d0c   Code   RO         6819    .text               queue.o
    0x08031270   0x0000193c   Code   RO         6842    .text               tasks.o
    0x08032bac   0x00000640   Code   RO         6881    .text               timers.o
    0x080331ec   0x000002a0   Code   RO         6904    .text               heap_4.o
    0x0803348c   0x000002f4   Code   RO         6928    .text               port.o
    0x08033780   0x00000140   Code   RO         6965    .text               diskio.o
    0x080338c0   0x0000365c   Code   RO         6989    .text               ff.o
    0x08036f1c   0x0000001c   Code   RO         7007    .text               ffsystem.o
    0x08036f38   0x0000018c   Code   RO         7029    .text               ffunicode.o
    0x080370c4   0x00000002   Code   RO         7045    .text               c_w.l(use_no_semi_2.o)
    0x080370c6   0x000000ee   Code   RO         7047    .text               c_w.l(lludivv7m.o)
    0x080371b4   0x00000048   Code   RO         7049    .text               c_w.l(llsdiv.o)
    0x080371fc   0x00000018   Code   RO         7055    .text               c_w.l(noretval__2printf.o)
    0x08037214   0x00000028   Code   RO         7057    .text               c_w.l(noretval__2sprintf.o)
    0x0803723c   0x00000068   Code   RO         7059    .text               c_w.l(__printf.o)
    0x080372a4   0x00000052   Code   RO         7061    .text               c_w.l(_printf_str.o)
    0x080372f6   0x00000002   PAD
    0x080372f8   0x00000078   Code   RO         7063    .text               c_w.l(_printf_dec.o)
    0x08037370   0x00000058   Code   RO         7068    .text               c_w.l(_printf_hex_int.o)
    0x080373c8   0x00000058   Code   RO         7112    .text               c_w.l(memcmp.o)
    0x08037420   0x00000048   Code   RO         7114    .text               c_w.l(strcpy.o)
    0x08037468   0x0000003e   Code   RO         7116    .text               c_w.l(strlen.o)
    0x080374a6   0x0000008a   Code   RO         7120    .text               c_w.l(rt_memcpy_v6.o)
    0x08037530   0x00000064   Code   RO         7122    .text               c_w.l(rt_memcpy_w.o)
    0x08037594   0x00000010   Code   RO         7124    .text               c_w.l(aeabi_memset.o)
    0x080375a4   0x00000044   Code   RO         7126    .text               c_w.l(rt_memclr.o)
    0x080375e8   0x0000004e   Code   RO         7128    .text               c_w.l(rt_memclr_w.o)
    0x08037636   0x00000002   PAD
    0x08037638   0x00000080   Code   RO         7132    .text               c_w.l(strcmpv7m.o)
    0x080376b8   0x00000006   Code   RO         7134    .text               c_w.l(heapauxi.o)
    0x080376be   0x00000002   Code   RO         7168    .text               c_w.l(use_no_semi.o)
    0x080376c0   0x00000016   Code   RO         7175    .text               c_w.l(_rserrno.o)
    0x080376d6   0x000000b2   Code   RO         7177    .text               c_w.l(_printf_intcommon.o)
    0x08037788   0x00000030   Code   RO         7179    .text               c_w.l(_printf_char_common.o)
    0x080377b8   0x0000000a   Code   RO         7181    .text               c_w.l(_sputc.o)
    0x080377c2   0x0000002c   Code   RO         7183    .text               c_w.l(_printf_char.o)
    0x080377ee   0x00000002   PAD
    0x080377f0   0x00000024   Code   RO         7185    .text               c_w.l(_printf_char_file.o)
    0x08037814   0x00000008   Code   RO         7219    .text               c_w.l(rt_errno_addr_intlibspace.o)
    0x0803781c   0x00000008   Code   RO         7223    .text               c_w.l(ferror.o)
    0x08037824   0x00000008   Code   RO         7227    .text               c_w.l(libspace.o)
    0x0803782c   0x0000004a   Code   RO         7230    .text               c_w.l(sys_stackheap_outer.o)
    0x08037876   0x0000000c   Code   RO         7232    .text               c_w.l(exit.o)
    0x08037882   0x0000007a   Code   RO         7156    i.__hardfp_sqrt     m_wm.l(sqrt.o)
    0x080378fc   0x00000018   Code   RO         7188    x$fpl$dcmpinf       fz_wm.l(dcmpi.o)
    0x08037914   0x0000005a   Code   RO         7138    x$fpl$dfixu         fz_wm.l(dfixu.o)
    0x0803796e   0x00000026   Code   RO         7142    x$fpl$dfltu         fz_wm.l(dflt_clz.o)
    0x08037994   0x00000078   Code   RO         7148    x$fpl$dleqf         fz_wm.l(dleqf.o)
    0x08037a0c   0x00000154   Code   RO         7150    x$fpl$dmul          fz_wm.l(dmul.o)
    0x08037b60   0x0000009c   Code   RO         7190    x$fpl$dnaninf       fz_wm.l(dnaninf.o)
    0x08037bfc   0x0000000c   Code   RO         7192    x$fpl$dretinf       fz_wm.l(dretinf.o)
    0x08037c08   0x0000006c   Code   RO         7152    x$fpl$drleqf        fz_wm.l(drleqf.o)
    0x08037c74   0x00000198   Code   RO         7194    x$fpl$dsqrt         fz_wm.l(dsqrt_umaal.o)
    0x08037e0c   0x00000056   Code   RO         7154    x$fpl$f2d           fz_wm.l(f2d.o)
    0x08037e62   0x0000008c   Code   RO         7196    x$fpl$fnaninf       fz_wm.l(fnaninf.o)
    0x08037eee   0x0000000a   Code   RO         7310    x$fpl$fpinit        fz_wm.l(fpinit.o)
    0x08037ef8   0x00000000   Code   RO         7198    x$fpl$usenofp       fz_wm.l(usenofp.o)
    0x08037ef8   0x0000001c   Data   RO          629    .constdata          stm32f4xx_fsmc.o
    0x08037f14   0x00000004   Data   RO          943    .constdata          touch.o
    0x08037f18   0x000018a0   Data   RO         1003    .constdata          my_lcd.o
    0x080397b8   0x00000024   Data   RO         1327    .constdata          malloc.o
    0x080397dc   0x00000002   Data   RO         1637    .constdata          lv_obj.o
    0x080397de   0x00000002   PAD
    0x080397e0   0x0000000a   Data   RO         2018    .constdata          lv_draw_img.o
    0x080397ea   0x00000002   PAD
    0x080397ec   0x00000122   Data   RO         2102    .constdata          lv_draw_label.o
    0x0803990e   0x00000021   Data   RO         2185    .constdata          lv_draw_line.o
    0x0803992f   0x00000001   PAD
    0x08039930   0x00000002   Data   RO         2300    .constdata          lv_draw_rect.o
    0x08039932   0x00000002   PAD
    0x08039934   0x00003408   Data   RO         2913    .constdata          lv_font_montserrat_14.o
    0x0803cd3c   0x00000006   Data   RO         3215    .constdata          lv_hal_disp.o
    0x0803cd42   0x00000002   PAD
    0x0803cd44   0x00000008   Data   RO         3485    .constdata          lv_anim.o
    0x0803cd4c   0x00000002   Data   RO         3627    .constdata          lv_color.o
    0x0803cd4e   0x00000011   Data   RO         3643    .constdata          lv_debug.o
    0x0803cd5f   0x00000001   PAD
    0x0803cd60   0x000000b6   Data   RO         3724    .constdata          lv_math.o
    0x0803ce16   0x00000002   PAD
    0x0803ce18   0x00000046   Data   RO         4198    .constdata          lv_theme_material.o
    0x0803ce5e   0x00000008   Data   RO         6609    .constdata          lv_port_indev.o
    0x0803ce66   0x00000002   PAD
    0x0803ce68   0x00000012   Data   RO         6663    .constdata          my_control.o
    0x0803ce7a   0x00000002   PAD
    0x0803ce7c   0x00001c2c   Data   RO         6700    .constdata          led_icon.o
    0x0803eaa8   0x00000060   Data   RO         6990    .constdata          ff.o
    0x0803eb08   0x0002abb6   Data   RO         7030    .constdata          ffunicode.o
    0x080696be   0x00000028   Data   RO         7069    .constdata          c_w.l(_printf_hex_int.o)
    0x080696e6   0x00000002   PAD
    0x080696e8   0x00000079   Data   RO          944    .conststring        touch.o
    0x08069761   0x00000003   PAD
    0x08069764   0x00000051   Data   RO         3742    .conststring        lv_mem.o
    0x080697b5   0x00000003   PAD
    0x080697b8   0x00000029   Data   RO         4788    .conststring        lv_btnmatrix.o
    0x080697e1   0x00000003   PAD
    0x080697e4   0x00000009   Data   RO         6991    .conststring        ff.o
    0x080697ed   0x00000003   PAD
    0x080697f0   0x00000020   Data   RO         7363    Region$$Table       anon$$obj.o


    Execution Region RW_IRAM1 (Base: 0x20000000, Size: 0x00016618, Max: 0x00020000, ABSOLUTE, COMPRESSED[0x000000bc])

    Base Addr    Size         Type   Attr      Idx    E Section Name        Object

    0x20000000   0x00000028   Data   RW            5    .data               main.o
    0x20000028   0x00000014   Data   RW          556    .data               system_stm32f4xx.o
    0x2000003c   0x00000010   Data   RW          652    .data               stm32f4xx_rcc.o
    0x2000004c   0x00000004   Data   RW          774    .data               delay.o
    0x20000050   0x0000000c   Data   RW          825    .data               usart.o
    0x2000005c   0x00000001   Data   RW          876    .data               key.o
    0x2000005d   0x00000003   PAD
    0x20000060   0x00000036   Data   RW          945    .data               touch.o
    0x20000096   0x00000004   Data   RW         1004    .data               my_lcd.o
    0x2000009a   0x00000002   PAD
    0x2000009c   0x00000010   Data   RW         1289    .data               sdio_sdcard.o
    0x200000ac   0x00000028   Data   RW         1328    .data               malloc.o
    0x200000d4   0x00000008   Data   RW         1599    .data               lv_indev.o
    0x200000dc   0x0000000c   Data   RW         1638    .data               lv_obj.o
    0x200000e8   0x00000008   Data   RW         1734    .data               lv_refr.o
    0x200000f0   0x00000008   Data   RW         2103    .data               lv_draw_label.o
    0x200000f8   0x00000002   Data   RW         2418    .data               lv_img_cache.o
    0x200000fa   0x00000002   PAD
    0x200000fc   0x0000000c   Data   RW         2821    .data               lv_font_fmt_txt.o
    0x20000108   0x00000030   Data   RW         2914    .data               lv_font_montserrat_14.o
    0x20000138   0x00000004   Data   RW         3216    .data               lv_hal_disp.o
    0x2000013c   0x00000005   Data   RW         3462    .data               lv_hal_tick.o
    0x20000141   0x00000003   PAD
    0x20000144   0x0000000c   Data   RW         3486    .data               lv_anim.o
    0x20000150   0x0000001c   Data   RW         3685    .data               lv_gc.o
    0x2000016c   0x0000001e   Data   RW         3743    .data               lv_mem.o
    0x2000018a   0x00000002   PAD
    0x2000018c   0x00000010   Data   RW         3769    .data               lv_task.o
    0x2000019c   0x00000020   Data   RW         3788    .data               lv_txt.o
    0x200001bc   0x00000004   Data   RW         3901    .data               lv_theme.o
    0x200001c0   0x00000004   Data   RW         4199    .data               lv_theme_material.o
    0x200001c4   0x00000008   Data   RW         4660    .data               lv_bar.o
    0x200001cc   0x00000008   Data   RW         4747    .data               lv_btn.o
    0x200001d4   0x00000024   Data   RW         4789    .data               lv_btnmatrix.o
    0x200001f8   0x0000000c   Data   RW         5018    .data               lv_cont.o
    0x20000204   0x00000004   Data   RW         5288    .data               lv_img.o
    0x20000208   0x00000004   Data   RW         5511    .data               lv_label.o
    0x2000020c   0x00000008   Data   RW         5562    .data               lv_led.o
    0x20000214   0x00000004   Data   RW         5744    .data               lv_msgbox.o
    0x20000218   0x00000008   Data   RW         5839    .data               lv_page.o
    0x20000220   0x00000008   Data   RW         6052    .data               lv_switch.o
    0x20000228   0x00000008   Data   RW         6289    .data               lv_win.o
    0x20000230   0x00000025   Data   RW         6610    .data               lv_port_indev.o
    0x20000255   0x00000003   PAD
    0x20000258   0x00000030   Data   RW         6664    .data               my_control.o
    0x20000288   0x00000008   Data   RW         6794    .data               myextend.o
    0x20000290   0x00000044   Data   RW         6844    .data               tasks.o
    0x200002d4   0x00000014   Data   RW         6883    .data               timers.o
    0x200002e8   0x00000018   Data   RW         6906    .data               heap_4.o
    0x20000300   0x0000000c   Data   RW         6929    .data               port.o
    0x2000030c   0x0000000a   Data   RW         6992    .data               ff.o
    0x20000316   0x00000002   PAD
    0x20000318   0x00000190   Zero   RW            4    .bss                main.o
    0x200004a8   0x000000c8   Zero   RW          824    .bss                usart.o
    0x20000570   0x0000000e   Zero   RW         1002    .bss                my_lcd.o
    0x2000057e   0x00000002   PAD
    0x20000580   0x000002c0   Zero   RW         1288    .bss                sdio_sdcard.o
    0x20000840   0x00000020   Zero   RW         1326    .bss                malloc.o
    0x20000860   0x00000100   Zero   RW         2101    .bss                lv_draw_label.o
    0x20000960   0x0000016c   Zero   RW         3684    .bss                lv_gc.o
    0x20000acc   0x00005820   Zero   RW         3741    .bss                lv_mem.o
    0x200062ec   0x00000028   Zero   RW         4197    .bss                lv_theme_material.o
    0x20006314   0x00000024   Zero   RW         6327    .bss                lv_port_disp.o
    0x20006338   0x00000234   Zero   RW         6636    .bss                lv_port_fs.o
    0x2000656c   0x00000040   Zero   RW         6820    .bss                queue.o
    0x200065ac   0x000002e4   Zero   RW         6843    .bss                tasks.o
    0x20006890   0x00000028   Zero   RW         6882    .bss                timers.o
    0x200068b8   0x0000f000   Zero   RW         6905    .bss                heap_4.o
    0x200158b8   0x00000060   Zero   RW         7228    .bss                c_w.l(libspace.o)
    0x20015918   0x00000200   Zero   RW          580    HEAP                startup_stm32f40_41xxx.o
    0x20015b18   0x00000b00   Zero   RW          579    STACK               startup_stm32f40_41xxx.o



  Load Region LR$$.ARM.__AT_0x10000000 (Base: 0x10000000, Size: 0x00000000, Max: 0x00000020, ABSOLUTE)

    Execution Region ER$$.ARM.__AT_0x10000000 (Base: 0x10000000, Size: 0x00000020, Max: 0x00000020, ABSOLUTE, UNINIT)

    Base Addr    Size         Type   Attr      Idx    E Section Name        Object

    0x10000000   0x00000020   Zero   RW         1322    .ARM.__AT_0x10000000  malloc.o



  Load Region LR$$.ARM.__AT_0x10000020 (Base: 0x10000020, Size: 0x00000000, Max: 0x00000004, ABSOLUTE)

    Execution Region ER$$.ARM.__AT_0x10000020 (Base: 0x10000020, Size: 0x00000004, Max: 0x00000004, ABSOLUTE, UNINIT)

    Base Addr    Size         Type   Attr      Idx    E Section Name        Object

    0x10000020   0x00000002   Zero   RW         1323    .ARM.__AT_0x10000020  malloc.o



  Load Region LR$$.ARM.__AT_0x68000000 (Base: 0x68000000, Size: 0x00000000, Max: 0x0004b000, ABSOLUTE)

    Execution Region ER$$.ARM.__AT_0x68000000 (Base: 0x68000000, Size: 0x0004b000, Max: 0x0004b000, ABSOLUTE, UNINIT)

    Base Addr    Size         Type   Attr      Idx    E Section Name        Object

    0x68000000   0x0004b000   Zero   RW         6326    .ARM.__AT_0x68000000  lv_port_disp.o



  Load Region LR$$.ARM.__AT_0x6804B000 (Base: 0x6804b000, Size: 0x00000000, Max: 0x00064000, ABSOLUTE)

    Execution Region ER$$.ARM.__AT_0x6804B000 (Base: 0x6804b000, Size: 0x00064000, Max: 0x00064000, ABSOLUTE, UNINIT)

    Base Addr    Size         Type   Attr      Idx    E Section Name        Object

    0x6804b000   0x00064000   Zero   RW         1324    .ARM.__AT_0x6804B000  malloc.o



  Load Region LR$$.ARM.__AT_0x680AF000 (Base: 0x680af000, Size: 0x00000000, Max: 0x00006400, ABSOLUTE)

    Execution Region ER$$.ARM.__AT_0x680AF000 (Base: 0x680af000, Size: 0x00006400, Max: 0x00006400, ABSOLUTE, UNINIT)

    Base Addr    Size         Type   Attr      Idx    E Section Name        Object

    0x680af000   0x00006400   Zero   RW         1325    .ARM.__AT_0x680AF000  malloc.o


==============================================================================

Image component sizes


      Code (inc. data)   RO Data    RW Data    ZI Data      Debug   Object Name

       378          0          0          0          0       2634   24cxx.o
       236          8          0          4          0       2089   delay.o
       320          4          0          0          0       3442   diskio.o
         0          0          0          0          0      10304   event_groups.o
       740         16          0          0          0       1884   extend_sram.o
     13916        168        105         10          0      51211   ff.o
        28          0          0          0          0        677   ffsystem.o
       396         28     175030          0          0       2120   ffunicode.o
       672         82          0         24      61440       3348   heap_4.o
       260         12          0          1          0        852   key.o
        64          4          0          0          0        511   led.o
         0          0       7212          0          0        568   led_icon.o
       148          0          0          0          0       1902   list.o
      1542         44          8         12          0      30527   lv_anim.o
         0          0          0          0          0      27214   lv_arc.o
      1976         22          0          0          0       6644   lv_area.o
        92          6          0          0          0       2506   lv_async.o
      3570         72          0          8          0      63479   lv_bar.o
         0          0          0          0          0       1356   lv_bidi.o
      1004         64          0          8          0      15454   lv_btn.o
      6100        104         41         36          0      43644   lv_btnmatrix.o
         0          0          0          0          0       2397   lv_calendar.o
       996         12          2          0          0       9609   lv_color.o
      4106         56          0         12          0      45414   lv_cont.o
       232          6         17          0          0       2481   lv_debug.o
      1432         30          0          0          0      66602   lv_disp.o
         0          0          0          0          0      14772   lv_draw_arc.o
      4252         10          0          0          0      50090   lv_draw_blend.o
      2996         50         10          0          0      46978   lv_draw_img.o
      3948         54        290          8        256      35053   lv_draw_label.o
      2962          4         33          0          0      27657   lv_draw_line.o
      5652         74          0          0          0      18662   lv_draw_mask.o
      9814          8          2          0          0      44303   lv_draw_rect.o
         0          0          0          0          0      15164   lv_dropdown.o
        80          0          0          0          0       8933   lv_font.o
         0          0          0          0          0       7436   lv_font_dejavu_16_persian_hebrew.o
      2028         78          0         12          0       9453   lv_font_fmt_txt.o
         0          0      13320         48          0       2164   lv_font_montserrat_14.o
      1584         30          0          0          0      13545   lv_fs.o
       220         72          0         28        364       2932   lv_gc.o
      1468         36          0          0          0      38788   lv_group.o
      1108         34          6          4          0      35775   lv_hal_disp.o
       304         24          0          0          0      20655   lv_hal_indev.o
        76         10          0          5          0       1540   lv_hal_tick.o
      4928         52          0          4          0      52135   lv_img.o
      4008         32          0          0          0      19979   lv_img_buf.o
       576         30          0          2          0       7183   lv_img_cache.o
      2668         50          0          0          0      20289   lv_img_decoder.o
      6924         56          0          8          0      22718   lv_indev.o
      6848        158          0          4          0      60722   lv_label.o
       972         56          0          8          0      19663   lv_led.o
         0          0          0          0          0       9088   lv_list.o
       836          0          0          0          0       5587   lv_ll.o
       532          6        182          0          0       3247   lv_math.o
      2408         94         81         30      22560       7943   lv_mem.o
      2646         86          0          4          0      50702   lv_msgbox.o
     21266        240          2         12          0     129745   lv_obj.o
      7596        110          0          8          0      70319   lv_page.o
       124         18          0          0     307236      36448   lv_port_disp.o
       972        272          0          0        564       8110   lv_port_fs.o
       628         84          8         37          0       4170   lv_port_indev.o
      2352         10          0          0          0       7703   lv_printf.o
      3680         24          0          8          0      47628   lv_refr.o
      3342         16          0          0          0      27513   lv_style.o
      1568         68          0          8          0      33647   lv_switch.o
      1044         58          0         16          0       5410   lv_task.o
      1104         52          0          4          0      41291   lv_theme.o
     21998        492         70          4         40      65221   lv_theme_material.o
      2152         52          0         32          0      12593   lv_txt.o
       212          0          0          0          0       1525   lv_utils.o
      3766         74          0          8          0      43032   lv_win.o
       752        234          0         40        400     332266   main.o
       572         16         36         40     435266       4809   malloc.o
       224         20          0          0          0       1789   misc.o
      1380        138         18         48          0      31759   my_control.o
      6636        102       6304          4         14      14610   my_lcd.o
        24          4          0          8          0        744   myextend.o
       604         14          0          0          0       1884   myiic.o
       938        112          0         12          0       8259   port.o
      3340         52          0          0         64      15810   queue.o
      7520        282          0         16        704      25301   sdio_sdcard.o
        64         26        392          0       3328        820   startup_stm32f40_41xxx.o
       936         32          0          0          0       6265   stm32f4xx_dma.o
      1480         18         28          0          0       5574   stm32f4xx_fsmc.o
       660         44          0          0          0       4065   stm32f4xx_gpio.o
        20          0          0          0          0        931   stm32f4xx_it.o
      1628         52          0         16          0      12840   stm32f4xx_rcc.o
       476         16          0          0          0       7360   stm32f4xx_sdio.o
      3234         60          0          0          0      22272   stm32f4xx_tim.o
      1108         34          0          0          0       7768   stm32f4xx_usart.o
        16          0          0          0          0        472   sys.o
       528         46          0         20          0       1735   system_stm32f4xx.o
      6460        438          0         68        740      31913   tasks.o
       120          4          0          0          0      43215   tim3.o
      1600        112          0         20         40       8416   timers.o
      4248        224        125         54          0       8021   touch.o
       384         28          0         12        200       3444   usart.o

    ----------------------------------------------------------------------
    224828       5520     203382        792     833220    2208722   Object Totals
         0          0         32          0          0          0   (incl. Generated)
        26          0         28         17          4          0   (incl. Padding)

    ----------------------------------------------------------------------

      Code (inc. data)   RO Data    RW Data    ZI Data      Debug   Library Member Name

        90          0          0          0          0          0   __dczerorl2.o
         8          0          0          0          0         68   __main.o
       104          0          0          0          0         84   __printf.o
         0          0          0          0          0          0   __rtentry.o
        12          0          0          0          0          0   __rtentry2.o
         6          0          0          0          0          0   __rtentry4.o
        52          8          0          0          0          0   __scatter.o
        28          0          0          0          0          0   __scatter_zi.o
         6          0          0          0          0          0   _printf_c.o
        44          0          0          0          0        108   _printf_char.o
        48          6          0          0          0         96   _printf_char_common.o
        36          4          0          0          0         80   _printf_char_file.o
         6          0          0          0          0          0   _printf_d.o
       120         16          0          0          0         92   _printf_dec.o
        88          4         40          0          0         88   _printf_hex_int.o
       178          0          0          0          0         88   _printf_intcommon.o
         0          0          0          0          0          0   _printf_percent.o
         4          0          0          0          0          0   _printf_percent_end.o
         6          0          0          0          0          0   _printf_s.o
        82          0          0          0          0         80   _printf_str.o
         6          0          0          0          0          0   _printf_u.o
         6          0          0          0          0          0   _printf_x.o
        22          0          0          0          0        100   _rserrno.o
        10          0          0          0          0         68   _sputc.o
        16          0          0          0          0         68   aeabi_memset.o
        12          0          0          0          0         72   exit.o
         8          0          0          0          0         68   ferror.o
         6          0          0          0          0        152   heapauxi.o
         2          0          0          0          0          0   libinit.o
         6          0          0          0          0          0   libinit2.o
         2          0          0          0          0          0   libshutdown.o
         2          0          0          0          0          0   libshutdown2.o
         8          4          0          0         96         68   libspace.o
        72          0          0          0          0         76   llsdiv.o
       238          0          0          0          0        100   lludivv7m.o
        88          0          0          0          0         76   memcmp.o
        24          4          0          0          0         84   noretval__2printf.o
        40          6          0          0          0         84   noretval__2sprintf.o
         8          4          0          0          0         68   rt_errno_addr_intlibspace.o
        68          0          0          0          0         68   rt_memclr.o
        78          0          0          0          0         80   rt_memclr_w.o
       138          0          0          0          0         68   rt_memcpy_v6.o
       100          0          0          0          0         80   rt_memcpy_w.o
         2          0          0          0          0          0   rtexit.o
        10          0          0          0          0          0   rtexit2.o
       128          0          0          0          0         68   strcmpv7m.o
        72          0          0          0          0         80   strcpy.o
        62          0          0          0          0         76   strlen.o
        74          0          0          0          0         80   sys_stackheap_outer.o
         2          0          0          0          0         68   use_no_semi.o
         2          0          0          0          0         68   use_no_semi_2.o
        24          0          0          0          0        116   dcmpi.o
        90          4          0          0          0        140   dfixu.o
        38          0          0          0          0        116   dflt_clz.o
       120          4          0          0          0        140   dleqf.o
       340         12          0          0          0        152   dmul.o
       156          4          0          0          0        140   dnaninf.o
        12          0          0          0          0        116   dretinf.o
       108          0          0          0          0        128   drleqf.o
       408         56          0          0          0        168   dsqrt_umaal.o
        86          4          0          0          0        132   f2d.o
       140          4          0          0          0        132   fnaninf.o
        10          0          0          0          0        116   fpinit.o
         0          0          0          0          0          0   usenofp.o
       122          0          0          0          0        148   sqrt.o

    ----------------------------------------------------------------------
      3892        144         42          0         96       4348   Library Totals
         8          0          2          0          0          0   (incl. Padding)

    ----------------------------------------------------------------------

      Code (inc. data)   RO Data    RW Data    ZI Data      Debug   Library Name

      2230         56         40          0         96       2604   c_w.l
      1532         88          0          0          0       1596   fz_wm.l
       122          0          0          0          0        148   m_wm.l

    ----------------------------------------------------------------------
      3892        144         42          0         96       4348   Library Totals

    ----------------------------------------------------------------------

==============================================================================


      Code (inc. data)   RO Data    RW Data    ZI Data      Debug   

    228720       5664     203424        792     833316    2193214   Grand Totals
    228720       5664     203424        188     833316    2193214   ELF Image Totals (compressed)
    228720       5664     203424        188          0          0   ROM Totals

==============================================================================

    Total RO  Size (Code + RO Data)               432144 ( 422.02kB)
    Total RW  Size (RW Data + ZI Data)            834108 ( 814.56kB)
    Total ROM Size (Code + RO Data + RW Data)     432332 ( 422.20kB)

==============================================================================

