Component: ARM Compiler 5.05 update 1 (build 106) Tool: armlink [4d0efa]

==============================================================================

Section Cross References

    main.o(.text) refers to misc.o(.text) for NVIC_PriorityGroupConfig
    main.o(.text) refers to delay.o(.text) for delay_init
    main.o(.text) refers to usart.o(.text) for uart_init
    main.o(.text) refers to tim3.o(.text) for TIM3_Init
    main.o(.text) refers to led.o(.text) for LED_Init
    main.o(.text) refers to my_lcd.o(.text) for LCD_Init
    main.o(.text) refers to key.o(.text) for KEY_Init
    main.o(.text) refers to extend_sram.o(.text) for FSMC_SRAM_Init
    main.o(.text) refers to lv_obj.o(.text) for lv_init
    main.o(.text) refers to lv_port_disp_1.o(.text) for lv_port_disp_init
    main.o(.text) refers to lv_port_indev_1.o(.text) for lv_port_indev_init
    main.o(.text) refers to label_test.o(.text) for label_test_start
    main.o(.text) refers to lv_task.o(.text) for lv_task_handler
    main.o(.text) refers to touch.o(.data) for tp_dev
    system_stm32f4xx.o(.text) refers to system_stm32f4xx.o(.data) for SystemCoreClock
    led.o(.text) refers to stm32f4xx_rcc.o(.text) for RCC_AHB1PeriphClockCmd
    led.o(.text) refers to stm32f4xx_gpio.o(.text) for GPIO_Init
    key.o(.text) refers to stm32f4xx_rcc.o(.text) for RCC_AHB1PeriphClockCmd
    key.o(.text) refers to stm32f4xx_gpio.o(.text) for GPIO_Init
    key.o(.text) refers to delay.o(.text) for delay_ms
    key.o(.text) refers to key.o(.data) for key_up
    myiic.o(.text) refers to stm32f4xx_rcc.o(.text) for RCC_AHB1PeriphClockCmd
    myiic.o(.text) refers to stm32f4xx_gpio.o(.text) for GPIO_Init
    myiic.o(.text) refers to delay.o(.text) for delay_us
    24cxx.o(.text) refers to myiic.o(.text) for IIC_Init
    24cxx.o(.text) refers to delay.o(.text) for delay_ms
    touch.o(.text) refers to delay.o(.text) for delay_us
    touch.o(.text) refers to my_lcd.o(.text) for LCD_DrawLine
    touch.o(.text) refers to 24cxx.o(.text) for AT24CXX_WriteLenByte
    touch.o(.text) refers to touch.o(.data) for CMD_RDX
    touch.o(.text) refers to my_lcd.o(.data) for POINT_COLOR
    touch.o(.text) refers to my_lcd.o(.bss) for lcddev
    touch.o(.text) refers to touch.o(.constdata) for TP_REMIND_MSG_TBL
    touch.o(.text) refers to dflt_clz.o(x$fpl$dfltu) for __aeabi_ui2d
    touch.o(.text) refers to sqrt.o(i.__hardfp_sqrt) for __hardfp_sqrt
    touch.o(.text) refers to dfixu.o(x$fpl$dfixu) for __aeabi_d2uiz
    touch.o(.text) refers to f2d.o(x$fpl$f2d) for __aeabi_f2d
    touch.o(.text) refers to dleqf.o(x$fpl$dleqf) for __aeabi_cdcmple
    touch.o(.text) refers to drleqf.o(x$fpl$drleqf) for __aeabi_cdrcmple
    touch.o(.text) refers to dmul.o(x$fpl$dmul) for __aeabi_dmul
    touch.o(.text) refers to stm32f4xx_rcc.o(.text) for RCC_AHB1PeriphClockCmd
    touch.o(.text) refers to stm32f4xx_gpio.o(.text) for GPIO_Init
    touch.o(.constdata) refers to touch.o(.conststring) for .conststring
    touch.o(.data) refers to touch.o(.text) for TP_Init
    touch_test.o(.text) refers to my_lcd.o(.text) for LCD_Clear
    touch_test.o(.text) refers to key.o(.text) for KEY_Scan
    touch_test.o(.text) refers to touch.o(.text) for TP_Draw_Big_Point
    touch_test.o(.text) refers to delay.o(.text) for delay_ms
    touch_test.o(.text) refers to my_lcd.o(.data) for POINT_COLOR
    touch_test.o(.text) refers to my_lcd.o(.bss) for lcddev
    touch_test.o(.text) refers to touch.o(.data) for tp_dev
    my_lcd.o(.text) refers to _printf_percent.o(.ARM.Collect$$_printf_percent$$00000000) for _printf_percent
    my_lcd.o(.text) refers to _printf_x.o(.ARM.Collect$$_printf_percent$$0000000C) for _printf_x
    my_lcd.o(.text) refers to _printf_hex_int.o(.text) for _printf_longlong_hex
    my_lcd.o(.text) refers to delay.o(.text) for delay_us
    my_lcd.o(.text) refers to stm32f4xx_rcc.o(.text) for RCC_AHB1PeriphClockCmd
    my_lcd.o(.text) refers to stm32f4xx_gpio.o(.text) for GPIO_Init
    my_lcd.o(.text) refers to stm32f4xx_fsmc.o(.text) for FSMC_NORSRAMInit
    my_lcd.o(.text) refers to noretval__2printf.o(.text) for __2printf
    my_lcd.o(.text) refers to my_lcd.o(.bss) for lcddev
    my_lcd.o(.text) refers to my_lcd.o(.data) for BACK_COLOR
    my_lcd.o(.text) refers to my_lcd.o(.constdata) for asc2_1206
    tim3.o(.text) refers to stm32f4xx_rcc.o(.text) for RCC_APB1PeriphClockCmd
    tim3.o(.text) refers to stm32f4xx_tim.o(.text) for TIM_TimeBaseInit
    tim3.o(.text) refers to misc.o(.text) for NVIC_Init
    tim3.o(.text) refers to lv_hal_tick.o(.text) for lv_tick_inc
    extend_sram.o(.text) refers to stm32f4xx_rcc.o(.text) for RCC_AHB3PeriphClockCmd
    extend_sram.o(.text) refers to stm32f4xx_gpio.o(.text) for GPIO_Init
    extend_sram.o(.text) refers to stm32f4xx_fsmc.o(.text) for FSMC_NORSRAMInit
    delay.o(.text) refers to misc.o(.text) for SysTick_CLKSourceConfig
    delay.o(.text) refers to delay.o(.data) for fac_us
[...]
    TIM_SetIC2Prescaler                      0x080056b5   Thumb Code    26  stm32f4xx_tim.o(.text)
    TIM_SetIC1Prescaler                      0x08005729   Thumb Code    18  stm32f4xx_tim.o(.text)
    TIM_ICInit                               0x08005775   Thumb Code   110  stm32f4xx_tim.o(.text)
    TIM_ICStructInit                         0x080057e3   Thumb Code    18  stm32f4xx_tim.o(.text)
    TIM_PWMIConfig                           0x080057f5   Thumb Code   124  stm32f4xx_tim.o(.text)
    TIM_GetCapture1                          0x08005871   Thumb Code     6  stm32f4xx_tim.o(.text)
    TIM_GetCapture2                          0x08005877   Thumb Code     6  stm32f4xx_tim.o(.text)
    TIM_GetCapture3                          0x0800587d   Thumb Code     6  stm32f4xx_tim.o(.text)
    TIM_GetCapture4                          0x08005883   Thumb Code     6  stm32f4xx_tim.o(.text)
    TIM_BDTRConfig                           0x08005889   Thumb Code    32  stm32f4xx_tim.o(.text)
    TIM_BDTRStructInit                       0x080058a9   Thumb Code    18  stm32f4xx_tim.o(.text)
    TIM_CtrlPWMOutputs                       0x080058bb   Thumb Code    30  stm32f4xx_tim.o(.text)
    TIM_SelectCOM                            0x080058d9   Thumb Code    24  stm32f4xx_tim.o(.text)
    TIM_CCPreloadControl                     0x080058f1   Thumb Code    24  stm32f4xx_tim.o(.text)
    TIM_ITConfig                             0x08005909   Thumb Code    18  stm32f4xx_tim.o(.text)
    TIM_GenerateEvent                        0x0800591b   Thumb Code     4  stm32f4xx_tim.o(.text)
    TIM_GetFlagStatus                        0x0800591f   Thumb Code    18  stm32f4xx_tim.o(.text)
    TIM_ClearFlag                            0x08005931   Thumb Code     6  stm32f4xx_tim.o(.text)
    TIM_GetITStatus                          0x08005937   Thumb Code    34  stm32f4xx_tim.o(.text)
    TIM_ClearITPendingBit                    0x08005959   Thumb Code     6  stm32f4xx_tim.o(.text)
    TIM_DMAConfig                            0x0800595f   Thumb Code    10  stm32f4xx_tim.o(.text)
    TIM_DMACmd                               0x08005969   Thumb Code    18  stm32f4xx_tim.o(.text)
    TIM_SelectCCDMA                          0x0800597b   Thumb Code    24  stm32f4xx_tim.o(.text)
    TIM_InternalClockConfig                  0x08005993   Thumb Code    12  stm32f4xx_tim.o(.text)
    TIM_SelectInputTrigger                   0x0800599f   Thumb Code    18  stm32f4xx_tim.o(.text)
    TIM_ITRxExternalClockConfig              0x080059b1   Thumb Code    24  stm32f4xx_tim.o(.text)
    TIM_TIxExternalClockConfig               0x080059c9   Thumb Code    62  stm32f4xx_tim.o(.text)
    TIM_ETRConfig                            0x08005a07   Thumb Code    28  stm32f4xx_tim.o(.text)
    TIM_ETRClockMode1Config                  0x08005a23   Thumb Code    54  stm32f4xx_tim.o(.text)
    TIM_ETRClockMode2Config                  0x08005a59   Thumb Code    32  stm32f4xx_tim.o(.text)
    TIM_SelectOutputTrigger                  0x08005a79   Thumb Code    18  stm32f4xx_tim.o(.text)
    TIM_SelectSlaveMode                      0x08005a8b   Thumb Code    18  stm32f4xx_tim.o(.text)
    TIM_SelectMasterSlaveMode                0x08005a9d   Thumb Code    18  stm32f4xx_tim.o(.text)
    TIM_EncoderInterfaceConfig               0x08005aaf   Thumb Code    66  stm32f4xx_tim.o(.text)
    TIM_SelectHallSensor                     0x08005af1   Thumb Code    24  stm32f4xx_tim.o(.text)
    TIM_RemapConfig                          0x08005b09   Thumb Code     6  stm32f4xx_tim.o(.text)
    lv_disp_get_scr_act                      0x08005b11   Thumb Code    22  lv_disp.o(.text)
    lv_disp_get_scr_prev                     0x08005b27   Thumb Code    22  lv_disp.o(.text)
    lv_disp_load_scr                         0x08005b3d   Thumb Code    28  lv_disp.o(.text)
    lv_disp_get_layer_top                    0x08005b59   Thumb Code    22  lv_disp.o(.text)
    lv_disp_get_layer_sys                    0x08005b6f   Thumb Code    22  lv_disp.o(.text)
    lv_disp_assign_screen                    0x08005b85   Thumb Code    50  lv_disp.o(.text)
    lv_disp_set_bg_color                     0x08005bb7   Thumb Code    74  lv_disp.o(.text)
    lv_disp_set_bg_image                     0x08005c01   Thumb Code    66  lv_disp.o(.text)
    lv_disp_set_bg_opa                       0x08005c43   Thumb Code    68  lv_disp.o(.text)
    lv_scr_load_anim                         0x08005d03   Thumb Code   720  lv_disp.o(.text)
    lv_disp_get_inactive_time                0x08005fd3   Thumb Code    74  lv_disp.o(.text)
    lv_disp_trig_activity                    0x0800601d   Thumb Code    28  lv_disp.o(.text)
    lv_disp_clean_dcache                     0x08006039   Thumb Code    30  lv_disp.o(.text)
    _lv_disp_get_refr_task                   0x08006057   Thumb Code    22  lv_disp.o(.text)
    _lv_group_init                           0x080060a9   Thumb Code    12  lv_group.o(.text)
    lv_group_create                          0x080060b5   Thumb Code   108  lv_group.o(.text)
    lv_group_del                             0x08006121   Thumb Code    80  lv_group.o(.text)
    lv_group_focus_prev                      0x0800629f   Thumb Code    16  lv_group.o(.text)
    lv_group_focus_next                      0x080062af   Thumb Code    16  lv_group.o(.text)
    lv_group_add_obj                         0x080062fb   Thumb Code   126  lv_group.o(.text)
    lv_group_remove_obj                      0x08006379   Thumb Code   146  lv_group.o(.text)
    lv_group_remove_all_objs                 0x0800640b   Thumb Code    70  lv_group.o(.text)
    lv_group_get_focused                     0x08006451   Thumb Code    22  lv_group.o(.text)
    lv_group_set_editing                     0x08006467   Thumb Code   130  lv_group.o(.text)
    lv_group_focus_obj                       0x080064e9   Thumb Code   200  lv_group.o(.text)
    lv_group_focus_freeze                    0x080065b1   Thumb Code    24  lv_group.o(.text)
    lv_group_send_data                       0x080065c9   Thumb Code    62  lv_group.o(.text)
    lv_group_set_focus_cb                    0x08006607   Thumb Code     4  lv_group.o(.text)
    lv_group_set_click_focus                 0x0800660b   Thumb Code    10  lv_group.o(.text)
    lv_group_set_refocus_policy              0x08006615   Thumb Code    10  lv_group.o(.text)
    lv_group_set_wrap                        0x0800661f   Thumb Code    10  lv_group.o(.text)
    lv_group_get_focus_cb                    0x08006629   Thumb Code    12  lv_group.o(.text)
    lv_group_get_editing                     0x08006635   Thumb Code    16  lv_group.o(.text)
    lv_group_get_click_focus                 0x08006645   Thumb Code    16  lv_group.o(.text)
    lv_group_get_wrap                        0x08006655   Thumb Code    16  lv_group.o(.text)
    lv_indev_reset                           0x08006665   Thumb Code   164  lv_indev.o(.text)
    _lv_indev_init                           0x08006709   Thumb Code    12  lv_indev.o(.text)
    lv_indev_search_obj                      0x08007145   Thumb Code   144  lv_indev.o(.text)
    _lv_indev_read_task                      0x08007ea5   Thumb Code   258  lv_indev.o(.text)
    lv_indev_get_act                         0x08007fa7   Thumb Code     6  lv_indev.o(.text)
    lv_indev_get_type                        0x08007fad   Thumb Code    12  lv_indev.o(.text)
    lv_indev_reset_long_press                0x08007fb9   Thumb Code    30  lv_indev.o(.text)
    lv_indev_enable                          0x08007fd7   Thumb Code    22  lv_indev.o(.text)
    lv_indev_set_cursor                      0x08007fed   Thumb Code    58  lv_indev.o(.text)
    lv_indev_set_group                       0x08008027   Thumb Code    16  lv_indev.o(.text)
    lv_indev_set_button_points               0x08008037   Thumb Code    10  lv_indev.o(.text)
    lv_indev_get_point                       0x08008041   Thumb Code    44  lv_indev.o(.text)
    lv_indev_get_gesture_dir                 0x0800806d   Thumb Code     8  lv_indev.o(.text)
    lv_indev_get_key                         0x08008075   Thumb Code    16  lv_indev.o(.text)
    lv_indev_is_dragging                     0x08008085   Thumb Code    34  lv_indev.o(.text)
    lv_indev_get_vect                        0x080080a7   Thumb Code    42  lv_indev.o(.text)
    lv_indev_finish_drag                     0x080080d1   Thumb Code   110  lv_indev.o(.text)
    lv_indev_wait_release                    0x0800813f   Thumb Code    22  lv_indev.o(.text)
    lv_indev_get_obj_act                     0x08008155   Thumb Code     6  lv_indev.o(.text)
    lv_indev_get_read_task                   0x0800815b   Thumb Code    12  lv_indev.o(.text)
    lv_obj_get_parent                        0x080081cb   Thumb Code    34  lv_obj.o(.text)
    lv_signal_send                           0x080081ed   Thumb Code    40  lv_obj.o(.text)
    lv_obj_get_state                         0x08008215   Thumb Code    68  lv_obj.o(.text)
    lv_obj_get_style_list                    0x08008259   Thumb Code    46  lv_obj.o(.text)
    _lv_obj_get_style_ptr                    0x08008287   Thumb Code   264  lv_obj.o(.text)
    _lv_obj_get_style_opa                    0x0800838f   Thumb Code   278  lv_obj.o(.text)
    _lv_obj_get_style_int                    0x080088c3   Thumb Code   646  lv_obj.o(.text)
    lv_obj_get_screen                        0x08008b5b   Thumb Code    54  lv_obj.o(.text)
    lv_obj_get_disp                          0x08008b91   Thumb Code   116  lv_obj.o(.text)
    lv_obj_get_hidden                        0x08008c05   Thumb Code    42  lv_obj.o(.text)
    lv_obj_area_is_visible                   0x08008c2f   Thumb Code   226  lv_obj.o(.text)
    lv_obj_invalidate_area                   0x08008d11   Thumb Code    74  lv_obj.o(.text)
    lv_obj_invalidate                        0x08008d5b   Thumb Code   104  lv_obj.o(.text)
    lv_obj_get_child                         0x08008dc3   Thumb Code    62  lv_obj.o(.text)
    lv_obj_refresh_style                     0x08008fb5   Thumb Code   398  lv_obj.o(.text)
    _lv_obj_set_style_local_opa              0x080091c1   Thumb Code    60  lv_obj.o(.text)
    _lv_obj_get_style_color                  0x080091fd   Thumb Code   152  lv_obj.o(.text)
    lv_init                                  0x08009295   Thumb Code   140  lv_obj.o(.text)
    lv_deinit                                0x08009321   Thumb Code    24  lv_obj.o(.text)
    lv_obj_get_y                             0x08009339   Thumb Code    60  lv_obj.o(.text)
    lv_obj_get_x                             0x08009375   Thumb Code    60  lv_obj.o(.text)
    lv_obj_get_coords                        0x08009401   Thumb Code    46  lv_obj.o(.text)
    lv_obj_set_pos                           0x0800942f   Thumb Code   194  lv_obj.o(.text)
    lv_obj_get_base_dir                      0x080094f1   Thumb Code    36  lv_obj.o(.text)
    lv_obj_init_draw_rect_dsc                0x08009515   Thumb Code   888  lv_obj.o(.text)
    lv_obj_clean_style_list                  0x08009b0d   Thumb Code    42  lv_obj.o(.text)
    lv_obj_get_width                         0x08009cfb   Thumb Code    40  lv_obj.o(.text)
    _lv_obj_disable_style_caching            0x0800a233   Thumb Code    84  lv_obj.o(.text)
    lv_obj_init_draw_line_dsc                0x0800a287   Thumb Code   204  lv_obj.o(.text)
    lv_obj_init_draw_img_dsc                 0x0800a353   Thumb Code   180  lv_obj.o(.text)
    lv_obj_init_draw_label_dsc               0x0800a407   Thumb Code   230  lv_obj.o(.text)
    lv_obj_set_state                         0x0800a6c1   Thumb Code   572  lv_obj.o(.text)
    lv_obj_clear_state                       0x0800a8fd   Thumb Code    58  lv_obj.o(.text)
    lv_obj_get_focus_parent                  0x0800a937   Thumb Code    12  lv_obj.o(.text)
    lv_obj_get_focused_obj                   0x0800a943   Thumb Code    38  lv_obj.o(.text)
    lv_obj_add_state                         0x0800a969   Thumb Code    58  lv_obj.o(.text)
    lv_obj_get_group                         0x0800a9a3   Thumb Code    34  lv_obj.o(.text)
    lv_obj_refresh_ext_draw_pad              0x0800a9c5   Thumb Code    46  lv_obj.o(.text)
    lv_obj_set_y                             0x0800a9f3   Thumb Code    52  lv_obj.o(.text)
    lv_obj_set_x                             0x0800aa27   Thumb Code    52  lv_obj.o(.text)
    lv_obj_align                             0x0800ab09   Thumb Code   126  lv_obj.o(.text)
    lv_obj_get_height                        0x0800ab87   Thumb Code    40  lv_obj.o(.text)
    lv_obj_align_mid                         0x0800ae71   Thumb Code   128  lv_obj.o(.text)
    lv_obj_realign                           0x0800aef1   Thumb Code    92  lv_obj.o(.text)
    lv_obj_get_draw_rect_ext_pad_size        0x0800af4d   Thumb Code   652  lv_obj.o(.text)
    lv_obj_is_protected                      0x0800b1d9   Thumb Code    48  lv_obj.o(.text)
    lv_obj_handle_get_type_signal            0x0800b209   Thumb Code    34  lv_obj.o(.text)
    lv_obj_create                            0x0800b34f   Thumb Code  1008  lv_obj.o(.text)
    lv_event_send_func                       0x0800b759   Thumb Code   176  lv_obj.o(.text)
    lv_event_send                            0x0800b809   Thumb Code    62  lv_obj.o(.text)
    lv_obj_del                               0x0800b92f   Thumb Code   104  lv_obj.o(.text)
    lv_obj_del_anim_ready_cb                 0x0800b997   Thumb Code    12  lv_obj.o(.text)
    lv_obj_del_async                         0x0800b9c9   Thumb Code    40  lv_obj.o(.text)
    lv_obj_clean                             0x0800b9f1   Thumb Code    64  lv_obj.o(.text)
    lv_obj_is_visible                        0x0800ba31   Thumb Code   102  lv_obj.o(.text)
    lv_obj_set_parent                        0x0800ba97   Thumb Code   250  lv_obj.o(.text)
    lv_obj_move_foreground                   0x0800bb91   Thumb Code    88  lv_obj.o(.text)
    lv_obj_move_background                   0x0800bbe9   Thumb Code    88  lv_obj.o(.text)
    lv_obj_set_size                          0x0800bc41   Thumb Code   206  lv_obj.o(.text)
    lv_obj_set_width                         0x0800bd0f   Thumb Code    52  lv_obj.o(.text)
    lv_obj_set_height                        0x0800bd43   Thumb Code    52  lv_obj.o(.text)
    lv_obj_set_width_fit                     0x0800bd77   Thumb Code    44  lv_obj.o(.text)
    lv_obj_set_height_fit                    0x0800bda3   Thumb Code    44  lv_obj.o(.text)
    lv_obj_set_width_margin                  0x0800bdcf   Thumb Code    44  lv_obj.o(.text)
    lv_obj_set_height_margin                 0x0800bdfb   Thumb Code    44  lv_obj.o(.text)
    lv_obj_align_x                           0x0800be27   Thumb Code    94  lv_obj.o(.text)
    lv_obj_align_y                           0x0800be85   Thumb Code    96  lv_obj.o(.text)
    lv_obj_align_mid_x                       0x0800bee5   Thumb Code    94  lv_obj.o(.text)
    lv_obj_align_mid_y                       0x0800bf43   Thumb Code   100  lv_obj.o(.text)
    lv_obj_set_auto_realign                  0x0800bfa7   Thumb Code    46  lv_obj.o(.text)
    lv_obj_set_ext_click_area                0x0800bfd5   Thumb Code    74  lv_obj.o(.text)
    lv_obj_add_style                         0x0800c01f   Thumb Code    64  lv_obj.o(.text)
    lv_obj_remove_style                      0x0800c05f   Thumb Code    64  lv_obj.o(.text)
    lv_obj_reset_style_list                  0x0800c09f   Thumb Code    26  lv_obj.o(.text)
    _lv_obj_set_style_local_int              0x0800c0b9   Thumb Code    60  lv_obj.o(.text)
    _lv_obj_set_style_local_color            0x0800c0f5   Thumb Code    58  lv_obj.o(.text)
    _lv_obj_set_style_local_ptr              0x0800c12f   Thumb Code    60  lv_obj.o(.text)
    lv_obj_get_local_style                   0x0800c16b   Thumb Code    50  lv_obj.o(.text)
    lv_obj_remove_style_local_prop           0x0800c19d   Thumb Code    64  lv_obj.o(.text)
    lv_obj_report_style_mod                  0x0800c289   Thumb Code    66  lv_obj.o(.text)
    lv_obj_set_hidden                        0x0800c2cb   Thumb Code    96  lv_obj.o(.text)
    lv_obj_set_adv_hittest                   0x0800c32b   Thumb Code    46  lv_obj.o(.text)
    lv_obj_set_click                         0x0800c359   Thumb Code    50  lv_obj.o(.text)
    lv_obj_set_top                           0x0800c38b   Thumb Code    54  lv_obj.o(.text)
    lv_obj_set_drag                          0x0800c3c1   Thumb Code    62  lv_obj.o(.text)
    lv_obj_set_drag_dir                      0x0800c3ff   Thumb Code    62  lv_obj.o(.text)
    lv_obj_set_drag_throw                    0x0800c43d   Thumb Code    50  lv_obj.o(.text)
    lv_obj_set_drag_parent                   0x0800c46f   Thumb Code    50  lv_obj.o(.text)
    lv_obj_set_gesture_parent                0x0800c4a1   Thumb Code    18  lv_obj.o(.text)
    lv_obj_is_focused                        0x0800c4b3   Thumb Code    52  lv_obj.o(.text)
    lv_obj_set_focus_parent                  0x0800c4e7   Thumb Code   108  lv_obj.o(.text)
    lv_obj_set_parent_event                  0x0800c553   Thumb Code    50  lv_obj.o(.text)
    lv_obj_set_base_dir                      0x0800c5c1   Thumb Code    54  lv_obj.o(.text)
    lv_obj_add_protect                       0x0800c5f7   Thumb Code    44  lv_obj.o(.text)
    lv_obj_clear_protect                     0x0800c623   Thumb Code    48  lv_obj.o(.text)
    lv_obj_finish_transitions                0x0800c653   Thumb Code    68  lv_obj.o(.text)
    lv_obj_set_event_cb                      0x0800c697   Thumb Code    36  lv_obj.o(.text)
    lv_event_send_refresh                    0x0800c6bb   Thumb Code    16  lv_obj.o(.text)
    lv_event_send_refresh_recursive          0x0800c6cb   Thumb Code   130  lv_obj.o(.text)
    lv_event_get_data                        0x0800c74d   Thumb Code     6  lv_obj.o(.text)
    lv_obj_set_signal_cb                     0x0800c753   Thumb Code    36  lv_obj.o(.text)
    lv_obj_set_design_cb                     0x0800c777   Thumb Code    36  lv_obj.o(.text)
    lv_obj_allocate_ext_attr                 0x0800c79b   Thumb Code    66  lv_obj.o(.text)
    lv_obj_get_child_back                    0x0800c7dd   Thumb Code    60  lv_obj.o(.text)
    lv_obj_count_children                    0x0800c819   Thumb Code    64  lv_obj.o(.text)
    lv_obj_count_children_recursive          0x0800c859   Thumb Code    74  lv_obj.o(.text)
    lv_obj_get_inner_coords                  0x0800c8a3   Thumb Code   114  lv_obj.o(.text)
    lv_obj_get_width_fit                     0x0800c915   Thumb Code    64  lv_obj.o(.text)
    lv_obj_get_height_fit                    0x0800c955   Thumb Code    64  lv_obj.o(.text)
    lv_obj_get_height_margin                 0x0800c995   Thumb Code    38  lv_obj.o(.text)
    lv_obj_get_width_margin                  0x0800c9bb   Thumb Code    38  lv_obj.o(.text)
    lv_obj_get_width_grid                    0x0800c9e1   Thumb Code    58  lv_obj.o(.text)
    lv_obj_get_height_grid                   0x0800ca1b   Thumb Code    58  lv_obj.o(.text)
    lv_obj_get_auto_realign                  0x0800ca55   Thumb Code    40  lv_obj.o(.text)
    lv_obj_get_ext_click_pad_left            0x0800ca7d   Thumb Code    36  lv_obj.o(.text)
    lv_obj_get_ext_click_pad_right           0x0800caa1   Thumb Code    36  lv_obj.o(.text)
    lv_obj_get_ext_click_pad_top             0x0800cac5   Thumb Code    36  lv_obj.o(.text)
    lv_obj_get_ext_click_pad_bottom          0x0800cae9   Thumb Code    36  lv_obj.o(.text)
    lv_obj_get_ext_draw_pad                  0x0800cb0d   Thumb Code    36  lv_obj.o(.text)
    lv_obj_get_adv_hittest                   0x0800cb31   Thumb Code    38  lv_obj.o(.text)
    lv_obj_get_click                         0x0800cb57   Thumb Code    40  lv_obj.o(.text)
    lv_obj_get_top                           0x0800cb7f   Thumb Code    40  lv_obj.o(.text)
    lv_obj_get_drag                          0x0800cba7   Thumb Code    46  lv_obj.o(.text)
    lv_obj_get_drag_dir                      0x0800cbd5   Thumb Code    40  lv_obj.o(.text)
    lv_obj_get_drag_throw                    0x0800cbfd   Thumb Code    40  lv_obj.o(.text)
    lv_obj_get_drag_parent                   0x0800cc25   Thumb Code    12  lv_obj.o(.text)
    lv_obj_get_gesture_parent                0x0800cc31   Thumb Code    12  lv_obj.o(.text)
    lv_obj_get_parent_event                  0x0800cc3d   Thumb Code    40  lv_obj.o(.text)
    lv_obj_get_protect                       0x0800cc65   Thumb Code    36  lv_obj.o(.text)
    lv_obj_get_signal_cb                     0x0800cc89   Thumb Code    34  lv_obj.o(.text)
    lv_obj_get_design_cb                     0x0800ccab   Thumb Code    34  lv_obj.o(.text)
    lv_obj_get_event_cb                      0x0800cccd   Thumb Code    34  lv_obj.o(.text)
    lv_obj_get_ext_attr                      0x0800ccef   Thumb Code    34  lv_obj.o(.text)
    lv_obj_get_type                          0x0800cd11   Thumb Code   140  lv_obj.o(.text)
    lv_obj_is_point_on_coords                0x0800cd9d   Thumb Code    82  lv_obj.o(.text)
    lv_obj_hittest                           0x0800cdef   Thumb Code    48  lv_obj.o(.text)
    lv_obj_fade_in                           0x0800ce5f   Thumb Code    76  lv_obj.o(.text)
    lv_obj_fade_out                          0x0800ceab   Thumb Code    68  lv_obj.o(.text)
    lv_debug_check_obj_type                  0x0800ceef   Thumb Code    68  lv_obj.o(.text)
    lv_debug_check_obj_valid                 0x0800cf71   Thumb Code   100  lv_obj.o(.text)
    _lv_refr_init                            0x0800d4a7   Thumb Code     2  lv_refr.o(.text)
    _lv_refr_get_disp_refreshing             0x0800d83f   Thumb Code     6  lv_refr.o(.text)
    _lv_disp_refr_task                       0x0800dfc3   Thumb Code   456  lv_refr.o(.text)
    lv_refr_now                              0x0800e18b   Thumb Code    50  lv_refr.o(.text)
    _lv_inv_area                             0x0800e1bd   Thumb Code   252  lv_refr.o(.text)
    _lv_refr_set_disp_refreshing             0x0800e2b9   Thumb Code     6  lv_refr.o(.text)
    lv_style_init                            0x0800e331   Thumb Code    14  lv_style.o(.text)
    _lv_style_get_mem_size                   0x0800e363   Thumb Code    48  lv_style.o(.text)
    lv_style_copy                            0x0800e393   Thumb Code    44  lv_style.o(.text)
    lv_style_remove_prop                     0x0800e45f   Thumb Code   112  lv_style.o(.text)
    lv_style_list_init                       0x0800e4cf   Thumb Code    14  lv_style.o(.text)
    _lv_style_list_remove_style              0x0800e4dd   Thumb Code   228  lv_style.o(.text)
    _lv_style_list_add_style                 0x0800e5c1   Thumb Code   162  lv_style.o(.text)
    lv_style_reset                           0x0800e6c1   Thumb Code    18  lv_style.o(.text)
    _lv_style_list_get_transition_style      0x0800e6d3   Thumb Code    20  lv_style.o(.text)
    lv_style_list_get_local_style            0x0800e6e7   Thumb Code    34  lv_style.o(.text)
    _lv_style_list_reset                     0x0800e709   Thumb Code   128  lv_style.o(.text)
    lv_style_list_copy                       0x0800e789   Thumb Code   290  lv_style.o(.text)
    _lv_style_set_int                        0x0800e8ab   Thumb Code   182  lv_style.o(.text)
    _lv_style_set_color                      0x0800e961   Thumb Code   166  lv_style.o(.text)
    _lv_style_set_opa                        0x0800ea07   Thumb Code   166  lv_style.o(.text)
    _lv_style_set_ptr                        0x0800eaad   Thumb Code   166  lv_style.o(.text)
    _lv_style_get_int                        0x0800eb53   Thumb Code    62  lv_style.o(.text)
    _lv_style_get_opa                        0x0800eb91   Thumb Code    62  lv_style.o(.text)
    _lv_style_get_color                      0x0800ebcf   Thumb Code    62  lv_style.o(.text)
    _lv_style_get_ptr                        0x0800ec0d   Thumb Code    62  lv_style.o(.text)
    _lv_style_list_add_trans_style           0x0800ec4b   Thumb Code   116  lv_style.o(.text)
    _lv_style_list_set_local_int             0x0800ecbf   Thumb Code    32  lv_style.o(.text)
    _lv_style_list_set_local_opa             0x0800ecdf   Thumb Code    32  lv_style.o(.text)
    _lv_style_list_set_local_color           0x0800ecff   Thumb Code    26  lv_style.o(.text)
    _lv_style_list_set_local_ptr             0x0800ed19   Thumb Code    32  lv_style.o(.text)
    _lv_style_list_get_int                   0x0800ed39   Thumb Code   152  lv_style.o(.text)
    _lv_style_list_get_color                 0x0800edd1   Thumb Code   152  lv_style.o(.text)
    _lv_style_list_get_opa                   0x0800ee69   Thumb Code   152  lv_style.o(.text)
    _lv_style_list_get_ptr                   0x0800ef01   Thumb Code   142  lv_style.o(.text)
    lv_debug_check_style                     0x0800ef8f   Thumb Code    12  lv_style.o(.text)
    lv_debug_check_style_list                0x0800ef9b   Thumb Code    12  lv_style.o(.text)
    _lv_blend_fill                           0x0800f655   Thumb Code   266  lv_draw_blend.o(.text)
    _lv_blend_map                            0x0800fd95   Thumb Code   276  lv_draw_blend.o(.text)
    lv_draw_img_dsc_init                     0x08010273   Thumb Code    36  lv_draw_img.o(.text)
    lv_img_cf_has_alpha                      0x08010881   Thumb Code    58  lv_draw_img.o(.text)
    lv_img_cf_is_chroma_keyed                0x080108bb   Thumb Code    44  lv_draw_img.o(.text)
    lv_draw_img                              0x08010ad7   Thumb Code    68  lv_draw_img.o(.text)
    lv_img_cf_get_px_size                    0x08010b1b   Thumb Code    76  lv_draw_img.o(.text)
    lv_img_src_get_type                      0x08010b67   Thumb Code    42  lv_draw_img.o(.text)
    lv_draw_label_dsc_init                   0x08010c45   Thumb Code    68  lv_draw_label.o(.text)
    lv_draw_label                            0x0801156d   Thumb Code  1578  lv_draw_label.o(.text)
    lv_draw_line_dsc_init                    0x08011bb1   Thumb Code    32  lv_draw_line.o(.text)
    lv_draw_line                             0x08012541   Thumb Code   500  lv_draw_line.o(.text)
    lv_draw_mask_add                         0x08012767   Thumb Code    54  lv_draw_mask.o(.text)
    lv_draw_mask_apply                       0x0801279d   Thumb Code    84  lv_draw_mask.o(.text)
    lv_draw_mask_remove_id                   0x080127f1   Thumb Code    30  lv_draw_mask.o(.text)
    lv_draw_mask_remove_custom               0x0801280f   Thumb Code    52  lv_draw_mask.o(.text)
    lv_draw_mask_get_cnt                     0x08012843   Thumb Code    28  lv_draw_mask.o(.text)
    lv_draw_mask_line_points_init            0x08012e3b   Thumb Code   404  lv_draw_mask.o(.text)
    lv_draw_mask_line_angle_init             0x08012fcf   Thumb Code    74  lv_draw_mask.o(.text)
    lv_draw_mask_angle_init                  0x08013449   Thumb Code   228  lv_draw_mask.o(.text)
    lv_draw_mask_radius_init                 0x08013ad5   Thumb Code    90  lv_draw_mask.o(.text)
    lv_draw_mask_fade_init                   0x08013c33   Thumb Code    50  lv_draw_mask.o(.text)
    lv_draw_mask_map_init                    0x08013d13   Thumb Code    30  lv_draw_mask.o(.text)
    lv_draw_rect_dsc_init                    0x08013d7b   Thumb Code   120  lv_draw_rect.o(.text)
    lv_draw_rect                             0x08016295   Thumb Code    94  lv_draw_rect.o(.text)
    lv_draw_px                               0x080162f3   Thumb Code     2  lv_draw_rect.o(.text)
    lv_img_buf_get_px_color                  0x08016467   Thumb Code   350  lv_img_buf.o(.text)
    lv_img_buf_get_px_alpha                  0x080165c5   Thumb Code   298  lv_img_buf.o(.text)
    lv_img_buf_set_px_alpha                  0x080166ef   Thumb Code   292  lv_img_buf.o(.text)
    lv_img_buf_set_px_color                  0x08016813   Thumb Code   378  lv_img_buf.o(.text)
    lv_img_buf_set_palette                   0x0801698d   Thumb Code   192  lv_img_buf.o(.text)
    lv_img_buf_get_img_size                  0x08016a4d   Thumb Code   168  lv_img_buf.o(.text)
    lv_img_buf_alloc                         0x08016af5   Thumb Code   126  lv_img_buf.o(.text)
    lv_img_buf_free                          0x08016b73   Thumb Code    24  lv_img_buf.o(.text)
    _lv_img_buf_transform_init               0x08016b8b   Thumb Code   296  lv_img_buf.o(.text)
    _lv_img_buf_get_transformed_area         0x08016cb3   Thumb Code   878  lv_img_buf.o(.text)
    _lv_img_buf_transform_anti_alias         0x08017021   Thumb Code   824  lv_img_buf.o(.text)
    _lv_img_cache_open                       0x0801739d   Thumb Code   288  lv_img_cache.o(.text)
    lv_img_cache_invalidate_src              0x080174bd   Thumb Code    84  lv_img_cache.o(.text)
    lv_img_cache_set_size                    0x08017511   Thumb Code   106  lv_img_cache.o(.text)
    lv_img_decoder_built_in_close            0x080175c9   Thumb Code    54  lv_img_decoder.o(.text)
    lv_img_decoder_set_close_cb              0x080175ff   Thumb Code     4  lv_img_decoder.o(.text)
    lv_img_decoder_built_in_read_line        0x080179c3   Thumb Code   200  lv_img_decoder.o(.text)
    lv_img_decoder_set_read_line_cb          0x08017a8b   Thumb Code     4  lv_img_decoder.o(.text)
    lv_img_decoder_built_in_open             0x08017a8f   Thumb Code   612  lv_img_decoder.o(.text)
    lv_img_decoder_set_open_cb               0x08017cf3   Thumb Code     4  lv_img_decoder.o(.text)
    lv_img_decoder_built_in_info             0x08017cf7   Thumb Code   220  lv_img_decoder.o(.text)
    lv_img_decoder_set_info_cb               0x08017dd3   Thumb Code     4  lv_img_decoder.o(.text)
    lv_img_decoder_create                    0x08017dd7   Thumb Code    56  lv_img_decoder.o(.text)
    _lv_img_decoder_init                     0x08017e0f   Thumb Code    92  lv_img_decoder.o(.text)
    lv_img_decoder_get_info                  0x08017e6b   Thumb Code    72  lv_img_decoder.o(.text)
    lv_img_decoder_open                      0x08017eb3   Thumb Code   220  lv_img_decoder.o(.text)
    lv_img_decoder_read_line                 0x08017f8f   Thumb Code    52  lv_img_decoder.o(.text)
    lv_img_decoder_close                     0x08017fc3   Thumb Code    40  lv_img_decoder.o(.text)
    lv_img_decoder_delete                    0x08017feb   Thumb Code    20  lv_img_decoder.o(.text)
    lv_font_get_glyph_bitmap                 0x08018005   Thumb Code    16  lv_font.o(.text)
    lv_font_get_glyph_dsc                    0x08018015   Thumb Code    30  lv_font.o(.text)
    lv_font_get_glyph_width                  0x08018033   Thumb Code    34  lv_font.o(.text)
    lv_font_get_bitmap_fmt_txt               0x08018541   Thumb Code   262  lv_font_fmt_txt.o(.text)
    lv_font_get_glyph_dsc_fmt_txt            0x08018751   Thumb Code   186  lv_font_fmt_txt.o(.text)
    _lv_font_clean_up_fmt_txt                0x0801880b   Thumb Code    24  lv_font_fmt_txt.o(.text)
    lv_disp_drv_init                         0x08018841   Thumb Code    86  lv_hal_disp.o(.text)
    lv_disp_buf_init                         0x08018897   Thumb Code    34  lv_hal_disp.o(.text)
    lv_disp_is_double_buf                    0x080188b9   Thumb Code    22  lv_hal_disp.o(.text)
    lv_disp_is_true_double_buf               0x080188cf   Thumb Code    36  lv_hal_disp.o(.text)
    lv_disp_drv_register                     0x080188f3   Thumb Code   282  lv_hal_disp.o(.text)
    lv_disp_get_default                      0x08018a0d   Thumb Code     6  lv_hal_disp.o(.text)
    lv_disp_get_ver_res                      0x08018a13   Thumb Code    50  lv_hal_disp.o(.text)
    lv_disp_get_hor_res                      0x08018a45   Thumb Code    50  lv_hal_disp.o(.text)
    lv_disp_drv_update                       0x08018a77   Thumb Code   126  lv_hal_disp.o(.text)
    lv_disp_set_default                      0x08018af5   Thumb Code     6  lv_hal_disp.o(.text)
    lv_disp_remove                           0x08018afb   Thumb Code    82  lv_hal_disp.o(.text)
    lv_disp_get_antialiasing                 0x08018b4d   Thumb Code    26  lv_hal_disp.o(.text)
    lv_disp_get_dpi                          0x08018b67   Thumb Code    26  lv_hal_disp.o(.text)
    lv_disp_get_size_category                0x08018b81   Thumb Code    74  lv_hal_disp.o(.text)
    lv_disp_flush_ready                      0x08018bcb   Thumb Code    12  lv_hal_disp.o(.text)
    lv_disp_flush_is_last                    0x08018bd7   Thumb Code    16  lv_hal_disp.o(.text)
    lv_disp_get_next                         0x08018be7   Thumb Code    24  lv_hal_disp.o(.text)
    lv_disp_get_buf                          0x08018bff   Thumb Code     6  lv_hal_disp.o(.text)
    lv_disp_get_inv_buf_size                 0x08018c05   Thumb Code    12  lv_hal_disp.o(.text)
    _lv_disp_pop_from_inv_buf                0x08018c11   Thumb Code    46  lv_hal_disp.o(.text)
    lv_disp_set_rotation                     0x08018c3f   Thumb Code    66  lv_hal_disp.o(.text)
    lv_disp_get_rotation                     0x08018c81   Thumb Code    20  lv_hal_disp.o(.text)
    lv_indev_drv_init                        0x08018c95   Thumb Code    42  lv_hal_indev.o(.text)
    lv_indev_drv_register                    0x08018cbf   Thumb Code   120  lv_hal_indev.o(.text)
    lv_indev_drv_update                      0x08018d37   Thumb Code    18  lv_hal_indev.o(.text)
    lv_indev_get_next                        0x08018d49   Thumb Code    24  lv_hal_indev.o(.text)
    _lv_indev_read                           0x08018d61   Thumb Code    76  lv_hal_indev.o(.text)
    lv_tick_inc                              0x08018dc5   Thumb Code    18  lv_hal_tick.o(.text)
    lv_tick_get                              0x08018dd7   Thumb Code    22  lv_hal_tick.o(.text)
    lv_tick_elaps                            0x08018ded   Thumb Code    26  lv_hal_tick.o(.text)
    lv_anim_path_linear                      0x08018eeb   Thumb Code    46  lv_anim.o(.text)
    _lv_anim_core_init                       0x08019003   Thumb Code    38  lv_anim.o(.text)
    lv_anim_init                             0x08019029   Thumb Code    76  lv_anim.o(.text)
    lv_anim_del                              0x08019075   Thumb Code    80  lv_anim.o(.text)
    lv_anim_start                            0x080190c5   Thumb Code   136  lv_anim.o(.text)
    lv_anim_get                              0x0801914d   Thumb Code    50  lv_anim.o(.text)
    lv_anim_count_running                    0x0801917f   Thumb Code    36  lv_anim.o(.text)
    lv_anim_speed_to_time                    0x080191a3   Thumb Code    34  lv_anim.o(.text)
    lv_anim_refr_now                         0x080191c5   Thumb Code    10  lv_anim.o(.text)
    lv_anim_path_ease_in                     0x080191cf   Thumb Code   116  lv_anim.o(.text)
    lv_anim_path_ease_out                    0x08019243   Thumb Code    70  lv_anim.o(.text)
    lv_anim_path_ease_in_out                 0x08019289   Thumb Code    72  lv_anim.o(.text)
    lv_anim_path_overshoot                   0x080192d1   Thumb Code    74  lv_anim.o(.text)
    lv_anim_path_bounce                      0x0801931b   Thumb Code   230  lv_anim.o(.text)
    lv_anim_path_step                        0x08019401   Thumb Code    22  lv_anim.o(.text)
    lv_area_set                              0x08019417   Thumb Code    14  lv_area.o(.text)
    lv_area_set_width                        0x08019425   Thumb Code    12  lv_area.o(.text)
    lv_area_set_height                       0x08019431   Thumb Code    12  lv_area.o(.text)
    _lv_area_set_pos                         0x0801943d   Thumb Code    50  lv_area.o(.text)
    lv_area_get_size                         0x0801946f   Thumb Code    34  lv_area.o(.text)
    _lv_area_intersect                       0x08019491   Thumb Code   130  lv_area.o(.text)
    _lv_area_join                            0x08019513   Thumb Code   100  lv_area.o(.text)
    _lv_area_is_point_on                     0x080195c7   Thumb Code   402  lv_area.o(.text)
    _lv_area_is_on                           0x08019759   Thumb Code    58  lv_area.o(.text)
    _lv_area_is_in                           0x08019793   Thumb Code   188  lv_area.o(.text)
    _lv_area_align                           0x0801984f   Thumb Code   868  lv_area.o(.text)
    lv_async_call                            0x08019be5   Thumb Code    66  lv_async.o(.text)
    lv_color_fill                            0x08019cfb   Thumb Code    92  lv_color.o(.text)
    lv_color_lighten                         0x08019d57   Thumb Code    34  lv_color.o(.text)
    lv_color_darken                          0x08019d79   Thumb Code    32  lv_color.o(.text)
    lv_color_hsv_to_rgb                      0x08019d99   Thumb Code   248  lv_color.o(.text)
    lv_color_rgb_to_hsv                      0x08019e91   Thumb Code   262  lv_color.o(.text)
    lv_color_to_hsv                          0x08019f97   Thumb Code   116  lv_color.o(.text)
    lv_debug_check_null                      0x0801a011   Thumb Code    12  lv_debug.o(.text)
    lv_debug_check_mem_integrity             0x0801a01d   Thumb Code    16  lv_debug.o(.text)
    lv_debug_check_str                       0x0801a02d   Thumb Code    78  lv_debug.o(.text)
    lv_debug_log_error                       0x0801a07b   Thumb Code   120  lv_debug.o(.text)
    _lv_fs_init                              0x0801a0f9   Thumb Code    12  lv_fs.o(.text)
    lv_fs_get_drv                            0x0801a105   Thumb Code    42  lv_fs.o(.text)
    lv_fs_is_ready                           0x0801a12f   Thumb Code    34  lv_fs.o(.text)
    lv_fs_open                               0x0801a177   Thumb Code   194  lv_fs.o(.text)
    lv_fs_close                              0x0801a239   Thumb Code    48  lv_fs.o(.text)
    lv_fs_remove                             0x0801a269   Thumb Code    76  lv_fs.o(.text)
    lv_fs_read                               0x0801a2b5   Thumb Code    72  lv_fs.o(.text)
    lv_fs_write                              0x0801a2fd   Thumb Code    72  lv_fs.o(.text)
    lv_fs_seek                               0x0801a345   Thumb Code    40  lv_fs.o(.text)
    lv_fs_tell                               0x0801a36d   Thumb Code    48  lv_fs.o(.text)
    lv_fs_trunc                              0x0801a39d   Thumb Code    36  lv_fs.o(.text)
    lv_fs_size                               0x0801a3c1   Thumb Code    46  lv_fs.o(.text)
    lv_fs_rename                             0x0801a3ef   Thumb Code    90  lv_fs.o(.text)
    lv_fs_dir_open                           0x0801a449   Thumb Code   202  lv_fs.o(.text)
    lv_fs_dir_read                           0x0801a513   Thumb Code    52  lv_fs.o(.text)
    lv_fs_dir_close                          0x0801a547   Thumb Code    52  lv_fs.o(.text)
    lv_fs_free_space                         0x0801a57b   Thumb Code    84  lv_fs.o(.text)
    lv_fs_drv_init                           0x0801a5cf   Thumb Code    14  lv_fs.o(.text)
    lv_fs_drv_register                       0x0801a5dd   Thumb Code    58  lv_fs.o(.text)
    lv_fs_get_letters                        0x0801a617   Thumb Code    46  lv_fs.o(.text)
    lv_fs_get_ext                            0x0801a645   Thumb Code    52  lv_fs.o(.text)
    lv_fs_up                                 0x0801a679   Thumb Code    84  lv_fs.o(.text)
    lv_fs_get_last                           0x0801a6cd   Thumb Code    82  lv_fs.o(.text)
    _lv_gc_clear_roots                       0x0801a729   Thumb Code   148  lv_gc.o(.text)
    _lv_ll_init                              0x0801a805   Thumb Code    16  lv_ll.o(.text)
    _lv_ll_ins_head                          0x0801a84b   Thumb Code    64  lv_ll.o(.text)
    _lv_ll_get_prev                          0x0801a88b   Thumb Code    18  lv_ll.o(.text)
    _lv_ll_get_head                          0x0801a89d   Thumb Code    10  lv_ll.o(.text)
    _lv_ll_ins_prev                          0x0801a8a7   Thumb Code   116  lv_ll.o(.text)
    _lv_ll_ins_tail                          0x0801a91b   Thumb Code    64  lv_ll.o(.text)
    _lv_ll_get_next                          0x0801a95b   Thumb Code    20  lv_ll.o(.text)
    _lv_ll_get_tail                          0x0801a96f   Thumb Code    10  lv_ll.o(.text)
    _lv_ll_remove                            0x0801a979   Thumb Code   138  lv_ll.o(.text)
    _lv_ll_clear                             0x0801aa03   Thumb Code    48  lv_ll.o(.text)
    _lv_ll_chg_list                          0x0801aa33   Thumb Code   112  lv_ll.o(.text)
    _lv_ll_get_len                           0x0801aaa3   Thumb Code    36  lv_ll.o(.text)
    _lv_ll_move_before                       0x0801aac7   Thumb Code   106  lv_ll.o(.text)
    _lv_ll_is_empty                          0x0801ab31   Thumb Code    24  lv_ll.o(.text)
    _lv_trigo_sin                            0x0801ab49   Thumb Code   106  lv_math.o(.text)
    _lv_bezier3                              0x0801abb3   Thumb Code    94  lv_math.o(.text)
    _lv_sqrt                                 0x0801ac11   Thumb Code    40  lv_math.o(.text)
    _lv_atan2                                0x0801ac39   Thumb Code   190  lv_math.o(.text)
    _lv_pow                                  0x0801acf7   Thumb Code    58  lv_math.o(.text)
    _lv_map                                  0x0801ad31   Thumb Code    38  lv_math.o(.text)
    _lv_mem_init                             0x0801ad5d   Thumb Code    32  lv_mem.o(.text)
    _lv_mem_deinit                           0x0801ad7d   Thumb Code    26  lv_mem.o(.text)
    lv_mem_alloc                             0x0801ae37   Thumb Code    90  lv_mem.o(.text)
    lv_mem_defrag                            0x0801ae91   Thumb Code   110  lv_mem.o(.text)
    lv_mem_free                              0x0801aeff   Thumb Code   118  lv_mem.o(.text)
    _lv_memcpy                               0x0801af75   Thumb Code   654  lv_mem.o(.text)
    _lv_mem_get_size                         0x0801b203   Thumb Code    26  lv_mem.o(.text)
    lv_mem_realloc                           0x0801b21d   Thumb Code   120  lv_mem.o(.text)
    lv_mem_test                              0x0801b295   Thumb Code    70  lv_mem.o(.text)
    _lv_memset                               0x0801b2db   Thumb Code   116  lv_mem.o(.text)
    lv_mem_monitor                           0x0801b34f   Thumb Code   148  lv_mem.o(.text)
    _lv_mem_buf_get                          0x0801b3e3   Thumb Code   290  lv_mem.o(.text)
    _lv_mem_buf_release                      0x0801b505   Thumb Code    74  lv_mem.o(.text)
    _lv_mem_buf_free_all                     0x0801b54f   Thumb Code    78  lv_mem.o(.text)
    _lv_memset_00                            0x0801b59d   Thumb Code   182  lv_mem.o(.text)
    _lv_memset_ff                            0x0801b653   Thumb Code   114  lv_mem.o(.text)
    lv_snprintf                              0x0801bf8b   Thumb Code    42  lv_printf.o(.text)
    lv_vsnprintf                             0x0801bfb5   Thumb Code    30  lv_printf.o(.text)
    lv_task_enable                           0x0801bff5   Thumb Code     6  lv_task.o(.text)
    _lv_task_core_init                       0x0801bffb   Thumb Code    18  lv_task.o(.text)
    lv_task_del                              0x0801c029   Thumb Code    40  lv_task.o(.text)
    lv_task_handler                          0x0801c091   Thumb Code   426  lv_task.o(.text)
    lv_task_create                           0x0801c23b   Thumb Code   220  lv_task.o(.text)
    lv_task_create_basic                     0x0801c317   Thumb Code    18  lv_task.o(.text)
    lv_task_set_cb                           0x0801c329   Thumb Code     4  lv_task.o(.text)
    lv_task_set_prio                         0x0801c32d   Thumb Code    94  lv_task.o(.text)
    lv_task_set_period                       0x0801c38b   Thumb Code     4  lv_task.o(.text)
    lv_task_ready                            0x0801c38f   Thumb Code    18  lv_task.o(.text)
    lv_task_set_repeat_count                 0x0801c3a1   Thumb Code     4  lv_task.o(.text)
    lv_task_reset                            0x0801c3a5   Thumb Code    12  lv_task.o(.text)
    lv_task_get_idle                         0x0801c3b1   Thumb Code     6  lv_task.o(.text)
    lv_task_get_next                         0x0801c3b7   Thumb Code    24  lv_task.o(.text)
    _lv_txt_is_cmd                           0x0801c421   Thumb Code    66  lv_txt.o(.text)
    _lv_txt_get_width                        0x0801c463   Thumb Code   148  lv_txt.o(.text)
    _lv_txt_get_next_line                    0x0801c63d   Thumb Code   240  lv_txt.o(.text)
    _lv_txt_get_size                         0x0801c72d   Thumb Code   240  lv_txt.o(.text)
    _lv_txt_ins                              0x0801c81d   Thumb Code    80  lv_txt.o(.text)
    _lv_txt_cut                              0x0801c86d   Thumb Code    66  lv_txt.o(.text)
    _lv_txt_set_text_vfmt                    0x0801c8af   Thumb Code    92  lv_txt.o(.text)
    _lv_utils_num_to_str                     0x0801cc71   Thumb Code   128  lv_utils.o(.text)
    _lv_utils_bsearch                        0x0801ccf1   Thumb Code    84  lv_utils.o(.text)
    lv_theme_set_act                         0x0801cd45   Thumb Code     6  lv_theme.o(.text)
    lv_theme_get_act                         0x0801cd4b   Thumb Code     6  lv_theme.o(.text)
    lv_theme_apply                           0x0801d0e1   Thumb Code    28  lv_theme.o(.text)
    lv_theme_copy                            0x0801d0fd   Thumb Code    64  lv_theme.o(.text)
    lv_theme_set_base                        0x0801d13d   Thumb Code     4  lv_theme.o(.text)
    lv_theme_set_apply_cb                    0x0801d141   Thumb Code     4  lv_theme.o(.text)
    lv_theme_get_font_small                  0x0801d145   Thumb Code     8  lv_theme.o(.text)
    lv_theme_get_font_normal                 0x0801d14d   Thumb Code     8  lv_theme.o(.text)
    lv_theme_get_font_subtitle               0x0801d155   Thumb Code     8  lv_theme.o(.text)
    lv_theme_get_font_title                  0x0801d15d   Thumb Code     8  lv_theme.o(.text)
    lv_theme_get_color_primary               0x0801d165   Thumb Code    18  lv_theme.o(.text)
    lv_theme_get_color_secondary             0x0801d177   Thumb Code    18  lv_theme.o(.text)
    lv_theme_get_flags                       0x0801d189   Thumb Code     8  lv_theme.o(.text)
    lv_theme_material_init                   0x080222d3   Thumb Code   236  lv_theme_material.o(.text)
    lv_img_get_auto_size                     0x08022785   Thumb Code    46  lv_img.o(.text)
    lv_img_set_src                           0x080227b3   Thumb Code   468  lv_img.o(.text)
    lv_img_create                            0x0802330d   Thumb Code   362  lv_img.o(.text)
    lv_img_set_auto_size                     0x08023477   Thumb Code    52  lv_img.o(.text)
    lv_img_set_offset_x                      0x080234ab   Thumb Code    64  lv_img.o(.text)
    lv_img_set_offset_y                      0x080234eb   Thumb Code    64  lv_img.o(.text)
    lv_img_set_pivot                         0x0802352b   Thumb Code   284  lv_img.o(.text)
    lv_img_set_angle                         0x08023647   Thumb Code   284  lv_img.o(.text)
    lv_img_set_zoom                          0x08023763   Thumb Code   286  lv_img.o(.text)
    lv_img_set_antialias                     0x08023881   Thumb Code    38  lv_img.o(.text)
    lv_img_get_src                           0x080238a7   Thumb Code    44  lv_img.o(.text)
    lv_img_get_file_name                     0x080238d3   Thumb Code    60  lv_img.o(.text)
    lv_img_get_offset_x                      0x0802390f   Thumb Code    46  lv_img.o(.text)
    lv_img_get_offset_y                      0x0802393d   Thumb Code    46  lv_img.o(.text)
    lv_img_get_pivot                         0x0802396b   Thumb Code    50  lv_img.o(.text)
    lv_img_get_angle                         0x0802399d   Thumb Code    44  lv_img.o(.text)
    lv_img_get_zoom                          0x080239c9   Thumb Code    44  lv_img.o(.text)
    lv_img_get_antialias                     0x080239f5   Thumb Code    48  lv_img.o(.text)
    lv_label_get_text                        0x08023b41   Thumb Code    42  lv_label.o(.text)
    lv_label_get_align                       0x08023b6b   Thumb Code    54  lv_label.o(.text)
    lv_label_get_letter_on                   0x08023bff   Thumb Code   616  lv_label.o(.text)
    lv_label_refr_text                       0x08023e97   Thumb Code  1494  lv_label.o(.text)
    lv_label_set_text_static                 0x0802446d   Thumb Code    86  lv_label.o(.text)
    lv_label_set_text                        0x080244c3   Thumb Code   252  lv_label.o(.text)
    lv_label_set_align                       0x080245bf   Thumb Code    72  lv_label.o(.text)
    lv_label_get_recolor                     0x08024607   Thumb Code    48  lv_label.o(.text)
    lv_label_set_recolor                     0x08024637   Thumb Code    72  lv_label.o(.text)
    lv_label_get_long_mode                   0x0802467f   Thumb Code    48  lv_label.o(.text)
    lv_label_set_long_mode                   0x0802473f   Thumb Code   156  lv_label.o(.text)
    lv_label_get_style                       0x080247db   Thumb Code    18  lv_label.o(.text)
    lv_label_get_text_sel_end                0x080248e7   Thumb Code    38  lv_label.o(.text)
    lv_label_get_text_sel_start              0x0802490d   Thumb Code    92  lv_label.o(.text)
    lv_label_create                          0x08024be3   Thumb Code   490  lv_label.o(.text)
    lv_label_set_text_fmt                    0x08024dcd   Thumb Code   150  lv_label.o(.text)
    lv_label_set_anim_speed                  0x08024e63   Thumb Code    82  lv_label.o(.text)
    lv_label_set_text_sel_start              0x08024eb5   Thumb Code    36  lv_label.o(.text)
    lv_label_set_text_sel_end                0x08024ed9   Thumb Code    36  lv_label.o(.text)
    lv_label_get_anim_speed                  0x08024efd   Thumb Code    44  lv_label.o(.text)
    lv_label_get_letter_pos                  0x08024f29   Thumb Code   572  lv_label.o(.text)
    lv_label_is_char_under_pos               0x08025165   Thumb Code   550  lv_label.o(.text)
    lv_label_ins_text                        0x0802538b   Thumb Code   214  lv_label.o(.text)
    lv_label_cut_text                        0x08025461   Thumb Code    90  lv_label.o(.text)
    lv_port_disp_init                        0x080255ad   Thumb Code    66  lv_port_disp_1.o(.text)
    lv_port_indev_init                       0x08025741   Thumb Code   202  lv_port_indev_1.o(.text)
    label_test_start                         0x08025875   Thumb Code   140  label_test.o(.text)
    __use_no_semihosting                     0x08025969   Thumb Code     2  use_no_semi_2.o(.text)
    __aeabi_uldivmod                         0x0802596b   Thumb Code     0  lludivv7m.o(.text)
    _ll_udiv                                 0x0802596b   Thumb Code   238  lludivv7m.o(.text)
    __2printf                                0x08025a59   Thumb Code    20  noretval__2printf.o(.text)
    __printf                                 0x08025a71   Thumb Code   104  __printf.o(.text)
    _printf_int_hex                          0x08025ad9   Thumb Code    84  _printf_hex_int.o(.text)
    _printf_longlong_hex                     0x08025ad9   Thumb Code     0  _printf_hex_int.o(.text)
    memcmp                                   0x08025b31   Thumb Code    88  memcmp.o(.text)
    strcpy                                   0x08025b89   Thumb Code    72  strcpy.o(.text)
    strlen                                   0x08025bd1   Thumb Code    62  strlen.o(.text)
    __aeabi_memcpy4                          0x08025c0f   Thumb Code     0  rt_memcpy_w.o(.text)
    __aeabi_memcpy8                          0x08025c0f   Thumb Code     0  rt_memcpy_w.o(.text)
    __rt_memcpy_w                            0x08025c0f   Thumb Code   100  rt_memcpy_w.o(.text)
    _memcpy_lastbytes_aligned                0x08025c57   Thumb Code     0  rt_memcpy_w.o(.text)
    strcmp                                   0x08025c75   Thumb Code   128  strcmpv7m.o(.text)
    __use_two_region_memory                  0x08025cf5   Thumb Code     2  heapauxi.o(.text)
    __rt_heap_escrow$2region                 0x08025cf7   Thumb Code     2  heapauxi.o(.text)
    __rt_heap_expand$2region                 0x08025cf9   Thumb Code     2  heapauxi.o(.text)
    __I$use$semihosting                      0x08025cfb   Thumb Code     0  use_no_semi.o(.text)
    __use_no_semihosting_swi                 0x08025cfb   Thumb Code     2  use_no_semi.o(.text)
    __read_errno                             0x08025cfd   Thumb Code    10  _rserrno.o(.text)
    __set_errno                              0x08025d07   Thumb Code    12  _rserrno.o(.text)
    _printf_int_common                       0x08025d13   Thumb Code   178  _printf_intcommon.o(.text)
    _printf_char_file                        0x08025dc5   Thumb Code    32  _printf_char_file.o(.text)
    __aeabi_errno_addr                       0x08025de9   Thumb Code     8  rt_errno_addr_intlibspace.o(.text)
    __errno$intlibspace                      0x08025de9   Thumb Code     0  rt_errno_addr_intlibspace.o(.text)
    __rt_errno_addr$intlibspace              0x08025de9   Thumb Code     0  rt_errno_addr_intlibspace.o(.text)
    _printf_char_common                      0x08025dfb   Thumb Code    32  _printf_char_common.o(.text)
    ferror                                   0x08025e21   Thumb Code     8  ferror.o(.text)
    __user_libspace                          0x08025e29   Thumb Code     8  libspace.o(.text)
    __user_perproc_libspace                  0x08025e29   Thumb Code     0  libspace.o(.text)
    __user_perthread_libspace                0x08025e29   Thumb Code     0  libspace.o(.text)
    __user_setup_stackheap                   0x08025e31   Thumb Code    74  sys_stackheap_outer.o(.text)
    exit                                     0x08025e7b   Thumb Code    12  exit.o(.text)
    __hardfp_sqrt                            0x08025e87   Thumb Code   122  sqrt.o(i.__hardfp_sqrt)
    __fpl_dcmp_Inf                           0x08025f01   Thumb Code    24  dcmpi.o(x$fpl$dcmpinf)
    __aeabi_d2uiz                            0x08025f19   Thumb Code     0  dfixu.o(x$fpl$dfixu)
    _dfixu                                   0x08025f19   Thumb Code    90  dfixu.o(x$fpl$dfixu)
    __aeabi_ui2d                             0x08025f73   Thumb Code     0  dflt_clz.o(x$fpl$dfltu)
    _dfltu                                   0x08025f73   Thumb Code    38  dflt_clz.o(x$fpl$dfltu)
    __aeabi_cdcmple                          0x08025f99   Thumb Code     0  dleqf.o(x$fpl$dleqf)
    _dcmple                                  0x08025f99   Thumb Code   120  dleqf.o(x$fpl$dleqf)
    __fpl_dcmple_InfNaN                      0x08025ffb   Thumb Code     0  dleqf.o(x$fpl$dleqf)
    __aeabi_dmul                             0x08026011   Thumb Code     0  dmul.o(x$fpl$dmul)
    _dmul                                    0x08026011   Thumb Code   332  dmul.o(x$fpl$dmul)
    __fpl_dnaninf                            0x08026165   Thumb Code   156  dnaninf.o(x$fpl$dnaninf)
    __fpl_dretinf                            0x08026201   Thumb Code    12  dretinf.o(x$fpl$dretinf)
    __aeabi_cdrcmple                         0x0802620d   Thumb Code     0  drleqf.o(x$fpl$drleqf)
    _drcmple                                 0x0802620d   Thumb Code   108  drleqf.o(x$fpl$drleqf)
    _dsqrt                                   0x08026279   Thumb Code   404  dsqrt_umaal.o(x$fpl$dsqrt)
    __aeabi_f2d                              0x08026411   Thumb Code     0  f2d.o(x$fpl$f2d)
    _f2d                                     0x08026411   Thumb Code    86  f2d.o(x$fpl$f2d)
    __fpl_fnaninf                            0x08026467   Thumb Code   140  fnaninf.o(x$fpl$fnaninf)
    _fp_init                                 0x080264f3   Thumb Code    10  fpinit.o(x$fpl$fpinit)
    __fplib_config_fpu_vfp                   0x080264fb   Thumb Code     0  fpinit.o(x$fpl$fpinit)
    __fplib_config_pureend_doubles           0x080264fb   Thumb Code     0  fpinit.o(x$fpl$fpinit)
    TP_REMIND_MSG_TBL                        0x080264fc   Data           4  touch.o(.constdata)
    __I$use$fp                               0x080264fc   Number         0  usenofp.o(x$fpl$usenofp)
    asc2_1206                                0x08026500   Data        1140  my_lcd.o(.constdata)
    asc2_1608                                0x08026974   Data        1520  my_lcd.o(.constdata)
    asc2_2412                                0x08026f64   Data        3420  my_lcd.o(.constdata)
    LinXingYu                                0x08027cc0   Data         224  my_lcd.o(.constdata)
    FSMC_DefaultTimingStruct                 0x08027da0   Data          28  stm32f4xx_fsmc.o(.constdata)
    _lv_bpp1_opa_table                       0x08027dcc   Data           2  lv_draw_label.o(.constdata)
    _lv_bpp2_opa_table                       0x08027dce   Data           4  lv_draw_label.o(.constdata)
    _lv_bpp3_opa_table                       0x08027dd2   Data           8  lv_draw_label.o(.constdata)
    _lv_bpp4_opa_table                       0x08027dda   Data          16  lv_draw_label.o(.constdata)
    _lv_bpp8_opa_table                       0x08027dea   Data         256  lv_draw_label.o(.constdata)
    lv_anim_path_def                         0x0802b324   Data           8  lv_anim.o(.constdata)
    Region$$Table$$Base                      0x0802b540   Number         0  anon$$obj.o(Region$$Table)
    Region$$Table$$Limit                     0x0802b560   Number         0  anon$$obj.o(Region$$Table)
    SystemCoreClock                          0x20000000   Data           4  system_stm32f4xx.o(.data)
    AHBPrescTable                            0x20000004   Data          16  system_stm32f4xx.o(.data)
    tp_dev                                   0x20000018   Data          52  touch.o(.data)
    CMD_RDX                                  0x2000004c   Data           1  touch.o(.data)
    CMD_RDY                                  0x2000004d   Data           1  touch.o(.data)
    POINT_COLOR                              0x2000004e   Data           2  my_lcd.o(.data)
    BACK_COLOR                               0x20000050   Data           2  my_lcd.o(.data)
    __stdout                                 0x20000058   Data           4  usart.o(.data)
    USART_RX_STA                             0x2000005c   Data           2  usart.o(.data)
    lv_font_montserrat_14                    0x200000c0   Data          20  lv_font_montserrat_14.o(.data)
    _lv_img_cache_array                      0x200000ec   Data           4  lv_gc.o(.data)
    _lv_task_act                             0x200000f0   Data           4  lv_gc.o(.data)
    _lv_theme_material_styles                0x200000f4   Data           4  lv_gc.o(.data)
    _lv_theme_template_styles                0x200000f8   Data           4  lv_gc.o(.data)
    _lv_theme_mono_styles                    0x200000fc   Data           4  lv_gc.o(.data)
    _lv_theme_empty_styles                   0x20000100   Data           4  lv_gc.o(.data)
    _lv_font_decompr_buf                     0x20000104   Data           4  lv_gc.o(.data)
    _lv_txt_encoded_size                     0x20000138   Data           4  lv_txt.o(.data)
    _lv_txt_unicode_to_encoded               0x2000013c   Data           4  lv_txt.o(.data)
    _lv_txt_encoded_conv_wc                  0x20000140   Data           4  lv_txt.o(.data)
    _lv_txt_encoded_next                     0x20000144   Data           4  lv_txt.o(.data)
    _lv_txt_encoded_prev                     0x20000148   Data           4  lv_txt.o(.data)
    _lv_txt_encoded_get_byte_id              0x2000014c   Data           4  lv_txt.o(.data)
    _lv_txt_encoded_get_char_id              0x20000150   Data           4  lv_txt.o(.data)
    _lv_txt_get_encoded_length               0x20000154   Data           4  lv_txt.o(.data)
    indev_touchpad                           0x20000168   Data           4  lv_port_indev_1.o(.data)
    indev_mouse                              0x2000016c   Data           4  lv_port_indev_1.o(.data)
    indev_keypad                             0x20000170   Data           4  lv_port_indev_1.o(.data)
    indev_encoder                            0x20000174   Data           4  lv_port_indev_1.o(.data)
    indev_button                             0x20000178   Data           4  lv_port_indev_1.o(.data)
    lcddev                                   0x20000198   Data          14  my_lcd.o(.bss)
    USART_RX_BUF                             0x200001a6   Data         200  usart.o(.bss)
    _lv_task_ll                              0x20000370   Data          12  lv_gc.o(.bss)
    _lv_disp_ll                              0x2000037c   Data          12  lv_gc.o(.bss)
    _lv_indev_ll                             0x20000388   Data          12  lv_gc.o(.bss)
    _lv_drv_ll                               0x20000394   Data          12  lv_gc.o(.bss)
    _lv_file_ll                              0x200003a0   Data          12  lv_gc.o(.bss)
    _lv_anim_ll                              0x200003ac   Data          12  lv_gc.o(.bss)
    _lv_group_ll                             0x200003b8   Data          12  lv_gc.o(.bss)
    _lv_img_defoder_ll                       0x200003c4   Data          12  lv_gc.o(.bss)
    _lv_obj_style_trans_ll                   0x200003d0   Data          12  lv_gc.o(.bss)
    _lv_mem_buf                              0x200003dc   Data         128  lv_gc.o(.bss)
    _lv_draw_mask_list                       0x2000045c   Data         128  lv_gc.o(.bss)
    __libspace_start                         0x20005d48   Data          96  libspace.o(.bss)
    __temporary_stack_top$libspace           0x20005da8   Data           0  libspace.o(.bss)



==============================================================================

Memory Map of the image

  Image Entry point : 0x08000189

  Load Region LR_IROM1 (Base: 0x08000000, Size: 0x0002b6f8, Max: 0x00100000, ABSOLUTE, COMPRESSED[0x0002b5e0])

    Execution Region ER_IROM1 (Base: 0x08000000, Size: 0x0002b560, Max: 0x00100000, ABSOLUTE)

    Base Addr    Size         Type   Attr      Idx    E Section Name        Object

    0x08000000   0x00000188   Data   RO         1026    RESET               startup_stm32f40_41xxx.o
    0x08000188   0x00000008   Code   RO         6562  * !!!main             c_w.l(__main.o)
    0x08000190   0x00000034   Code   RO         6791    !!!scatter          c_w.l(__scatter.o)
    0x080001c4   0x0000005a   Code   RO         6789    !!dczerorl2         c_w.l(__dczerorl2.o)
    0x0800021e   0x00000002   PAD
    0x08000220   0x0000001c   Code   RO         6793    !!handler_zi        c_w.l(__scatter_zi.o)
    0x0800023c   0x00000000   Code   RO         6541    .ARM.Collect$$_printf_percent$$00000000  c_w.l(_printf_percent.o)
    0x0800023c   0x00000006   Code   RO         6540    .ARM.Collect$$_printf_percent$$0000000C  c_w.l(_printf_x.o)
    0x08000242   0x00000004   Code   RO         6607    .ARM.Collect$$_printf_percent$$00000017  c_w.l(_printf_percent_end.o)
    0x08000246   0x00000002   Code   RO         6667    .ARM.Collect$$libinit$$00000000  c_w.l(libinit.o)
    0x08000248   0x00000004   Code   RO         6676    .ARM.Collect$$libinit$$00000001  c_w.l(libinit2.o)
    0x0800024c   0x00000000   Code   RO         6679    .ARM.Collect$$libinit$$00000004  c_w.l(libinit2.o)
    0x0800024c   0x00000000   Code   RO         6682    .ARM.Collect$$libinit$$0000000A  c_w.l(libinit2.o)
    0x0800024c   0x00000000   Code   RO         6684    .ARM.Collect$$libinit$$0000000C  c_w.l(libinit2.o)
    0x0800024c   0x00000000   Code   RO         6686    .ARM.Collect$$libinit$$0000000E  c_w.l(libinit2.o)
    0x0800024c   0x00000000   Code   RO         6689    .ARM.Collect$$libinit$$00000011  c_w.l(libinit2.o)
    0x0800024c   0x00000000   Code   RO         6691    .ARM.Collect$$libinit$$00000013  c_w.l(libinit2.o)
    0x0800024c   0x00000000   Code   RO         6693    .ARM.Collect$$libinit$$00000015  c_w.l(libinit2.o)
    0x0800024c   0x00000000   Code   RO         6695    .ARM.Collect$$libinit$$00000017  c_w.l(libinit2.o)
    0x0800024c   0x00000000   Code   RO         6697    .ARM.Collect$$libinit$$00000019  c_w.l(libinit2.o)
    0x0800024c   0x00000000   Code   RO         6699    .ARM.Collect$$libinit$$0000001B  c_w.l(libinit2.o)
    0x0800024c   0x00000000   Code   RO         6701    .ARM.Collect$$libinit$$0000001D  c_w.l(libinit2.o)
    0x0800024c   0x00000000   Code   RO         6703    .ARM.Collect$$libinit$$0000001F  c_w.l(libinit2.o)
    0x0800024c   0x00000000   Code   RO         6705    .ARM.Collect$$libinit$$00000021  c_w.l(libinit2.o)
    0x0800024c   0x00000000   Code   RO         6707    .ARM.Collect$$libinit$$00000023  c_w.l(libinit2.o)
    0x0800024c   0x00000000   Code   RO         6709    .ARM.Collect$$libinit$$00000025  c_w.l(libinit2.o)
    0x0800024c   0x00000000   Code   RO         6713    .ARM.Collect$$libinit$$0000002C  c_w.l(libinit2.o)
    0x0800024c   0x00000000   Code   RO         6715    .ARM.Collect$$libinit$$0000002E  c_w.l(libinit2.o)
    0x0800024c   0x00000000   Code   RO         6717    .ARM.Collect$$libinit$$00000030  c_w.l(libinit2.o)
    0x0800024c   0x00000000   Code   RO         6719    .ARM.Collect$$libinit$$00000032  c_w.l(libinit2.o)
    0x0800024c   0x00000002   Code   RO         6720    .ARM.Collect$$libinit$$00000033  c_w.l(libinit2.o)
    0x0800024e   0x00000002   Code   RO         6746    .ARM.Collect$$libshutdown$$00000000  c_w.l(libshutdown.o)
    0x08000250   0x00000000   Code   RO         6774    .ARM.Collect$$libshutdown$$00000003  c_w.l(libshutdown2.o)
    0x08000250   0x00000000   Code   RO         6777    .ARM.Collect$$libshutdown$$00000006  c_w.l(libshutdown2.o)
    0x08000250   0x00000000   Code   RO         6780    .ARM.Collect$$libshutdown$$00000009  c_w.l(libshutdown2.o)
    0x08000250   0x00000000   Code   RO         6782    .ARM.Collect$$libshutdown$$0000000B  c_w.l(libshutdown2.o)
    0x08000250   0x00000000   Code   RO         6785    .ARM.Collect$$libshutdown$$0000000E  c_w.l(libshutdown2.o)
    0x08000250   0x00000002   Code   RO         6786    .ARM.Collect$$libshutdown$$0000000F  c_w.l(libshutdown2.o)
    0x08000252   0x00000000   Code   RO         6596    .ARM.Collect$$rtentry$$00000000  c_w.l(__rtentry.o)
    0x08000252   0x00000000   Code   RO         6622    .ARM.Collect$$rtentry$$00000002  c_w.l(__rtentry2.o)
    0x08000252   0x00000006   Code   RO         6634    .ARM.Collect$$rtentry$$00000004  c_w.l(__rtentry4.o)
    0x08000258   0x00000000   Code   RO         6624    .ARM.Collect$$rtentry$$00000009  c_w.l(__rtentry2.o)
    0x08000258   0x00000004   Code   RO         6625    .ARM.Collect$$rtentry$$0000000A  c_w.l(__rtentry2.o)
    0x0800025c   0x00000000   Code   RO         6627    .ARM.Collect$$rtentry$$0000000C  c_w.l(__rtentry2.o)
    0x0800025c   0x00000008   Code   RO         6628    .ARM.Collect$$rtentry$$0000000D  c_w.l(__rtentry2.o)
    0x08000264   0x00000002   Code   RO         6668    .ARM.Collect$$rtexit$$00000000  c_w.l(rtexit.o)
    0x08000266   0x00000000   Code   RO         6722    .ARM.Collect$$rtexit$$00000002  c_w.l(rtexit2.o)
    0x08000266   0x00000004   Code   RO         6723    .ARM.Collect$$rtexit$$00000003  c_w.l(rtexit2.o)
    0x0800026a   0x00000006   Code   RO         6724    .ARM.Collect$$rtexit$$00000004  c_w.l(rtexit2.o)
    0x08000270   0x0000005c   Code   RO            3    .text               main.o
    0x080002cc   0x0000001a   Code   RO          448    .text               stm32f4xx_it.o
    0x080002e6   0x00000002   PAD
    0x080002e8   0x00000210   Code   RO          497    .text               system_stm32f4xx.o
    0x080004f8   0x00000040   Code   RO          523    .text               led.o
    0x08000538   0x00000104   Code   RO          543    .text               key.o
    0x0800063c   0x0000025c   Code   RO          564    .text               myiic.o
    0x08000898   0x0000017a   Code   RO          587    .text               24cxx.o
    0x08000a12   0x00000002   PAD
    0x08000a14   0x00001098   Code   RO          610    .text               touch.o
    0x08001aac   0x000019ec   Code   RO          669    .text               my_lcd.o
    0x08003498   0x00000078   Code   RO          703    .text               tim3.o
    0x08003510   0x000002e4   Code   RO          935    .text               extend_sram.o
    0x080037f4   0x00000104   Code   RO          955    .text               delay.o
    0x080038f8   0x00000148   Code   RO          995    .text               usart.o
    0x08003a40   0x00000040   Code   RO         1027    .text               startup_stm32f40_41xxx.o
    0x08003a80   0x000000e0   Code   RO         1033    .text               misc.o
    0x08003b60   0x00000294   Code   RO         1053    .text               stm32f4xx_gpio.o
    0x08003df4   0x000005c8   Code   RO         1073    .text               stm32f4xx_fsmc.o
    0x080043bc   0x0000065c   Code   RO         1096    .text               stm32f4xx_rcc.o
    0x08004a18   0x00000454   Code   RO         1138    .text               stm32f4xx_usart.o
    0x08004e6c   0x00000ca2   Code   RO         1158    .text               stm32f4xx_tim.o
    0x08005b0e   0x00000002   PAD
    0x08005b10   0x00000598   Code   RO         1176    .text               lv_disp.o
    0x080060a8   0x000005bc   Code   RO         1307    .text               lv_group.o
    0x08006664   0x00001b0c   Code   RO         1429    .text               lv_indev.o
    0x08008170   0x00005312   Code   RO         1467    .text               lv_obj.o
    0x0800d482   0x00000002   PAD
    0x0800d484   0x00000e60   Code   RO         1564    .text               lv_refr.o
    0x0800e2e4   0x00000d0e   Code   RO         1619    .text               lv_style.o
    0x0800eff2   0x00000002   PAD
    0x0800eff4   0x0000109c   Code   RO         1732    .text               lv_draw_blend.o
    0x08010090   0x00000bb4   Code   RO         1848    .text               lv_draw_img.o
    0x08010c44   0x00000f6c   Code   RO         1931    .text               lv_draw_label.o
    0x08011bb0   0x00000b92   Code   RO         2015    .text               lv_draw_line.o
    0x08012742   0x00000002   PAD
    0x08012744   0x00001614   Code   RO         2087    .text               lv_draw_mask.o
    0x08013d58   0x00002656   Code   RO         2130    .text               lv_draw_rect.o
    0x080163ae   0x00000002   PAD
    0x080163b0   0x00000fa8   Code   RO         2218    .text               lv_img_buf.o
    0x08017358   0x00000240   Code   RO         2248    .text               lv_img_cache.o
    0x08017598   0x00000a6c   Code   RO         2287    .text               lv_img_decoder.o
    0x08018004   0x00000050   Code   RO         2341    .text               lv_font.o
    0x08018054   0x000007ec   Code   RO         2651    .text               lv_font_fmt_txt.o
    0x08018840   0x00000454   Code   RO         3045    .text               lv_hal_disp.o
    0x08018c94   0x00000130   Code   RO         3192    .text               lv_hal_indev.o
    0x08018dc4   0x0000004c   Code   RO         3292    .text               lv_hal_tick.o
    0x08018e10   0x00000606   Code   RO         3315    .text               lv_anim.o
    0x08019416   0x000007b8   Code   RO         3393    .text               lv_area.o
    0x08019bce   0x00000002   PAD
    0x08019bd0   0x0000005c   Code   RO         3412    .text               lv_async.o
    0x08019c2c   0x000003e4   Code   RO         3457    .text               lv_color.o
    0x0801a010   0x000000e8   Code   RO         3473    .text               lv_debug.o
    0x0801a0f8   0x00000630   Code   RO         3489    .text               lv_fs.o
    0x0801a728   0x000000dc   Code   RO         3514    .text               lv_gc.o
    0x0801a804   0x00000344   Code   RO         3536    .text               lv_ll.o
    0x0801ab48   0x00000214   Code   RO         3554    .text               lv_math.o
    0x0801ad5c   0x00000968   Code   RO         3571    .text               lv_mem.o
    0x0801b6c4   0x00000930   Code   RO         3587    .text               lv_printf.o
    0x0801bff4   0x00000414   Code   RO         3599    .text               lv_task.o
    0x0801c408   0x00000868   Code   RO         3618    .text               lv_txt.o
    0x0801cc70   0x000000d4   Code   RO         3716    .text               lv_utils.o
    0x0801cd44   0x00000450   Code   RO         3731    .text               lv_theme.o
    0x0801d194   0x000055ee   Code   RO         4027    .text               lv_theme_material.o
    0x08022782   0x00000002   PAD
    0x08022784   0x00001340   Code   RO         5118    .text               lv_img.o
    0x08023ac4   0x00001ac0   Code   RO         5341    .text               lv_label.o
    0x08025584   0x0000007c   Code   RO         6156    .text               lv_port_disp_1.o
    0x08025600   0x00000274   Code   RO         6439    .text               lv_port_indev_1.o
    0x08025874   0x000000f4   Code   RO         6464    .text               label_test.o
    0x08025968   0x00000002   Code   RO         6489    .text               c_w.l(use_no_semi_2.o)
    0x0802596a   0x000000ee   Code   RO         6491    .text               c_w.l(lludivv7m.o)
    0x08025a58   0x00000018   Code   RO         6495    .text               c_w.l(noretval__2printf.o)
    0x08025a70   0x00000068   Code   RO         6497    .text               c_w.l(__printf.o)
    0x08025ad8   0x00000058   Code   RO         6502    .text               c_w.l(_printf_hex_int.o)
    0x08025b30   0x00000058   Code   RO         6542    .text               c_w.l(memcmp.o)
    0x08025b88   0x00000048   Code   RO         6544    .text               c_w.l(strcpy.o)
    0x08025bd0   0x0000003e   Code   RO         6546    .text               c_w.l(strlen.o)
    0x08025c0e   0x00000064   Code   RO         6552    .text               c_w.l(rt_memcpy_w.o)
    0x08025c72   0x00000002   PAD
    0x08025c74   0x00000080   Code   RO         6558    .text               c_w.l(strcmpv7m.o)
    0x08025cf4   0x00000006   Code   RO         6560    .text               c_w.l(heapauxi.o)
    0x08025cfa   0x00000002   Code   RO         6594    .text               c_w.l(use_no_semi.o)
    0x08025cfc   0x00000016   Code   RO         6601    .text               c_w.l(_rserrno.o)
    0x08025d12   0x000000b2   Code   RO         6603    .text               c_w.l(_printf_intcommon.o)
    0x08025dc4   0x00000024   Code   RO         6605    .text               c_w.l(_printf_char_file.o)
    0x08025de8   0x00000008   Code   RO         6641    .text               c_w.l(rt_errno_addr_intlibspace.o)
    0x08025df0   0x00000030   Code   RO         6643    .text               c_w.l(_printf_char_common.o)
    0x08025e20   0x00000008   Code   RO         6645    .text               c_w.l(ferror.o)
    0x08025e28   0x00000008   Code   RO         6649    .text               c_w.l(libspace.o)
    0x08025e30   0x0000004a   Code   RO         6652    .text               c_w.l(sys_stackheap_outer.o)
    0x08025e7a   0x0000000c   Code   RO         6656    .text               c_w.l(exit.o)
    0x08025e86   0x0000007a   Code   RO         6582    i.__hardfp_sqrt     m_wm.l(sqrt.o)
    0x08025f00   0x00000018   Code   RO         6610    x$fpl$dcmpinf       fz_wm.l(dcmpi.o)
    0x08025f18   0x0000005a   Code   RO         6564    x$fpl$dfixu         fz_wm.l(dfixu.o)
    0x08025f72   0x00000026   Code   RO         6568    x$fpl$dfltu         fz_wm.l(dflt_clz.o)
    0x08025f98   0x00000078   Code   RO         6574    x$fpl$dleqf         fz_wm.l(dleqf.o)
    0x08026010   0x00000154   Code   RO         6576    x$fpl$dmul          fz_wm.l(dmul.o)
    0x08026164   0x0000009c   Code   RO         6612    x$fpl$dnaninf       fz_wm.l(dnaninf.o)
    0x08026200   0x0000000c   Code   RO         6614    x$fpl$dretinf       fz_wm.l(dretinf.o)
    0x0802620c   0x0000006c   Code   RO         6578    x$fpl$drleqf        fz_wm.l(drleqf.o)
    0x08026278   0x00000198   Code   RO         6616    x$fpl$dsqrt         fz_wm.l(dsqrt_umaal.o)
    0x08026410   0x00000056   Code   RO         6580    x$fpl$f2d           fz_wm.l(f2d.o)
    0x08026466   0x0000008c   Code   RO         6618    x$fpl$fnaninf       fz_wm.l(fnaninf.o)
    0x080264f2   0x0000000a   Code   RO         6734    x$fpl$fpinit        fz_wm.l(fpinit.o)
    0x080264fc   0x00000000   Code   RO         6620    x$fpl$usenofp       fz_wm.l(usenofp.o)
    0x080264fc   0x00000004   Data   RO          611    .constdata          touch.o
    0x08026500   0x000018a0   Data   RO          671    .constdata          my_lcd.o
    0x08027da0   0x0000001c   Data   RO         1074    .constdata          stm32f4xx_fsmc.o
    0x08027dbc   0x00000002   Data   RO         1468    .constdata          lv_obj.o
    0x08027dbe   0x00000002   PAD
    0x08027dc0   0x0000000a   Data   RO         1849    .constdata          lv_draw_img.o
    0x08027dca   0x00000002   PAD
    0x08027dcc   0x00000122   Data   RO         1933    .constdata          lv_draw_label.o
    0x08027eee   0x00000021   Data   RO         2016    .constdata          lv_draw_line.o
    0x08027f0f   0x00000001   PAD
    0x08027f10   0x00000002   Data   RO         2131    .constdata          lv_draw_rect.o
    0x08027f12   0x00000002   PAD
    0x08027f14   0x00003408   Data   RO         2744    .constdata          lv_font_montserrat_14.o
    0x0802b31c   0x00000006   Data   RO         3046    .constdata          lv_hal_disp.o
    0x0802b322   0x00000002   PAD
    0x0802b324   0x00000008   Data   RO         3316    .constdata          lv_anim.o
    0x0802b32c   0x00000002   Data   RO         3458    .constdata          lv_color.o
    0x0802b32e   0x00000011   Data   RO         3474    .constdata          lv_debug.o
    0x0802b33f   0x00000001   PAD
    0x0802b340   0x000000b6   Data   RO         3555    .constdata          lv_math.o
    0x0802b3f6   0x00000002   PAD
    0x0802b3f8   0x00000046   Data   RO         4029    .constdata          lv_theme_material.o
    0x0802b43e   0x00000008   Data   RO         6440    .constdata          lv_port_indev_1.o
    0x0802b446   0x00000028   Data   RO         6503    .constdata          c_w.l(_printf_hex_int.o)
    0x0802b46e   0x00000002   PAD
    0x0802b470   0x00000079   Data   RO          612    .conststring        touch.o
    0x0802b4e9   0x00000003   PAD
    0x0802b4ec   0x00000051   Data   RO         3573    .conststring        lv_mem.o
    0x0802b53d   0x00000003   PAD
    0x0802b540   0x00000020   Data   RO         6787    Region$$Table       anon$$obj.o


    Execution Region RW_IRAM1 (Base: 0x20000000, Size: 0x000067a8, Max: 0x00020000, ABSOLUTE, COMPRESSED[0x00000080])

    Base Addr    Size         Type   Attr      Idx    E Section Name        Object

    0x20000000   0x00000014   Data   RW          498    .data               system_stm32f4xx.o
    0x20000014   0x00000001   Data   RW          544    .data               key.o
    0x20000015   0x00000003   PAD
    0x20000018   0x00000036   Data   RW          613    .data               touch.o
    0x2000004e   0x00000004   Data   RW          672    .data               my_lcd.o
    0x20000052   0x00000004   Data   RW          956    .data               delay.o
    0x20000056   0x00000002   PAD
    0x20000058   0x00000006   Data   RW          997    .data               usart.o
    0x2000005e   0x00000010   Data   RW         1097    .data               stm32f4xx_rcc.o
    0x2000006e   0x00000002   PAD
    0x20000070   0x00000008   Data   RW         1430    .data               lv_indev.o
    0x20000078   0x0000000c   Data   RW         1469    .data               lv_obj.o
    0x20000084   0x00000008   Data   RW         1565    .data               lv_refr.o
    0x2000008c   0x00000008   Data   RW         1934    .data               lv_draw_label.o
    0x20000094   0x00000002   Data   RW         2249    .data               lv_img_cache.o
    0x20000096   0x00000002   PAD
    0x20000098   0x0000000c   Data   RW         2652    .data               lv_font_fmt_txt.o
    0x200000a4   0x00000030   Data   RW         2745    .data               lv_font_montserrat_14.o
    0x200000d4   0x00000004   Data   RW         3047    .data               lv_hal_disp.o
    0x200000d8   0x00000005   Data   RW         3293    .data               lv_hal_tick.o
    0x200000dd   0x00000003   PAD
    0x200000e0   0x0000000c   Data   RW         3317    .data               lv_anim.o
    0x200000ec   0x0000001c   Data   RW         3516    .data               lv_gc.o
    0x20000108   0x0000001e   Data   RW         3574    .data               lv_mem.o
    0x20000126   0x00000002   PAD
    0x20000128   0x00000010   Data   RW         3600    .data               lv_task.o
    0x20000138   0x00000020   Data   RW         3619    .data               lv_txt.o
    0x20000158   0x00000004   Data   RW         3732    .data               lv_theme.o
    0x2000015c   0x00000004   Data   RW         4030    .data               lv_theme_material.o
    0x20000160   0x00000004   Data   RW         5119    .data               lv_img.o
    0x20000164   0x00000004   Data   RW         5342    .data               lv_label.o
    0x20000168   0x00000025   Data   RW         6441    .data               lv_port_indev_1.o
    0x2000018d   0x00000003   PAD
    0x20000190   0x00000008   Data   RW         6465    .data               label_test.o
    0x20000198   0x0000000e   Zero   RW          670    .bss                my_lcd.o
    0x200001a6   0x000000c8   Zero   RW          996    .bss                usart.o
    0x2000026e   0x00000100   Zero   RW         1932    .bss                lv_draw_label.o
    0x2000036e   0x00000002   PAD
    0x20000370   0x0000016c   Zero   RW         3515    .bss                lv_gc.o
    0x200004dc   0x00005820   Zero   RW         3572    .bss                lv_mem.o
    0x20005cfc   0x00000028   Zero   RW         4028    .bss                lv_theme_material.o
    0x20005d24   0x00000024   Zero   RW         6158    .bss                lv_port_disp_1.o
    0x20005d48   0x00000060   Zero   RW         6650    .bss                c_w.l(libspace.o)
    0x20005da8   0x00000200   Zero   RW         1025    HEAP                startup_stm32f40_41xxx.o
    0x20005fa8   0x00000800   Zero   RW         1024    STACK               startup_stm32f40_41xxx.o



  Load Region LR$$.ARM.__AT_0x68000000 (Base: 0x68000000, Size: 0x00000000, Max: 0x0004b000, ABSOLUTE)

    Execution Region ER$$.ARM.__AT_0x68000000 (Base: 0x68000000, Size: 0x0004b000, Max: 0x0004b000, ABSOLUTE, UNINIT)

    Base Addr    Size         Type   Attr      Idx    E Section Name        Object

    0x68000000   0x0004b000   Zero   RW         6157    .ARM.__AT_0x68000000  lv_port_disp_1.o


==============================================================================

Image component sizes


      Code (inc. data)   RO Data    RW Data    ZI Data      Debug   Object Name

       378          0          0          0          0       2642   24cxx.o
       260          8          0          4          0       1417   delay.o
       740         16          0          0          0       1892   extend_sram.o
       260         12          0          1          0        856   key.o
       244         90          0          8          0       2083   label_test.o
        64          4          0          0          0        515   led.o
      1542         44          8         12          0      30587   lv_anim.o
         0          0          0          0          0      25766   lv_arc.o
      1976         22          0          0          0       6656   lv_area.o
        92          6          0          0          0       2522   lv_async.o
         0          0          0          0          0       7443   lv_bar.o
         0          0          0          0          0       1360   lv_bidi.o
         0          0          0          0          0       2405   lv_calendar.o
       996         12          2          0          0       9621   lv_color.o
       232          6         17          0          0       2489   lv_debug.o
      1432         30          0          0          0      67070   lv_disp.o
         0          0          0          0          0      14796   lv_draw_arc.o
      4252         10          0          0          0      50166   lv_draw_blend.o
      2996         50         10          0          0      47050   lv_draw_img.o
      3948         54        290          8        256      35117   lv_draw_label.o
      2962          4         33          0          0      27705   lv_draw_line.o
      5652         74          0          0          0      18678   lv_draw_mask.o
      9814          8          2          0          0      44363   lv_draw_rect.o
        80          0          0          0          0       8953   lv_font.o
         0          0          0          0          0       7444   lv_font_dejavu_16_persian_hebrew.o
      2028         78          0         12          0       9469   lv_font_fmt_txt.o
         0          0      13320         48          0       2176   lv_font_montserrat_14.o
      1584         30          0          0          0      13565   lv_fs.o
       220         72          0         28        364       2948   lv_gc.o
      1468         36          0          0          0      39340   lv_group.o
      1108         34          6          4          0      35831   lv_hal_disp.o
       304         24          0          0          0      20699   lv_hal_indev.o
        76         10          0          5          0       1552   lv_hal_tick.o
      4928         52          0          4          0      52183   lv_img.o
      4008         32          0          0          0      19999   lv_img_buf.o
       576         30          0          2          0       7207   lv_img_cache.o
      2668         50          0          0          0      20309   lv_img_decoder.o
      6924         56          0          8          0      22746   lv_indev.o
      6848        158          0          4          0      60770   lv_label.o
       836          0          0          0          0       5595   lv_ll.o
       532          6        182          0          0       3259   lv_math.o
      2408         94         81         30      22560       7955   lv_mem.o
     21266        240          2         12          0     129821   lv_obj.o
       124         18          0          0     307236      31696   lv_port_disp_1.o
       628         84          8         37          0       4182   lv_port_indev_1.o
      2352         10          0          0          0       7711   lv_printf.o
      3680         24          0          8          0      47672   lv_refr.o
      3342         16          0          0          0      27529   lv_style.o
      1044         58          0         16          0       5422   lv_task.o
      1104         52          0          4          0      41367   lv_theme.o
     21998        492         70          4         40      65261   lv_theme_material.o
      2152         52          0         32          0      12617   lv_txt.o
       212          0          0          0          0       1529   lv_utils.o
        92          4          0          0          0     291643   main.o
       224         20          0          0          0       1797   misc.o
      6636        102       6304          4         14      14634   my_lcd.o
       604         14          0          0          0       1888   myiic.o
        64         26        392          0       2560        828   startup_stm32f40_41xxx.o
      1480         18         28          0          0       5586   stm32f4xx_fsmc.o
       660         44          0          0          0       4073   stm32f4xx_gpio.o
        26          0          0          0          0       1214   stm32f4xx_it.o
      1628         52          0         16          0      12852   stm32f4xx_rcc.o
      3234         60          0          0          0      22280   stm32f4xx_tim.o
      1108         34          0          0          0       7776   stm32f4xx_usart.o
       528         46          0         20          0       1747   system_stm32f4xx.o
       120          4          0          0          0      30992   tim3.o
      4248        224        125         54          0       6565   touch.o
       328         16          0          6        200       3262   usart.o

    ----------------------------------------------------------------------
    153336       2922      20930        408     333232    1527143   Object Totals
         0          0         32          0          0          0   (incl. Generated)
        18          0         18         17          2          0   (incl. Padding)

    ----------------------------------------------------------------------

      Code (inc. data)   RO Data    RW Data    ZI Data      Debug   Library Member Name

        90          0          0          0          0          0   __dczerorl2.o
         8          0          0          0          0         68   __main.o
       104          0          0          0          0         84   __printf.o
         0          0          0          0          0          0   __rtentry.o
        12          0          0          0          0          0   __rtentry2.o
         6          0          0          0          0          0   __rtentry4.o
        52          8          0          0          0          0   __scatter.o
        28          0          0          0          0          0   __scatter_zi.o
        48          6          0          0          0         96   _printf_char_common.o
        36          4          0          0          0         80   _printf_char_file.o
        88          4         40          0          0         88   _printf_hex_int.o
       178          0          0          0          0         88   _printf_intcommon.o
         0          0          0          0          0          0   _printf_percent.o
         4          0          0          0          0          0   _printf_percent_end.o
         6          0          0          0          0          0   _printf_x.o
        22          0          0          0          0        100   _rserrno.o
        12          0          0          0          0         72   exit.o
         8          0          0          0          0         68   ferror.o
         6          0          0          0          0        152   heapauxi.o
         2          0          0          0          0          0   libinit.o
         6          0          0          0          0          0   libinit2.o
         2          0          0          0          0          0   libshutdown.o
         2          0          0          0          0          0   libshutdown2.o
         8          4          0          0         96         68   libspace.o
       238          0          0          0          0        100   lludivv7m.o
        88          0          0          0          0         76   memcmp.o
        24          4          0          0          0         84   noretval__2printf.o
         8          4          0          0          0         68   rt_errno_addr_intlibspace.o
       100          0          0          0          0         80   rt_memcpy_w.o
         2          0          0          0          0          0   rtexit.o
        10          0          0          0          0          0   rtexit2.o
       128          0          0          0          0         68   strcmpv7m.o
        72          0          0          0          0         80   strcpy.o
        62          0          0          0          0         76   strlen.o
        74          0          0          0          0         80   sys_stackheap_outer.o
         2          0          0          0          0         68   use_no_semi.o
         2          0          0          0          0         68   use_no_semi_2.o
        24          0          0          0          0        116   dcmpi.o
        90          4          0          0          0        140   dfixu.o
        38          0          0          0          0        116   dflt_clz.o
       120          4          0          0          0        140   dleqf.o
       340         12          0          0          0        152   dmul.o
       156          4          0          0          0        140   dnaninf.o
        12          0          0          0          0        116   dretinf.o
       108          0          0          0          0        128   drleqf.o
       408         56          0          0          0        168   dsqrt_umaal.o
        86          4          0          0          0        132   f2d.o
       140          4          0          0          0        132   fnaninf.o
        10          0          0          0          0        116   fpinit.o
         0          0          0          0          0          0   usenofp.o
       122          0          0          0          0        148   sqrt.o

    ----------------------------------------------------------------------
      3196        122         42          0         96       3556   Library Totals
         4          0          2          0          0          0   (incl. Padding)

    ----------------------------------------------------------------------

      Code (inc. data)   RO Data    RW Data    ZI Data      Debug   Library Name

      1538         34         40          0         96       1812   c_w.l
      1532         88          0          0          0       1596   fz_wm.l
       122          0          0          0          0        148   m_wm.l

    ----------------------------------------------------------------------
      3196        122         42          0         96       3556   Library Totals

    ----------------------------------------------------------------------

==============================================================================


      Code (inc. data)   RO Data    RW Data    ZI Data      Debug   

    156532       3044      20972        408     333328    1516463   Grand Totals
    156532       3044      20972        128     333328    1516463   ELF Image Totals (compressed)
    156532       3044      20972        128          0          0   ROM Totals

==============================================================================

    Total RO  Size (Code + RO Data)               177504 ( 173.34kB)
    Total RW  Size (RW Data + ZI Data)            333736 ( 325.91kB)
    Total ROM Size (Code + RO Data + RW Data)     177632 ( 173.47kB)

==============================================================================

